Archive member included to satisfy reference by file (symbol)

.pio/build/bluepill_f103c8_128k/lib36a/libSPI.a(SPI.cpp.o)
                              .pio/build/bluepill_f103c8_128k/src/main.cpp.o (SPIClass::begin())
.pio/build/bluepill_f103c8_128k/lib36a/libSPI.a(spi_com.c.o)
                              .pio/build/bluepill_f103c8_128k/lib36a/libSPI.a(SPI.cpp.o) (spi_getClkFreq)
.pio/build/bluepill_f103c8_128k/lib058/libArduino-ADS131M04-master.a(ADS131M04.cpp.o)
                              .pio/build/bluepill_f103c8_128k/src/main.cpp.o (ADS131M04::ADS131M04())
.pio/build/bluepill_f103c8_128k/lib2dc/libWire.a(Wire.cpp.o)
                              .pio/build/bluepill_f103c8_128k/src/main.cpp.o (TwoWire::setClock(unsigned long))
.pio/build/bluepill_f103c8_128k/lib2dc/libWire.a(twi.c.o)
                              .pio/build/bluepill_f103c8_128k/lib2dc/libWire.a(Wire.cpp.o) (i2c_init)
.pio/build/bluepill_f103c8_128k/libcd5/libAdafruit_BME680.a(Adafruit_BME680.cpp.o)
                              .pio/build/bluepill_f103c8_128k/src/main.cpp.o (Adafruit_BME680::Adafruit_BME680(TwoWire*))
.pio/build/bluepill_f103c8_128k/libcd5/libAdafruit_BME680.a(bme68x.c.o)
                              .pio/build/bluepill_f103c8_128k/libcd5/libAdafruit_BME680.a(Adafruit_BME680.cpp.o) (bme68x_init)
.pio/build/bluepill_f103c8_128k/libeeb/libSparkFun_ICM-20948.a(ICM_20948.cpp.o)
                              .pio/build/bluepill_f103c8_128k/src/main.cpp.o (ICM_20948::getAGMT())
.pio/build/bluepill_f103c8_128k/libeeb/libSparkFun_ICM-20948.a(ICM_20948_C.c.o)
                              .pio/build/bluepill_f103c8_128k/libeeb/libSparkFun_ICM-20948.a(ICM_20948.cpp.o) (ICM_20948_init_struct)
.pio/build/bluepill_f103c8_128k/libc1e/libSdFat.a(ExFatFile.cpp.o)
                              .pio/build/bluepill_f103c8_128k/src/main.cpp.o (ExFatFile::read(void*, unsigned int))
.pio/build/bluepill_f103c8_128k/libc1e/libSdFat.a(ExFatFileWrite.cpp.o)
                              .pio/build/bluepill_f103c8_128k/src/main.cpp.o (ExFatFile::remove())
.pio/build/bluepill_f103c8_128k/libc1e/libSdFat.a(ExFatPartition.cpp.o)
                              .pio/build/bluepill_f103c8_128k/libc1e/libSdFat.a(ExFatFileWrite.cpp.o) (ExFatPartition::bitmapFind(unsigned long, unsigned long))
.pio/build/bluepill_f103c8_128k/libc1e/libSdFat.a(ExFatVolume.cpp.o)
                              .pio/build/bluepill_f103c8_128k/libc1e/libSdFat.a(ExFatFile.cpp.o) (ExFatVolume::m_cwv)
.pio/build/bluepill_f103c8_128k/libc1e/libSdFat.a(upcase.cpp.o)
                              .pio/build/bluepill_f103c8_128k/libc1e/libSdFat.a(ExFatFile.cpp.o) (exFatCmpName(DirName_t const*, char const*, unsigned int, unsigned int))
.pio/build/bluepill_f103c8_128k/libc1e/libSdFat.a(FatFile.cpp.o)
                              .pio/build/bluepill_f103c8_128k/src/main.cpp.o (FatFile::read(void*, unsigned int))
.pio/build/bluepill_f103c8_128k/libc1e/libSdFat.a(FatFileLFN.cpp.o)
                              .pio/build/bluepill_f103c8_128k/libc1e/libSdFat.a(FatFile.cpp.o) (FatFile::lfnChecksum(unsigned char*))
.pio/build/bluepill_f103c8_128k/libc1e/libSdFat.a(FatFileSFN.cpp.o)
                              .pio/build/bluepill_f103c8_128k/libc1e/libSdFat.a(FatFileLFN.cpp.o) (FatFile::getSFN(char*))
.pio/build/bluepill_f103c8_128k/libc1e/libSdFat.a(FatPartition.cpp.o)
                              .pio/build/bluepill_f103c8_128k/libc1e/libSdFat.a(FatFile.cpp.o) (FatPartition::fatGet(unsigned long, unsigned long*))
.pio/build/bluepill_f103c8_128k/libc1e/libSdFat.a(FatVolume.cpp.o)
                              .pio/build/bluepill_f103c8_128k/libc1e/libSdFat.a(FatFile.cpp.o) (FatVolume::m_cwv)
.pio/build/bluepill_f103c8_128k/libc1e/libSdFat.a(FsFile.cpp.o)
                              .pio/build/bluepill_f103c8_128k/src/main.cpp.o (FsBaseFile::close())
.pio/build/bluepill_f103c8_128k/libc1e/libSdFat.a(FsNew.cpp.o)
                              .pio/build/bluepill_f103c8_128k/libc1e/libSdFat.a(FsFile.cpp.o) (operator new(unsigned int, unsigned long*))
.pio/build/bluepill_f103c8_128k/libc1e/libSdFat.a(FsVolume.cpp.o)
                              .pio/build/bluepill_f103c8_128k/src/main.cpp.o (FsVolume::begin(SdSpiCard*))
.pio/build/bluepill_f103c8_128k/libc1e/libSdFat.a(SdSpiCard.cpp.o)
                              .pio/build/bluepill_f103c8_128k/libc1e/libSdFat.a(ExFatFile.cpp.o) (SdSpiCard::isBusy())
.pio/build/bluepill_f103c8_128k/libc1e/libSdFat.a(SdSpiChipSelect.cpp.o)
                              .pio/build/bluepill_f103c8_128k/libc1e/libSdFat.a(SdSpiCard.cpp.o) (sdCsInit(unsigned char))
.pio/build/bluepill_f103c8_128k/libc1e/libSdFat.a(FsCache.cpp.o)
                              .pio/build/bluepill_f103c8_128k/libc1e/libSdFat.a(ExFatFile.cpp.o) (FsCache::sync())
.pio/build/bluepill_f103c8_128k/libc1e/libSdFat.a(FsDateTime.cpp.o)
                              .pio/build/bluepill_f103c8_128k/libc1e/libSdFat.a(ExFatFile.cpp.o) (FsDateTime::callback)
[...]
Memory Configuration

Name             Origin             Length             Attributes
*default*        0x00000000         0xffffffff
RAM              0x20000000         0x00005000         xrw
FLASH            0x08000000         0x00020000         xr

Linker script and memory map

                0x20005000                        _estack = (ORIGIN (RAM) + LENGTH (RAM))
                0x00000200                        _Min_Heap_Size = 0x200
                0x00000400                        _Min_Stack_Size = 0x400

.isr_vector     0x08000000      0x10c
                0x08000000                        . = ALIGN (0x4)
 *(.isr_vector)
 .isr_vector    0x08000000      0x10c .pio/build/bluepill_f103c8_128k/FrameworkArduinoVariant/startup_M200_f103xb.S.o
                0x08000000                g_pfnVectors
                0x0800010c                        . = ALIGN (0x4)

.text           0x08000110    0x144a8
                0x08000110                        . = ALIGN (0x4)
 *(.text)
 .text          0x08000110      0x378 /Users/jleeman/.platformio/packages/toolchain-gccarmnoneeabi/bin/../lib/gcc/arm-none-eabi/12.3.1/thumb/v7-m/nofp/libgcc.a(_arm_addsubdf3.o)
                0x08000110                __aeabi_drsub
                0x08000118                __subdf3
                0x08000118                __aeabi_dsub
                0x0800011c                __aeabi_dadd
                0x0800011c                __adddf3
                0x08000394                __aeabi_ui2d
                0x08000394                __floatunsidf
                0x080003b4                __floatsidf
                0x080003b4                __aeabi_i2d
                0x080003d8                __extendsfdf2
                0x080003d8                __aeabi_f2d
                0x0800041c                __aeabi_ul2d
                0x0800041c                __floatundidf
                0x0800042c                __aeabi_l2d
                0x0800042c                __floatdidf
 .text          0x08000488      0x424 /Users/jleeman/.platformio/packages/toolchain-gccarmnoneeabi/bin/../lib/gcc/arm-none-eabi/12.3.1/thumb/v7-m/nofp/libgcc.a(_arm_muldivdf3.o)
                0x08000488                __aeabi_dmul
                0x08000488                __muldf3
                0x080006dc                __aeabi_ddiv
                0x080006dc                __divdf3
 .text          0x080008ac       0x50 /Users/jleeman/.platformio/packages/toolchain-gccarmnoneeabi/bin/../lib/gcc/arm-none-eabi/12.3.1/thumb/v7-m/nofp/libgcc.a(_arm_fixdfsi.o)
                0x080008ac                __fixdfsi
                0x080008ac                __aeabi_d2iz
 .text          0x080008fc       0x40 /Users/jleeman/.platformio/packages/toolchain-gccarmnoneeabi/bin/../lib/gcc/arm-none-eabi/12.3.1/thumb/v7-m/nofp/libgcc.a(_arm_fixunsdfsi.o)
                0x080008fc                __fixunsdfsi
                0x080008fc                __aeabi_d2uiz
 .text          0x0800093c       0xa0 /Users/jleeman/.platformio/packages/toolchain-gccarmnoneeabi/bin/../lib/gcc/arm-none-eabi/12.3.1/thumb/v7-m/nofp/libgcc.a(_arm_truncdfsf2.o)
                0x0800093c                __aeabi_d2f
                0x0800093c                __truncdfsf2
 .text          0x080009dc      0x21c /Users/jleeman/.platformio/packages/toolchain-gccarmnoneeabi/bin/../lib/gcc/arm-none-eabi/12.3.1/thumb/v7-m/nofp/libgcc.a(_arm_addsubsf3.o)
                0x080009dc                __aeabi_frsub
                0x080009e4                __aeabi_fsub
                0x080009e4                __subsf3
                0x080009e8                __aeabi_fadd
                0x080009e8                __addsf3
                0x08000b48                __aeabi_ui2f
                0x08000b48                __floatunsisf
                0x08000b50                __floatsisf
                0x08000b50                __aeabi_i2f
                0x08000b6c                __aeabi_ul2f
                0x08000b6c                __floatundisf
                0x08000b7c                __aeabi_l2f
                0x08000b7c                __floatdisf
 .text          0x08000bf8      0x2a0 /Users/jleeman/.platformio/packages/toolchain-gccarmnoneeabi/bin/../lib/gcc/arm-none-eabi/12.3.1/thumb/v7-m/nofp/libgcc.a(_arm_muldivsf3.o)
                0x08000bf8                __mulsf3
                0x08000bf8                __aeabi_fmul
                0x08000d60                __divsf3
                0x08000d60                __aeabi_fdiv
 .text          0x08000e98       0xec /Users/jleeman/.platformio/packages/toolchain-gccarmnoneeabi/bin/../lib/gcc/arm-none-eabi/12.3.1/thumb/v7-m/nofp/libgcc.a(_arm_cmpsf2.o)
                0x08000e98                __gesf2
                0x08000e98                __gtsf2
                0x08000ea0                __ltsf2
                0x08000ea0                __lesf2
                0x08000ea8                __nesf2
                0x08000ea8                __eqsf2
                0x08000ea8                __cmpsf2
                0x08000f08                __aeabi_cfrcmple
                0x08000f10                __aeabi_cfcmpeq
                0x08000f10                __aeabi_cfcmple
                0x08000f20                __aeabi_fcmpeq
                0x08000f34                __aeabi_fcmplt
                0x08000f48                __aeabi_fcmple
                0x08000f5c                __aeabi_fcmpge
                0x08000f70                __aeabi_fcmpgt
 .text          0x08000f84       0x2c /Users/jleeman/.platformio/packages/toolchain-gccarmnoneeabi/bin/../lib/gcc/arm-none-eabi/12.3.1/thumb/v7-m/nofp/libgcc.a(_arm_unordsf2.o)
                0x08000f84                __aeabi_fcmpun
                0x08000f84                __unordsf2
 .text          0x08000fb0       0x4c /Users/jleeman/.platformio/packages/toolchain-gccarmnoneeabi/bin/../lib/gcc/arm-none-eabi/12.3.1/thumb/v7-m/nofp/libgcc.a(_arm_fixsfsi.o)
                0x08000fb0                __fixsfsi
                0x08000fb0                __aeabi_f2iz
 .text          0x08000ffc       0x40 /Users/jleeman/.platformio/packages/toolchain-gccarmnoneeabi/bin/../lib/gcc/arm-none-eabi/12.3.1/thumb/v7-m/nofp/libgcc.a(_arm_fixunssfsi.o)
                0x08000ffc                __aeabi_f2uiz
                0x08000ffc                __fixunssfsi
 .text          0x0800103c       0x10 /Users/jleeman/.platformio/packages/toolchain-gccarmnoneeabi/bin/../lib/gcc/arm-none-eabi/12.3.1/../../../../arm-none-eabi/lib/thumb/v7-m/nofp/libc_nano.a(libc_a-strlen.o)
                0x0800103c                strlen
 .text          0x0800104c       0x14 /Users/jleeman/.platformio/packages/toolchain-gccarmnoneeabi/bin/../lib/gcc/arm-none-eabi/12.3.1/../../../../arm-none-eabi/lib/thumb/v7-m/nofp/libc_nano.a(libc_a-strcmp.o)
                0x0800104c                strcmp
 *(.text*)
 .text.__do_global_dtors_aux
                0x08001060       0x24 /Users/jleeman/.platformio/packages/toolchain-gccarmnoneeabi/bin/../lib/gcc/arm-none-eabi/12.3.1/thumb/v7-m/nofp/crtbegin.o
 .text.frame_dummy
                0x08001084       0x1c /Users/jleeman/.platformio/packages/toolchain-gccarmnoneeabi/bin/../lib/gcc/arm-none-eabi/12.3.1/thumb/v7-m/nofp/crtbegin.o
 .text.Reset_Handler
                0x080010a0       0x60 .pio/build/bluepill_f103c8_128k/FrameworkArduinoVariant/startup_M200_f103xb.S.o
                0x080010a0                Reset_Handler
 .text.Default_Handler
                0x08001100        0x4 .pio/build/bluepill_f103c8_128k/FrameworkArduinoVariant/startup_M200_f103xb.S.o
                0x08001100                USBWakeUp_IRQHandler
                0x08001100                DebugMon_Handler
                0x08001100                HardFault_Handler
                0x08001100                PVD_IRQHandler
                0x08001100                PendSV_Handler
                0x08001100                NMI_Handler
                0x08001100                UsageFault_Handler
                0x08001100                ADC1_2_IRQHandler
                0x08001100                SPI1_IRQHandler
                0x08001100                TAMPER_IRQHandler
                0x08001100                DMA1_Channel4_IRQHandler
                0x08001100                RTC_IRQHandler
                0x08001100                DMA1_Channel7_IRQHandler
                0x08001100                CAN1_RX1_IRQHandler
                0x08001100                DMA1_Channel6_IRQHandler
                0x08001100                RCC_IRQHandler
                0x08001100                TIM1_TRG_COM_IRQHandler
                0x08001100                DMA1_Channel1_IRQHandler
                0x08001100                Default_Handler
                0x08001100                SPI2_IRQHandler
                0x08001100                MemManage_Handler
                0x08001100                SVC_Handler
                0x08001100                DMA1_Channel5_IRQHandler
                0x08001100                USB_LP_CAN1_RX0_IRQHandler
                0x08001100                USB_HP_CAN1_TX_IRQHandler
                0x08001100                DMA1_Channel3_IRQHandler
                0x08001100                WWDG_IRQHandler
                0x08001100                TIM1_BRK_IRQHandler
                0x08001100                DMA1_Channel2_IRQHandler
                0x08001100                CAN1_SCE_IRQHandler
                0x08001100                FLASH_IRQHandler
                0x08001100                BusFault_Handler
                0x08001100                RTC_Alarm_IRQHandler
 .text.SystemClock_Config
                0x08001104       0x7c .pio/build/bluepill_f103c8_128k/FrameworkArduinoVariant/variant_PILL_F103Cx.cpp.o
                0x08001104                SystemClock_Config
 .text.HAL_MspInit
                0x08001180        0x2 .pio/build/bluepill_f103c8_128k/SrcWrapper/src/HAL/stm32yyxx_hal.c.o
                0x08001180                HAL_MspInit
 *fill*         0x08001182        0x2 
 .text.HAL_InitTick
                0x08001184       0x48 .pio/build/bluepill_f103c8_128k/SrcWrapper/src/HAL/stm32yyxx_hal.c.o
                0x08001184                HAL_InitTick
 .text.HAL_Init
                0x080011cc       0x24 .pio/build/bluepill_f103c8_128k/SrcWrapper/src/HAL/stm32yyxx_hal.c.o
                0x080011cc                HAL_Init
 .text.HAL_IncTick
                0x080011f0       0x18 .pio/build/bluepill_f103c8_128k/SrcWrapper/src/HAL/stm32yyxx_hal.c.o
                0x080011f0                HAL_IncTick
 .text.HAL_GetTick
                0x08001208        0xc .pio/build/bluepill_f103c8_128k/SrcWrapper/src/HAL/stm32yyxx_hal.c.o
                0x08001208                HAL_GetTick
 .text.HAL_NVIC_SetPriorityGrouping
                0x08001214       0x24 .pio/build/bluepill_f103c8_128k/SrcWrapper/src/HAL/stm32yyxx_hal_cortex.c.o
                0x08001214                HAL_NVIC_SetPriorityGrouping
 .text.HAL_NVIC_SetPriority
                0x08001238       0x60 .pio/build/bluepill_f103c8_128k/SrcWrapper/src/HAL/stm32yyxx_hal_cortex.c.o
                0x08001238                HAL_NVIC_SetPriority
 .text.HAL_NVIC_EnableIRQ
                0x08001298       0x1c .pio/build/bluepill_f103c8_128k/SrcWrapper/src/HAL/stm32yyxx_hal_cortex.c.o
                0x08001298                HAL_NVIC_EnableIRQ
 .text.HAL_NVIC_DisableIRQ
                0x080012b4       0x24 .pio/build/bluepill_f103c8_128k/SrcWrapper/src/HAL/stm32yyxx_hal_cortex.c.o
                0x080012b4                HAL_NVIC_DisableIRQ
 .text.HAL_SYSTICK_Config
                0x080012d8       0x28 .pio/build/bluepill_f103c8_128k/SrcWrapper/src/HAL/stm32yyxx_hal_cortex.c.o
                0x080012d8                HAL_SYSTICK_Config
 .text.HAL_NVIC_ClearPendingIRQ
                0x08001300       0x1c .pio/build/bluepill_f103c8_128k/SrcWrapper/src/HAL/stm32yyxx_hal_cortex.c.o
                0x08001300                HAL_NVIC_ClearPendingIRQ
 .text.HAL_SYSTICK_Callback
                0x0800131c        0x2 .pio/build/bluepill_f103c8_128k/SrcWrapper/src/HAL/stm32yyxx_hal_cortex.c.o
                0x0800131c                HAL_SYSTICK_Callback
 .text.HAL_SYSTICK_IRQHandler
                0x0800131e        0x8 .pio/build/bluepill_f103c8_128k/SrcWrapper/src/HAL/stm32yyxx_hal_cortex.c.o
                0x0800131e                HAL_SYSTICK_IRQHandler
 .text.HAL_CRC_MspInit
                0x08001326        0x2 .pio/build/bluepill_f103c8_128k/SrcWrapper/src/HAL/stm32yyxx_hal_crc.c.o
                0x08001326                HAL_CRC_MspInit
 .text.HAL_CRC_Init
                0x08001328       0x20 .pio/build/bluepill_f103c8_128k/SrcWrapper/src/HAL/stm32yyxx_hal_crc.c.o
                0x08001328                HAL_CRC_Init
 .text.HAL_DMA_Abort
                0x08001348       0x3e .pio/build/bluepill_f103c8_128k/SrcWrapper/src/HAL/stm32yyxx_hal_dma.c.o
                0x08001348                HAL_DMA_Abort
 *fill*         0x08001386        0x2 
 .text.HAL_DMA_Abort_IT
                0x08001388       0x8c .pio/build/bluepill_f103c8_128k/SrcWrapper/src/HAL/stm32yyxx_hal_dma.c.o
                0x08001388                HAL_DMA_Abort_IT
 .text.HAL_DMA_GetState
                0x08001414        0x6 .pio/build/bluepill_f103c8_128k/SrcWrapper/src/HAL/stm32yyxx_hal_dma.c.o
                0x08001414                HAL_DMA_GetState
 *fill*         0x0800141a        0x2 
 .text.HAL_GPIO_Init
                0x0800141c      0x1b0 .pio/build/bluepill_f103c8_128k/SrcWrapper/src/HAL/stm32yyxx_hal_gpio.c.o
                0x0800141c                HAL_GPIO_Init
 .text.HAL_GPIO_EXTI_IRQHandler
                0x080015cc       0x18 .pio/build/bluepill_f103c8_128k/SrcWrapper/src/HAL/stm32yyxx_hal_gpio.c.o
                0x080015cc                HAL_GPIO_EXTI_IRQHandler
 .text.I2C_WaitOnFlagUntilTimeout
                0x080015e4       0x80 .pio/build/bluepill_f103c8_128k/SrcWrapper/src/HAL/stm32yyxx_hal_i2c.c.o
 .text.HAL_I2C_MspInit
                0x08001664        0x2 .pio/build/bluepill_f103c8_128k/SrcWrapper/src/HAL/stm32yyxx_hal_i2c.c.o
                0x08001664                HAL_I2C_MspInit
 *fill*         0x08001666        0x2 
 .text.HAL_I2C_Init
                0x08001668      0x14c .pio/build/bluepill_f103c8_128k/SrcWrapper/src/HAL/stm32yyxx_hal_i2c.c.o
                0x08001668                HAL_I2C_Init
 .text.HAL_I2C_MspDeInit
                0x080017b4        0x2 .pio/build/bluepill_f103c8_128k/SrcWrapper/src/HAL/stm32yyxx_hal_i2c.c.o
                0x080017b4                HAL_I2C_MspDeInit
 .text.HAL_I2C_DeInit
                0x080017b6       0x32 .pio/build/bluepill_f103c8_128k/SrcWrapper/src/HAL/stm32yyxx_hal_i2c.c.o
                0x080017b6                HAL_I2C_DeInit
 .text.HAL_I2C_IsDeviceReady
                0x080017e8      0x160 .pio/build/bluepill_f103c8_128k/SrcWrapper/src/HAL/stm32yyxx_hal_i2c.c.o
                0x080017e8                HAL_I2C_IsDeviceReady
 .text.HAL_I2C_Master_Seq_Transmit_IT
                0x08001948       0xd0 .pio/build/bluepill_f103c8_128k/SrcWrapper/src/HAL/stm32yyxx_hal_i2c.c.o
                0x08001948                HAL_I2C_Master_Seq_Transmit_IT
 .text.HAL_I2C_Master_Seq_Receive_IT
                0x08001a18      0x10c .pio/build/bluepill_f103c8_128k/SrcWrapper/src/HAL/stm32yyxx_hal_i2c.c.o
                0x08001a18                HAL_I2C_Master_Seq_Receive_IT
 .text.HAL_I2C_Slave_Seq_Transmit_IT
                0x08001b24       0x76 .pio/build/bluepill_f103c8_128k/SrcWrapper/src/HAL/stm32yyxx_hal_i2c.c.o
                0x08001b24                HAL_I2C_Slave_Seq_Transmit_IT
 .text.HAL_I2C_Slave_Seq_Receive_IT
                0x08001b9a       0x76 .pio/build/bluepill_f103c8_128k/SrcWrapper/src/HAL/stm32yyxx_hal_i2c.c.o
                0x08001b9a                HAL_I2C_Slave_Seq_Receive_IT
 .text.HAL_I2C_EnableListen_IT
                0x08001c10       0x36 .pio/build/bluepill_f103c8_128k/SrcWrapper/src/HAL/stm32yyxx_hal_i2c.c.o
                0x08001c10                HAL_I2C_EnableListen_IT
 .text.HAL_I2C_MasterTxCpltCallback
                0x08001c46        0x2 .pio/build/bluepill_f103c8_128k/SrcWrapper/src/HAL/stm32yyxx_hal_i2c.c.o
                0x08001c46                HAL_I2C_MasterTxCpltCallback
 .text.HAL_I2C_MasterRxCpltCallback
                0x08001c48        0x2 .pio/build/bluepill_f103c8_128k/SrcWrapper/src/HAL/stm32yyxx_hal_i2c.c.o
                0x08001c48                HAL_I2C_MasterRxCpltCallback
 .text.HAL_I2C_MemTxCpltCallback
                0x08001c4a        0x2 .pio/build/bluepill_f103c8_128k/SrcWrapper/src/HAL/stm32yyxx_hal_i2c.c.o
                0x08001c4a                HAL_I2C_MemTxCpltCallback
 .text.I2C_MemoryTransmit_TXE_BTF
                0x08001c4c       0xb6 .pio/build/bluepill_f103c8_128k/SrcWrapper/src/HAL/stm32yyxx_hal_i2c.c.o
 .text.HAL_I2C_MemRxCpltCallback
                0x08001d02        0x2 .pio/build/bluepill_f103c8_128k/SrcWrapper/src/HAL/stm32yyxx_hal_i2c.c.o
                0x08001d02                HAL_I2C_MemRxCpltCallback
 .text.HAL_I2C_AbortCpltCallback
                0x08001d04        0x2 .pio/build/bluepill_f103c8_128k/SrcWrapper/src/HAL/stm32yyxx_hal_i2c.c.o
                0x08001d04                HAL_I2C_AbortCpltCallback
 *fill*         0x08001d06        0x2 
 .text.I2C_DMAAbort
                0x08001d08       0xe4 .pio/build/bluepill_f103c8_128k/SrcWrapper/src/HAL/stm32yyxx_hal_i2c.c.o
 .text.I2C_ITError
                0x08001dec      0x15c .pio/build/bluepill_f103c8_128k/SrcWrapper/src/HAL/stm32yyxx_hal_i2c.c.o
 .text.HAL_I2C_EV_IRQHandler
                0x08001f48      0x8d8 .pio/build/bluepill_f103c8_128k/SrcWrapper/src/HAL/stm32yyxx_hal_i2c.c.o
                0x08001f48                HAL_I2C_EV_IRQHandler
 .text.HAL_I2C_ER_IRQHandler
                0x08002820      0x160 .pio/build/bluepill_f103c8_128k/SrcWrapper/src/HAL/stm32yyxx_hal_i2c.c.o
                0x08002820                HAL_I2C_ER_IRQHandler
 .text.HAL_I2C_GetState
                0x08002980        0x6 .pio/build/bluepill_f103c8_128k/SrcWrapper/src/HAL/stm32yyxx_hal_i2c.c.o
                0x08002980                HAL_I2C_GetState
 .text.HAL_I2C_GetError
                0x08002986        0x4 .pio/build/bluepill_f103c8_128k/SrcWrapper/src/HAL/stm32yyxx_hal_i2c.c.o
                0x08002986                HAL_I2C_GetError
 *fill*         0x0800298a        0x2 
 .text.HAL_RCC_OscConfig
                0x0800298c      0x338 .pio/build/bluepill_f103c8_128k/SrcWrapper/src/HAL/stm32yyxx_hal_rcc.c.o
                0x0800298c                HAL_RCC_OscConfig
 .text.HAL_RCC_GetSysClockFreq
                0x08002cc4       0x4c .pio/build/bluepill_f103c8_128k/SrcWrapper/src/HAL/stm32yyxx_hal_rcc.c.o
                0x08002cc4                HAL_RCC_GetSysClockFreq
 .text.HAL_RCC_ClockConfig
                0x08002d10      0x138 .pio/build/bluepill_f103c8_128k/SrcWrapper/src/HAL/stm32yyxx_hal_rcc.c.o
                0x08002d10                HAL_RCC_ClockConfig
 .text.HAL_RCC_GetPCLK1Freq
                0x08002e48       0x20 .pio/build/bluepill_f103c8_128k/SrcWrapper/src/HAL/stm32yyxx_hal_rcc.c.o
                0x08002e48                HAL_RCC_GetPCLK1Freq
 .text.HAL_RCC_GetPCLK2Freq
                0x08002e68       0x20 .pio/build/bluepill_f103c8_128k/SrcWrapper/src/HAL/stm32yyxx_hal_rcc.c.o
                0x08002e68                HAL_RCC_GetPCLK2Freq
 .text.HAL_RCC_GetClockConfig
                0x08002e88       0x3c .pio/build/bluepill_f103c8_128k/SrcWrapper/src/HAL/stm32yyxx_hal_rcc.c.o
                0x08002e88                HAL_RCC_GetClockConfig
 .text.HAL_RCCEx_PeriphCLKConfig
                0x08002ec4       0xf4 .pio/build/bluepill_f103c8_128k/SrcWrapper/src/HAL/stm32yyxx_hal_rcc_ex.c.o
                0x08002ec4                HAL_RCCEx_PeriphCLKConfig
 .text.HAL_SPI_MspInit
                0x08002fb8        0x2 .pio/build/bluepill_f103c8_128k/SrcWrapper/src/HAL/stm32yyxx_hal_spi.c.o
                0x08002fb8                HAL_SPI_MspInit
 .text.HAL_SPI_Init
                0x08002fba       0xb0 .pio/build/bluepill_f103c8_128k/SrcWrapper/src/HAL/stm32yyxx_hal_spi.c.o
                0x08002fba                HAL_SPI_Init
 *fill*         0x0800306a        0x2 
 .text.TIM_OC1_SetConfig
                0x0800306c       0x50 .pio/build/bluepill_f103c8_128k/SrcWrapper/src/HAL/stm32yyxx_hal_tim.c.o
 .text.TIM_OC3_SetConfig
                0x080030bc       0x54 .pio/build/bluepill_f103c8_128k/SrcWrapper/src/HAL/stm32yyxx_hal_tim.c.o
 .text.TIM_OC4_SetConfig
                0x08003110       0x44 .pio/build/bluepill_f103c8_128k/SrcWrapper/src/HAL/stm32yyxx_hal_tim.c.o
 .text.HAL_TIM_Base_Start
                0x08003154       0x4c .pio/build/bluepill_f103c8_128k/SrcWrapper/src/HAL/stm32yyxx_hal_tim.c.o
                0x08003154                HAL_TIM_Base_Start
 .text.HAL_TIM_GenerateEvent
                0x080031a0       0x24 .pio/build/bluepill_f103c8_128k/SrcWrapper/src/HAL/stm32yyxx_hal_tim.c.o
                0x080031a0                HAL_TIM_GenerateEvent
 .text.HAL_TIM_PWM_PulseFinishedCallback
                0x080031c4        0x2 .pio/build/bluepill_f103c8_128k/SrcWrapper/src/HAL/stm32yyxx_hal_tim.c.o
                0x080031c4                HAL_TIM_PWM_PulseFinishedCallback
 .text.HAL_TIM_TriggerCallback
                0x080031c6        0x2 .pio/build/bluepill_f103c8_128k/SrcWrapper/src/HAL/stm32yyxx_hal_tim.c.o
                0x080031c6                HAL_TIM_TriggerCallback
 .text.HAL_TIM_IRQHandler
                0x080031c8      0x128 .pio/build/bluepill_f103c8_128k/SrcWrapper/src/HAL/stm32yyxx_hal_tim.c.o
                0x080031c8                HAL_TIM_IRQHandler
 .text.TIM_Base_SetConfig
                0x080032f0       0x64 .pio/build/bluepill_f103c8_128k/SrcWrapper/src/HAL/stm32yyxx_hal_tim.c.o
                0x080032f0                TIM_Base_SetConfig
 .text.HAL_TIM_Base_Init
                0x08003354       0x58 .pio/build/bluepill_f103c8_128k/SrcWrapper/src/HAL/stm32yyxx_hal_tim.c.o
                0x08003354                HAL_TIM_Base_Init
 .text.TIM_OC2_SetConfig
                0x080033ac       0x58 .pio/build/bluepill_f103c8_128k/SrcWrapper/src/HAL/stm32yyxx_hal_tim.c.o
                0x080033ac                TIM_OC2_SetConfig
 .text.HAL_TIM_OC_ConfigChannel
                0x08003404       0x4c .pio/build/bluepill_f103c8_128k/SrcWrapper/src/HAL/stm32yyxx_hal_tim.c.o
                0x08003404                HAL_TIM_OC_ConfigChannel
 .text.HAL_TIM_PWM_ConfigChannel
                0x08003450       0xb0 .pio/build/bluepill_f103c8_128k/SrcWrapper/src/HAL/stm32yyxx_hal_tim.c.o
                0x08003450                HAL_TIM_PWM_ConfigChannel
 .text.TIM_TI1_SetConfig
                0x08003500       0x54 .pio/build/bluepill_f103c8_128k/SrcWrapper/src/HAL/stm32yyxx_hal_tim.c.o
                0x08003500                TIM_TI1_SetConfig
 .text.HAL_TIM_IC_ConfigChannel
                0x08003554      0x124 .pio/build/bluepill_f103c8_128k/SrcWrapper/src/HAL/stm32yyxx_hal_tim.c.o
                0x08003554                HAL_TIM_IC_ConfigChannel
 .text.TIM_CCxChannelCmd
                0x08003678       0x1c .pio/build/bluepill_f103c8_128k/SrcWrapper/src/HAL/stm32yyxx_hal_tim.c.o
                0x08003678                TIM_CCxChannelCmd
 .text.HAL_TIM_OC_Start
                0x08003694       0x98 .pio/build/bluepill_f103c8_128k/SrcWrapper/src/HAL/stm32yyxx_hal_tim.c.o
                0x08003694                HAL_TIM_OC_Start
 .text.HAL_TIM_PWM_Start
                0x0800372c        0x4 .pio/build/bluepill_f103c8_128k/SrcWrapper/src/HAL/stm32yyxx_hal_tim.c.o
                0x0800372c                HAL_TIM_PWM_Start
 .text.HAL_TIM_IC_Start
                0x08003730       0xd0 .pio/build/bluepill_f103c8_128k/SrcWrapper/src/HAL/stm32yyxx_hal_tim.c.o
                0x08003730                HAL_TIM_IC_Start
 .text.TIM_CCxNChannelCmd
                0x08003800       0x1c .pio/build/bluepill_f103c8_128k/SrcWrapper/src/HAL/stm32yyxx_hal_tim_ex.c.o
 .text.HAL_TIMEx_OCN_Start
                0x0800381c       0x94 .pio/build/bluepill_f103c8_128k/SrcWrapper/src/HAL/stm32yyxx_hal_tim_ex.c.o
                0x0800381c                HAL_TIMEx_OCN_Start
 .text.HAL_TIMEx_PWMN_Start
                0x080038b0        0x4 .pio/build/bluepill_f103c8_128k/SrcWrapper/src/HAL/stm32yyxx_hal_tim_ex.c.o
                0x080038b0                HAL_TIMEx_PWMN_Start
 .text.HAL_TIMEx_CommutCallback
                0x080038b4        0x2 .pio/build/bluepill_f103c8_128k/SrcWrapper/src/HAL/stm32yyxx_hal_tim_ex.c.o
                0x080038b4                HAL_TIMEx_CommutCallback
 .text.HAL_TIMEx_BreakCallback
                0x080038b6        0x2 .pio/build/bluepill_f103c8_128k/SrcWrapper/src/HAL/stm32yyxx_hal_tim_ex.c.o
                0x080038b6                HAL_TIMEx_BreakCallback
 .text.UART_EndRxTransfer
                0x080038b8       0x5c .pio/build/bluepill_f103c8_128k/SrcWrapper/src/HAL/stm32yyxx_hal_uart.c.o
 .text.UART_SetConfig
                0x08003914       0x74 .pio/build/bluepill_f103c8_128k/SrcWrapper/src/HAL/stm32yyxx_hal_uart.c.o
 .text.HAL_UART_MspInit
                0x08003988        0x2 .pio/build/bluepill_f103c8_128k/SrcWrapper/src/HAL/stm32yyxx_hal_uart.c.o
                0x08003988                HAL_UART_MspInit
 .text.HAL_UART_Init
                0x0800398a       0x5e .pio/build/bluepill_f103c8_128k/SrcWrapper/src/HAL/stm32yyxx_hal_uart.c.o
                0x0800398a                HAL_UART_Init
 .text.HAL_HalfDuplex_Init
                0x080039e8       0x66 .pio/build/bluepill_f103c8_128k/SrcWrapper/src/HAL/stm32yyxx_hal_uart.c.o
                0x080039e8                HAL_HalfDuplex_Init
 .text.HAL_UART_Transmit_IT
                0x08003a4e       0x32 .pio/build/bluepill_f103c8_128k/SrcWrapper/src/HAL/stm32yyxx_hal_uart.c.o
                0x08003a4e                HAL_UART_Transmit_IT
 .text.UART_DMAAbortOnError
                0x08003a80       0x10 .pio/build/bluepill_f103c8_128k/SrcWrapper/src/HAL/stm32yyxx_hal_uart.c.o
 .text.HAL_UARTEx_RxEventCallback
                0x08003a90        0x2 .pio/build/bluepill_f103c8_128k/SrcWrapper/src/HAL/stm32yyxx_hal_uart.c.o
                0x08003a90                HAL_UARTEx_RxEventCallback
 .text.UART_Receive_IT.isra.0
                0x08003a92       0xb6 .pio/build/bluepill_f103c8_128k/SrcWrapper/src/HAL/stm32yyxx_hal_uart.c.o
 .text.HAL_UART_IRQHandler
                0x08003b48      0x2d8 .pio/build/bluepill_f103c8_128k/SrcWrapper/src/HAL/stm32yyxx_hal_uart.c.o
                0x08003b48                HAL_UART_IRQHandler
 .text.HAL_HalfDuplex_EnableTransmitter
                0x08003e20       0x30 .pio/build/bluepill_f103c8_128k/SrcWrapper/src/HAL/stm32yyxx_hal_uart.c.o
                0x08003e20                HAL_HalfDuplex_EnableTransmitter
 .text.HAL_HalfDuplex_EnableReceiver
                0x08003e50       0x30 .pio/build/bluepill_f103c8_128k/SrcWrapper/src/HAL/stm32yyxx_hal_uart.c.o
                0x08003e50                HAL_HalfDuplex_EnableReceiver
 .text.HAL_UART_GetState
                0x08003e80        0xc .pio/build/bluepill_f103c8_128k/SrcWrapper/src/HAL/stm32yyxx_hal_uart.c.o
                0x08003e80                HAL_UART_GetState
 .text.UART_Start_Receive_IT
                0x08003e8c       0x32 .pio/build/bluepill_f103c8_128k/SrcWrapper/src/HAL/stm32yyxx_hal_uart.c.o
                0x08003e8c                UART_Start_Receive_IT
 .text.HAL_UART_Receive_IT
                0x08003ebe       0x22 .pio/build/bluepill_f103c8_128k/SrcWrapper/src/HAL/stm32yyxx_hal_uart.c.o
                0x08003ebe                HAL_UART_Receive_IT
 .text._ZNSt8functionIFvvEEaSEDn.isra.0
                0x08003ee0       0x16 .pio/build/bluepill_f103c8_128k/SrcWrapper/src/HardwareTimer.cpp.o
 .text._ZNSt14_Function_baseD2Ev
                0x08003ef6       0x12 .pio/build/bluepill_f103c8_128k/SrcWrapper/src/HardwareTimer.cpp.o
                0x08003ef6                std::_Function_base::~_Function_base()
                0x08003ef6                std::_Function_base::~_Function_base()
 .text._ZN13HardwareTimer10getChannelEm
                0x08003f08        0xe .pio/build/bluepill_f103c8_128k/SrcWrapper/src/HardwareTimer.cpp.o
                0x08003f08                HardwareTimer::getChannel(unsigned long)
 *fill*         0x08003f16        0x2 
 .text._ZN13HardwareTimer12getLLChannelEm
                0x08003f18       0x44 .pio/build/bluepill_f103c8_128k/SrcWrapper/src/HardwareTimer.cpp.o
                0x08003f18                HardwareTimer::getLLChannel(unsigned long)
 .text._ZN13HardwareTimer5getITEm
                0x08003f5c       0x14 .pio/build/bluepill_f103c8_128k/SrcWrapper/src/HardwareTimer.cpp.o
                0x08003f5c                HardwareTimer::getIT(unsigned long)
 .text._ZN13HardwareTimer20getAssociatedChannelEm
                0x08003f70       0x14 .pio/build/bluepill_f103c8_128k/SrcWrapper/src/HardwareTimer.cpp.o
                0x08003f70                HardwareTimer::getAssociatedChannel(unsigned long)
 .text._ZN13HardwareTimer13resumeChannelEm
                0x08003f84       0xf6 .pio/build/bluepill_f103c8_128k/SrcWrapper/src/HardwareTimer.cpp.o
                0x08003f84                HardwareTimer::resumeChannel(unsigned long)
 .text._ZN13HardwareTimer6resumeEv
                0x0800407a       0x4c .pio/build/bluepill_f103c8_128k/SrcWrapper/src/HardwareTimer.cpp.o
                0x0800407a                HardwareTimer::resume()
 *fill*         0x080040c6        0x2 
 .text._ZN13HardwareTimer7setModeEm12TimerModes_t7PinName20ChannelInputFilter_t
                0x080040c8      0x240 .pio/build/bluepill_f103c8_128k/SrcWrapper/src/HardwareTimer.cpp.o
                0x080040c8                HardwareTimer::setMode(unsigned long, TimerModes_t, PinName, ChannelInputFilter_t)
 .text._ZN13HardwareTimer7getModeEm
                0x08004308       0x10 .pio/build/bluepill_f103c8_128k/SrcWrapper/src/HardwareTimer.cpp.o
                0x08004308                HardwareTimer::getMode(unsigned long)
 .text._ZN13HardwareTimer7refreshEv
                0x08004318        0x8 .pio/build/bluepill_f103c8_128k/SrcWrapper/src/HardwareTimer.cpp.o
                0x08004318                HardwareTimer::refresh()
 .text._ZN13HardwareTimer9isRunningEv
                0x08004320        0xa .pio/build/bluepill_f103c8_128k/SrcWrapper/src/HardwareTimer.cpp.o
                0x08004320                HardwareTimer::isRunning()
 .text._ZN13HardwareTimer27updateRegistersIfNotRunningEP11TIM_TypeDef
                0x0800432a       0x3a .pio/build/bluepill_f103c8_128k/SrcWrapper/src/HardwareTimer.cpp.o
                0x0800432a                HardwareTimer::updateRegistersIfNotRunning(TIM_TypeDef*)
 .text._Z15get_timer_indexP11TIM_TypeDef
                0x08004364       0x34 .pio/build/bluepill_f103c8_128k/SrcWrapper/src/HardwareTimer.cpp.o
                0x08004364                get_timer_index(TIM_TypeDef*)
 .text._ZN13HardwareTimerD2Ev
                0x08004398       0x40 .pio/build/bluepill_f103c8_128k/SrcWrapper/src/HardwareTimer.cpp.o
                0x08004398                HardwareTimer::~HardwareTimer()
                0x08004398                HardwareTimer::~HardwareTimer()
 .text._ZN13HardwareTimer5setupEP11TIM_TypeDef
                0x080043d8       0x84 .pio/build/bluepill_f103c8_128k/SrcWrapper/src/HardwareTimer.cpp.o
                0x080043d8                HardwareTimer::setup(TIM_TypeDef*)
 .text._ZN13HardwareTimer15getTimerClkFreqEv
                0x0800445c       0x58 .pio/build/bluepill_f103c8_128k/SrcWrapper/src/HardwareTimer.cpp.o
                0x0800445c                HardwareTimer::getTimerClkFreq()
 .text._ZN13HardwareTimer11setOverflowEm13TimerFormat_t
                0x080044b4       0x4c .pio/build/bluepill_f103c8_128k/SrcWrapper/src/HardwareTimer.cpp.o
                0x080044b4                HardwareTimer::setOverflow(unsigned long, TimerFormat_t)
 .text._ZN13HardwareTimer17setCaptureCompareEmm20TimerCompareFormat_t
                0x08004500       0x9c .pio/build/bluepill_f103c8_128k/SrcWrapper/src/HardwareTimer.cpp.o
                0x08004500                HardwareTimer::setCaptureCompare(unsigned long, unsigned long, TimerCompareFormat_t)
 .text.TIM1_UP_IRQHandler
                0x0800459c       0x14 .pio/build/bluepill_f103c8_128k/SrcWrapper/src/HardwareTimer.cpp.o
                0x0800459c                TIM1_UP_IRQHandler
 .text.TIM1_CC_IRQHandler
                0x080045b0        0x4 .pio/build/bluepill_f103c8_128k/SrcWrapper/src/HardwareTimer.cpp.o
                0x080045b0                TIM1_CC_IRQHandler
 .text.TIM2_IRQHandler
                0x080045b4       0x14 .pio/build/bluepill_f103c8_128k/SrcWrapper/src/HardwareTimer.cpp.o
                0x080045b4                TIM2_IRQHandler
 .text.TIM3_IRQHandler
                0x080045c8       0x14 .pio/build/bluepill_f103c8_128k/SrcWrapper/src/HardwareTimer.cpp.o
                0x080045c8                TIM3_IRQHandler
 .text.TIM4_IRQHandler
                0x080045dc       0x14 .pio/build/bluepill_f103c8_128k/SrcWrapper/src/HardwareTimer.cpp.o
                0x080045dc                TIM4_IRQHandler
 .text._ZNSt8functionIFvvEEC2Ev
                0x080045f0        0xc .pio/build/bluepill_f103c8_128k/SrcWrapper/src/HardwareTimer.cpp.o
                0x080045f0                std::function<void ()>::function()
                0x080045f0                std::function<void ()>::function()
 .text._ZN13HardwareTimerC2EP11TIM_TypeDef
                0x080045fc       0x2a .pio/build/bluepill_f103c8_128k/SrcWrapper/src/HardwareTimer.cpp.o
                0x080045fc                HardwareTimer::HardwareTimer(TIM_TypeDef*)
                0x080045fc                HardwareTimer::HardwareTimer(TIM_TypeDef*)
 .text._ZNSt8functionIFvvEEC2ERKS1_
                0x08004626       0x24 .pio/build/bluepill_f103c8_128k/SrcWrapper/src/HardwareTimer.cpp.o
                0x08004626                std::function<void ()>::function(std::function<void ()> const&)
                0x08004626                std::function<void ()>::function(std::function<void ()> const&)
 .text._ZNKSt8functionIFvvEEclEv
                0x0800464a       0x12 .pio/build/bluepill_f103c8_128k/SrcWrapper/src/HardwareTimer.cpp.o
                0x0800464a                std::function<void ()>::operator()() const
 .text._ZN13HardwareTimer14updateCallbackEP17TIM_HandleTypeDef
                0x0800465c       0x18 .pio/build/bluepill_f103c8_128k/SrcWrapper/src/HardwareTimer.cpp.o
                0x0800465c                HardwareTimer::updateCallback(TIM_HandleTypeDef*)
 .text.HAL_TIM_PeriodElapsedCallback
                0x08004674        0x4 .pio/build/bluepill_f103c8_128k/SrcWrapper/src/HardwareTimer.cpp.o
                0x08004674                HAL_TIM_PeriodElapsedCallback
 .text._ZN13HardwareTimer22captureCompareCallbackEP17TIM_HandleTypeDef
                0x08004678       0x3e .pio/build/bluepill_f103c8_128k/SrcWrapper/src/HardwareTimer.cpp.o
                0x08004678                HardwareTimer::captureCompareCallback(TIM_HandleTypeDef*)
 .text.HAL_TIM_OC_DelayElapsedCallback
                0x080046b6        0x4 .pio/build/bluepill_f103c8_128k/SrcWrapper/src/HardwareTimer.cpp.o
                0x080046b6                HAL_TIM_OC_DelayElapsedCallback
 .text.HAL_TIM_IC_CaptureCallback
                0x080046ba        0x4 .pio/build/bluepill_f103c8_128k/SrcWrapper/src/HardwareTimer.cpp.o
                0x080046ba                HAL_TIM_IC_CaptureCallback
 .text._Znwj    0x080046be        0x4 .pio/build/bluepill_f103c8_128k/SrcWrapper/src/new.cpp.o
                0x080046be                operator new(unsigned int)
 .text._Znaj    0x080046c2        0x4 .pio/build/bluepill_f103c8_128k/SrcWrapper/src/new.cpp.o
                0x080046c2                operator new[](unsigned int)
 .text._ZdaPv   0x080046c6        0x4 .pio/build/bluepill_f103c8_128k/SrcWrapper/src/new.cpp.o
                0x080046c6                operator delete[](void*)
 .text._ZdlPvj  0x080046ca        0x4 .pio/build/bluepill_f103c8_128k/SrcWrapper/src/new.cpp.o
                0x080046ca                operator delete(void*, unsigned int)
 *fill*         0x080046ce        0x2 
 .text.set_GPIO_Port_Clock
                0x080046d0       0xa8 .pio/build/bluepill_f103c8_128k/SrcWrapper/src/stm32/PortNames.c.o
                0x080046d0                set_GPIO_Port_Clock
 .text.pwm_start
                0x08004778       0xa4 .pio/build/bluepill_f103c8_128k/SrcWrapper/src/stm32/analog.cpp.o
                0x08004778                pwm_start
 .text.pwm_stop
                0x0800481c       0x5c .pio/build/bluepill_f103c8_128k/SrcWrapper/src/stm32/analog.cpp.o
                0x0800481c                pwm_stop
 .text.getCurrentMillis
                0x08004878        0x4 .pio/build/bluepill_f103c8_128k/SrcWrapper/src/stm32/clock.c.o
                0x08004878                getCurrentMillis
 .text.noOsSystickHandler
                0x0800487c        0x2 .pio/build/bluepill_f103c8_128k/SrcWrapper/src/stm32/clock.c.o
                0x0800487c                noOsSystickHandler
                0x0800487c                osSystickHandler
 .text.SysTick_Handler
                0x0800487e       0x10 .pio/build/bluepill_f103c8_128k/SrcWrapper/src/stm32/clock.c.o
                0x0800487e                SysTick_Handler
 .text.configHSECapacitorTuning
                0x0800488e        0x2 .pio/build/bluepill_f103c8_128k/SrcWrapper/src/stm32/clock.c.o
                0x0800488e                configHSECapacitorTuning
 .text.configIPClock
                0x08004890       0x44 .pio/build/bluepill_f103c8_128k/SrcWrapper/src/stm32/clock.c.o
                0x08004890                configIPClock
 .text.dwt_init
                0x080048d4       0x3c .pio/build/bluepill_f103c8_128k/SrcWrapper/src/stm32/dwt.c.o
                0x080048d4                dwt_init
 .text.hw_config_init
                0x08004910       0x24 .pio/build/bluepill_f103c8_128k/SrcWrapper/src/stm32/hw_config.c.o
                0x08004910                hw_config_init
 .text._ZNSt17_Function_handlerIFvvEPS0_E10_M_managerERSt9_Any_dataRKS3_St18_Manager_operation
                0x08004934       0x20 .pio/build/bluepill_f103c8_128k/SrcWrapper/src/stm32/interrupt.cpp.o
                0x08004934                std::_Function_handler<void (), void (*)()>::_M_manager(std::_Any_data&, std::_Any_data const&, std::_Manager_operation)
 .text._ZNSt17_Function_handlerIFvvEPS0_E9_M_invokeERKSt9_Any_data
                0x08004954        0x4 .pio/build/bluepill_f103c8_128k/SrcWrapper/src/stm32/interrupt.cpp.o
                0x08004954                std::_Function_handler<void (), void (*)()>::_M_invoke(std::_Any_data const&)
 .text.startup._ZNSt8functionIFvvEEC2EDn.constprop.0.isra.0
                0x08004958        0xc .pio/build/bluepill_f103c8_128k/SrcWrapper/src/stm32/interrupt.cpp.o
 .text._Z23stm32_interrupt_disableP12GPIO_TypeDeft
                0x08004964       0x78 .pio/build/bluepill_f103c8_128k/SrcWrapper/src/stm32/interrupt.cpp.o
                0x08004964                stm32_interrupt_disable(GPIO_TypeDef*, unsigned short)
 .text.HAL_GPIO_EXTI_Callback
                0x080049dc       0x2c .pio/build/bluepill_f103c8_128k/SrcWrapper/src/stm32/interrupt.cpp.o
                0x080049dc                HAL_GPIO_EXTI_Callback
 .text.EXTI0_IRQHandler
                0x08004a08        0x6 .pio/build/bluepill_f103c8_128k/SrcWrapper/src/stm32/interrupt.cpp.o
                0x08004a08                EXTI0_IRQHandler
 .text.EXTI1_IRQHandler
                0x08004a0e        0x6 .pio/build/bluepill_f103c8_128k/SrcWrapper/src/stm32/interrupt.cpp.o
                0x08004a0e                EXTI1_IRQHandler
 .text.EXTI2_IRQHandler
                0x08004a14        0x6 .pio/build/bluepill_f103c8_128k/SrcWrapper/src/stm32/interrupt.cpp.o
                0x08004a14                EXTI2_IRQHandler
 .text.EXTI3_IRQHandler
                0x08004a1a        0x6 .pio/build/bluepill_f103c8_128k/SrcWrapper/src/stm32/interrupt.cpp.o
                0x08004a1a                EXTI3_IRQHandler
 .text.EXTI4_IRQHandler
                0x08004a20        0x6 .pio/build/bluepill_f103c8_128k/SrcWrapper/src/stm32/interrupt.cpp.o
                0x08004a20                EXTI4_IRQHandler
 .text.EXTI9_5_IRQHandler
                0x08004a26       0x16 .pio/build/bluepill_f103c8_128k/SrcWrapper/src/stm32/interrupt.cpp.o
                0x08004a26                EXTI9_5_IRQHandler
 .text.EXTI15_10_IRQHandler
                0x08004a3c       0x18 .pio/build/bluepill_f103c8_128k/SrcWrapper/src/stm32/interrupt.cpp.o
                0x08004a3c                EXTI15_10_IRQHandler
 .text._Z22stm32_interrupt_enableP12GPIO_TypeDeftSt8functionIFvvEEm
                0x08004a54       0xf0 .pio/build/bluepill_f103c8_128k/SrcWrapper/src/stm32/interrupt.cpp.o
                0x08004a54                stm32_interrupt_enable(GPIO_TypeDef*, unsigned short, std::function<void ()>, unsigned long)
 .text.startup._GLOBAL__sub_I__Z22stm32_interrupt_enableP12GPIO_TypeDeftSt8functionIFvvEEm
                0x08004b44       0xd8 .pio/build/bluepill_f103c8_128k/SrcWrapper/src/stm32/interrupt.cpp.o
 .text.exit._GLOBAL__sub_D__Z22stm32_interrupt_enableP12GPIO_TypeDeftSt8functionIFvvEEm
                0x08004c1c       0x1c .pio/build/bluepill_f103c8_128k/SrcWrapper/src/stm32/interrupt.cpp.o
 .text.pin_SetF1AFPin
                0x08004c38      0x1f8 .pio/build/bluepill_f103c8_128k/SrcWrapper/src/stm32/pinmap.c.o
 .text.LL_GPIO_SetPinMode
                0x08004e30       0x2c .pio/build/bluepill_f103c8_128k/SrcWrapper/src/stm32/pinmap.c.o
 .text.LL_GPIO_SetPinOutputType
                0x08004e5c       0x2c .pio/build/bluepill_f103c8_128k/SrcWrapper/src/stm32/pinmap.c.o
 .text.pin_in_pinmap
                0x08004e88       0x1e .pio/build/bluepill_f103c8_128k/SrcWrapper/src/stm32/pinmap.c.o
                0x08004e88                pin_in_pinmap
 *fill*         0x08004ea6        0x2 
 .text.pin_function
                0x08004ea8      0x18c .pio/build/bluepill_f103c8_128k/SrcWrapper/src/stm32/pinmap.c.o
                0x08004ea8                pin_function
 .text.pinmap_pinout
                0x08005034       0x1a .pio/build/bluepill_f103c8_128k/SrcWrapper/src/stm32/pinmap.c.o
                0x08005034                pinmap_pinout
 .text.pinmap_find_peripheral
                0x0800504e       0x16 .pio/build/bluepill_f103c8_128k/SrcWrapper/src/stm32/pinmap.c.o
                0x0800504e                pinmap_find_peripheral
 .text.pinmap_peripheral
                0x08005064        0xc .pio/build/bluepill_f103c8_128k/SrcWrapper/src/stm32/pinmap.c.o
                0x08005064                pinmap_peripheral
 .text.pinmap_find_pin
                0x08005070       0x16 .pio/build/bluepill_f103c8_128k/SrcWrapper/src/stm32/pinmap.c.o
                0x08005070                pinmap_find_pin
 .text.pinmap_pin
                0x08005086        0xc .pio/build/bluepill_f103c8_128k/SrcWrapper/src/stm32/pinmap.c.o
                0x08005086                pinmap_pin
 .text.pinmap_find_function
                0x08005092       0x16 .pio/build/bluepill_f103c8_128k/SrcWrapper/src/stm32/pinmap.c.o
                0x08005092                pinmap_find_function
 .text.pinmap_function
                0x080050a8        0xa .pio/build/bluepill_f103c8_128k/SrcWrapper/src/stm32/pinmap.c.o
                0x080050a8                pinmap_function
 .text.pinmap_merge_peripheral
                0x080050b2       0x14 .pio/build/bluepill_f103c8_128k/SrcWrapper/src/stm32/pinmap.c.o
                0x080050b2                pinmap_merge_peripheral
 *fill*         0x080050c6        0x2 
 .text.SystemInit
                0x080050c8       0x4c .pio/build/bluepill_f103c8_128k/SrcWrapper/src/stm32/system_stm32yyxx.c.o
                0x080050c8                SystemInit
 .text.get_timer_obj
                0x08005114        0x4 .pio/build/bluepill_f103c8_128k/SrcWrapper/src/stm32/timer.c.o
                0x08005114                get_timer_obj
 .text.enableTimerClock
                0x08005118       0x88 .pio/build/bluepill_f103c8_128k/SrcWrapper/src/stm32/timer.c.o
                0x08005118                enableTimerClock
 .text.disableTimerClock
                0x080051a0       0x5c .pio/build/bluepill_f103c8_128k/SrcWrapper/src/stm32/timer.c.o
                0x080051a0                disableTimerClock
 .text.getTimerUpIrq
                0x080051fc       0x40 .pio/build/bluepill_f103c8_128k/SrcWrapper/src/stm32/timer.c.o
                0x080051fc                getTimerUpIrq
 .text.getTimerCCIrq
                0x0800523c       0x40 .pio/build/bluepill_f103c8_128k/SrcWrapper/src/stm32/timer.c.o
                0x0800523c                getTimerCCIrq
 .text.HAL_TIM_Base_MspInit
                0x0800527c       0x4e .pio/build/bluepill_f103c8_128k/SrcWrapper/src/stm32/timer.c.o
                0x0800527c                HAL_TIM_Base_MspInit
 *fill*         0x080052ca        0x2 
 .text.getTimerClkSrc
                0x080052cc       0x34 .pio/build/bluepill_f103c8_128k/SrcWrapper/src/stm32/timer.c.o
                0x080052cc                getTimerClkSrc
 .text.getTimerChannel
                0x08005300       0x20 .pio/build/bluepill_f103c8_128k/SrcWrapper/src/stm32/timer.c.o
                0x08005300                getTimerChannel
 .text.uart_init.part.0
                0x08005320      0x1c8 .pio/build/bluepill_f103c8_128k/SrcWrapper/src/stm32/uart.c.o
 .text.uart_init
                0x080054e8       0x12 .pio/build/bluepill_f103c8_128k/SrcWrapper/src/stm32/uart.c.o
                0x080054e8                uart_init
 *fill*         0x080054fa        0x2 
 .text.serial_rx_active
                0x080054fc       0x24 .pio/build/bluepill_f103c8_128k/SrcWrapper/src/stm32/uart.c.o
                0x080054fc                serial_rx_active
 .text.serial_tx_active
                0x08005520       0x24 .pio/build/bluepill_f103c8_128k/SrcWrapper/src/stm32/uart.c.o
                0x08005520                serial_tx_active
 .text.uart_getc
                0x08005544       0x38 .pio/build/bluepill_f103c8_128k/SrcWrapper/src/stm32/uart.c.o
                0x08005544                uart_getc
 .text.uart_attach_rx_callback
                0x0800557c       0x40 .pio/build/bluepill_f103c8_128k/SrcWrapper/src/stm32/uart.c.o
                0x0800557c                uart_attach_rx_callback
 .text.uart_attach_tx_callback
                0x080055bc       0x40 .pio/build/bluepill_f103c8_128k/SrcWrapper/src/stm32/uart.c.o
                0x080055bc                uart_attach_tx_callback
 .text.uart_enable_tx
                0x080055fc       0x1c .pio/build/bluepill_f103c8_128k/SrcWrapper/src/stm32/uart.c.o
                0x080055fc                uart_enable_tx
 .text.uart_enable_rx
                0x08005618       0x1c .pio/build/bluepill_f103c8_128k/SrcWrapper/src/stm32/uart.c.o
                0x08005618                uart_enable_rx
 .text.HAL_UART_RxCpltCallback
                0x08005634        0x6 .pio/build/bluepill_f103c8_128k/SrcWrapper/src/stm32/uart.c.o
                0x08005634                HAL_UART_RxCpltCallback
 .text.HAL_UART_TxCpltCallback
                0x0800563a        0x6 .pio/build/bluepill_f103c8_128k/SrcWrapper/src/stm32/uart.c.o
                0x0800563a                HAL_UART_TxCpltCallback
 .text.HAL_UART_ErrorCallback
                0x08005640       0x7c .pio/build/bluepill_f103c8_128k/SrcWrapper/src/stm32/uart.c.o
                0x08005640                HAL_UART_ErrorCallback
 .text.USART1_IRQHandler
                0x080056bc       0x18 .pio/build/bluepill_f103c8_128k/SrcWrapper/src/stm32/uart.c.o
                0x080056bc                USART1_IRQHandler
 .text.USART2_IRQHandler
                0x080056d4       0x1c .pio/build/bluepill_f103c8_128k/SrcWrapper/src/stm32/uart.c.o
                0x080056d4                USART2_IRQHandler
 .text.USART3_IRQHandler
                0x080056f0       0x1c .pio/build/bluepill_f103c8_128k/SrcWrapper/src/stm32/uart.c.o
                0x080056f0                USART3_IRQHandler
 .text._sbrk    0x0800570c       0x3c .pio/build/bluepill_f103c8_128k/SrcWrapper/src/syscalls.c.o
                0x0800570c                _sbrk
 .text._exit    0x08005748        0x2 .pio/build/bluepill_f103c8_128k/SrcWrapper/src/syscalls.c.o
                0x08005748                _exit
 *fill*         0x0800574a        0x2 
 .text._kill    0x0800574c       0x10 .pio/build/bluepill_f103c8_128k/SrcWrapper/src/syscalls.c.o
                0x0800574c                _kill
 .text._getpid  0x0800575c        0x4 .pio/build/bluepill_f103c8_128k/SrcWrapper/src/syscalls.c.o
                0x0800575c                _getpid
 .text._ZN5Print17availableForWriteEv
                0x08005760        0x4 .pio/build/bluepill_f103c8_128k/src/main.cpp.o
                0x08005760                Print::availableForWrite()
 .text._Z6ppsISRv
                0x08005764       0x14 .pio/build/bluepill_f103c8_128k/src/main.cpp.o
                0x08005764                ppsISR()
 .text._ZN10StreamFileI10FsBaseFileyE4peekEv
                0x08005778       0x18 .pio/build/bluepill_f103c8_128k/src/main.cpp.o
                0x08005778                StreamFile<FsBaseFile, unsigned long long>::peek()
 .text._ZN10FsBaseFile4syncEv.isra.0
                0x08005790       0x14 .pio/build/bluepill_f103c8_128k/src/main.cpp.o
 .text._ZN10StreamFileI10FsBaseFileyE5flushEv
                0x080057a4        0x6 .pio/build/bluepill_f103c8_128k/src/main.cpp.o
                0x080057a4                StreamFile<FsBaseFile, unsigned long long>::flush()
 .text._ZN8FsVolume6existsEPKc
                0x080057aa       0x32 .pio/build/bluepill_f103c8_128k/src/main.cpp.o
                0x080057aa                FsVolume::exists(char const*)
 .text._ZN8FsVolume6removeEPKc
                0x080057dc       0x4a .pio/build/bluepill_f103c8_128k/src/main.cpp.o
                0x080057dc                FsVolume::remove(char const*)
 .text._ZNK10FsBaseFile9availableEv
                0x08005826       0x4e .pio/build/bluepill_f103c8_128k/src/main.cpp.o
                0x08005826                FsBaseFile::available() const
 .text._ZN10StreamFileI10FsBaseFileyE9availableEv
                0x08005874        0xa .pio/build/bluepill_f103c8_128k/src/main.cpp.o
                0x08005874                StreamFile<FsBaseFile, unsigned long long>::available()
 .text._ZNK10FsBaseFile6isOpenEv
                0x0800587e       0x12 .pio/build/bluepill_f103c8_128k/src/main.cpp.o
                0x0800587e                FsBaseFile::isOpen() const
 .text._ZN10FsBaseFile4readEv
                0x08005890       0x36 .pio/build/bluepill_f103c8_128k/src/main.cpp.o
                0x08005890                FsBaseFile::read()
 .text._ZN10StreamFileI10FsBaseFileyE4readEv
                0x080058c6        0xa .pio/build/bluepill_f103c8_128k/src/main.cpp.o
                0x080058c6                StreamFile<FsBaseFile, unsigned long long>::read()
 .text._ZN10FsBaseFile5writeEPKvj
                0x080058d0       0x14 .pio/build/bluepill_f103c8_128k/src/main.cpp.o
                0x080058d0                FsBaseFile::write(void const*, unsigned int)
 .text._ZN10StreamFileI10FsBaseFileyE5writeEPKhj
                0x080058e4        0xa .pio/build/bluepill_f103c8_128k/src/main.cpp.o
                0x080058e4                StreamFile<FsBaseFile, unsigned long long>::write(unsigned char const*, unsigned int)
 .text._ZN10StreamFileI10FsBaseFileyE5writeEh
                0x080058ee       0x18 .pio/build/bluepill_f103c8_128k/src/main.cpp.o
                0x080058ee                StreamFile<FsBaseFile, unsigned long long>::write(unsigned char)
 .text._Z6setLEDhhh
                0x08005906       0x22 .pio/build/bluepill_f103c8_128k/src/main.cpp.o
                0x08005906                setLED(unsigned char, unsigned char, unsigned char)
 .text._Z9updateLEDv
                0x08005928       0x30 .pio/build/bluepill_f103c8_128k/src/main.cpp.o
                0x08005928                updateLED()
 .text._Z18startupLedSequencev
                0x08005958       0x6a .pio/build/bluepill_f103c8_128k/src/main.cpp.o
                0x08005958                startupLedSequence()
 *fill*         0x080059c2        0x2 
 .text._Z11isGPSLockedv
                0x080059c4       0x40 .pio/build/bluepill_f103c8_128k/src/main.cpp.o
                0x080059c4                isGPSLocked()
 .text._Z7initADCv
                0x08005a04       0xec .pio/build/bluepill_f103c8_128k/src/main.cpp.o
                0x08005a04                initADC()
 .text._Z7initBMEv
                0x08005af0       0x44 .pio/build/bluepill_f103c8_128k/src/main.cpp.o
                0x08005af0                initBME()
 .text._Z7initGPSv
                0x08005b34      0x144 .pio/build/bluepill_f103c8_128k/src/main.cpp.o
                0x08005b34                initGPS()
 .text._Z6initSDv
                0x08005c78       0x48 .pio/build/bluepill_f103c8_128k/src/main.cpp.o
                0x08005c78                initSD()
 .text._Z11testSDwritev
                0x08005cc0       0x9c .pio/build/bluepill_f103c8_128k/src/main.cpp.o
                0x08005cc0                testSDwrite()
 .text._ZN14CircularBufferI8LogEntryLj128EE4pushERKS0_
                0x08005d5c       0x32 .pio/build/bluepill_f103c8_128k/src/main.cpp.o
                0x08005d5c                CircularBuffer<LogEntry, 128u>::push(LogEntry const&)
 *fill*         0x08005d8e        0x2 
 .text._Z16logLowFreqFieldsv
                0x08005d90      0x134 .pio/build/bluepill_f103c8_128k/src/main.cpp.o
                0x08005d90                logLowFreqFields()
 .text._Z6adcISRv
                0x08005ec4      0x128 .pio/build/bluepill_f103c8_128k/src/main.cpp.o
                0x08005ec4                adcISR()
 .text._ZNSt8functionIFvvEEC2IRS0_vEEOT_
                0x08005fec       0x18 .pio/build/bluepill_f103c8_128k/src/main.cpp.o
                0x08005fec                std::function<void ()>::function<void (&)(), void>(void (&)())
                0x08005fec                std::function<void ()>::function<void (&)(), void>(void (&)())
 .text._Z20rolloverFileIfNeededv
                0x08006004      0x134 .pio/build/bluepill_f103c8_128k/src/main.cpp.o
                0x08006004                rolloverFileIfNeeded()
 .text._Z8flushLogv
                0x08006138      0x208 .pio/build/bluepill_f103c8_128k/src/main.cpp.o
                0x08006138                flushLog()
 .text.startup._GLOBAL__sub_I_SerDebug
                0x08006340       0xbc .pio/build/bluepill_f103c8_128k/src/main.cpp.o
 .text._Z7pollGPSv
                0x080063fc       0x80 .pio/build/bluepill_f103c8_128k/src/main.cpp.o
                0x080063fc                pollGPS()
 .text.loop     0x0800647c       0x34 .pio/build/bluepill_f103c8_128k/src/main.cpp.o
                0x0800647c                loop
 .text._Z7initIMUv
                0x080064b0       0x24 .pio/build/bluepill_f103c8_128k/src/main.cpp.o
                0x080064b0                initIMU()
 .text.setup    0x080064d4      0x1d0 .pio/build/bluepill_f103c8_128k/src/main.cpp.o
                0x080064d4                setup
 .text.exit._GLOBAL__sub_D_SerDebug
                0x080066a4       0x24 .pio/build/bluepill_f103c8_128k/src/main.cpp.o
 .text._ZN8SPIClassC2Emmmm
                0x080066c8      0x128 .pio/build/bluepill_f103c8_128k/lib36a/libSPI.a(SPI.cpp.o)
                0x080066c8                SPIClass::SPIClass(unsigned long, unsigned long, unsigned long, unsigned long)
                0x080066c8                SPIClass::SPIClass(unsigned long, unsigned long, unsigned long, unsigned long)
 .text._ZN8SPIClass5beginEv
                0x080067f0       0x20 .pio/build/bluepill_f103c8_128k/lib36a/libSPI.a(SPI.cpp.o)
                0x080067f0                SPIClass::begin()
 .text._ZN8SPIClass16beginTransactionE11SPISettings
                0x08006810       0x42 .pio/build/bluepill_f103c8_128k/lib36a/libSPI.a(SPI.cpp.o)
                0x08006810                SPIClass::beginTransaction(SPISettings)
 .text._ZN8SPIClass14endTransactionEv
                0x08006852        0x2 .pio/build/bluepill_f103c8_128k/lib36a/libSPI.a(SPI.cpp.o)
                0x08006852                SPIClass::endTransaction()
 .text._ZN8SPIClass8transferEhb
                0x08006854       0x24 .pio/build/bluepill_f103c8_128k/lib36a/libSPI.a(SPI.cpp.o)
                0x08006854                SPIClass::transfer(unsigned char, bool)
 .text._ZN8SPIClass10transfer16Etb
                0x08006878       0x42 .pio/build/bluepill_f103c8_128k/lib36a/libSPI.a(SPI.cpp.o)
                0x08006878                SPIClass::transfer16(unsigned short, bool)
 .text._ZN8SPIClass8transferEPvjb
                0x080068ba        0xe .pio/build/bluepill_f103c8_128k/lib36a/libSPI.a(SPI.cpp.o)
                0x080068ba                SPIClass::transfer(void*, unsigned int, bool)
 .text.startup._GLOBAL__sub_I_SPI
                0x080068c8       0x1c .pio/build/bluepill_f103c8_128k/lib36a/libSPI.a(SPI.cpp.o)
 .text.LL_GPIO_SetPinMode
                0x080068e4       0x2c .pio/build/bluepill_f103c8_128k/lib36a/libSPI.a(spi_com.c.o)
 .text.spi_getClkFreqInst
                0x08006910       0x2c .pio/build/bluepill_f103c8_128k/lib36a/libSPI.a(spi_com.c.o)
                0x08006910                spi_getClkFreqInst
 .text.spi_init
                0x0800693c      0x268 .pio/build/bluepill_f103c8_128k/lib36a/libSPI.a(spi_com.c.o)
                0x0800693c                spi_init
 .text.spi_transfer
                0x08006ba4       0x5e .pio/build/bluepill_f103c8_128k/lib36a/libSPI.a(spi_com.c.o)
                0x08006ba4                spi_transfer
 .text._ZN9ADS131M04C2Ev
                0x08006c02        0x2 .pio/build/bluepill_f103c8_128k/lib058/libArduino-ADS131M04-master.a(ADS131M04.cpp.o)
                0x08006c02                ADS131M04::ADS131M04()
                0x08006c02                ADS131M04::ADS131M04()
 .text._ZN9ADS131M0413writeRegisterEht
                0x08006c04      0x164 .pio/build/bluepill_f103c8_128k/lib058/libArduino-ADS131M04-master.a(ADS131M04.cpp.o)
                0x08006c04                ADS131M04::writeRegister(unsigned char, unsigned short)
 .text._ZN9ADS131M0412readRegisterEh
                0x08006d68      0x14c .pio/build/bluepill_f103c8_128k/lib058/libArduino-ADS131M04-master.a(ADS131M04.cpp.o)
                0x08006d68                ADS131M04::readRegister(unsigned char)
 .text._ZN9ADS131M0419writeRegisterMaskedEhtt
                0x08006eb4       0x24 .pio/build/bluepill_f103c8_128k/lib058/libArduino-ADS131M04-master.a(ADS131M04.cpp.o)
                0x08006eb4                ADS131M04::writeRegisterMasked(unsigned char, unsigned short, unsigned short)
 .text._ZN9ADS131M045beginEhhhhh
                0x08006ed8       0x4c .pio/build/bluepill_f103c8_128k/lib058/libArduino-ADS131M04-master.a(ADS131M04.cpp.o)
                0x08006ed8                ADS131M04::begin(unsigned char, unsigned char, unsigned char, unsigned char, unsigned char)
 .text._ZN9ADS131M046setOsrEt
                0x08006f24       0x1a .pio/build/bluepill_f103c8_128k/lib058/libArduino-ADS131M04-master.a(ADS131M04.cpp.o)
                0x08006f24                ADS131M04::setOsr(unsigned short)
 .text._ZN9ADS131M0416setChannelEnableEht
                0x08006f3e       0x4c .pio/build/bluepill_f103c8_128k/lib058/libArduino-ADS131M04-master.a(ADS131M04.cpp.o)
                0x08006f3e                ADS131M04::setChannelEnable(unsigned char, unsigned short)
 .text._ZN9ADS131M0413setChannelPGAEht
                0x08006f8a       0x42 .pio/build/bluepill_f103c8_128k/lib058/libArduino-ADS131M04-master.a(ADS131M04.cpp.o)
                0x08006f8a                ADS131M04::setChannelPGA(unsigned char, unsigned short)
 .text._ZN9ADS131M0424setInputChannelSelectionEhh
                0x08006fcc       0x2a .pio/build/bluepill_f103c8_128k/lib058/libArduino-ADS131M04-master.a(ADS131M04.cpp.o)
                0x08006fcc                ADS131M04::setInputChannelSelection(unsigned char, unsigned char)
 *fill*         0x08006ff6        0x2 
 .text._ZN9ADS131M047readADCEv
                0x08006ff8      0x178 .pio/build/bluepill_f103c8_128k/lib058/libArduino-ADS131M04-master.a(ADS131M04.cpp.o)
                0x08006ff8                ADS131M04::readADC()
 .text._ZN7TwoWire9availableEv
                0x08007170        0x8 .pio/build/bluepill_f103c8_128k/lib2dc/libWire.a(Wire.cpp.o)
                0x08007170                TwoWire::available()
 .text._ZN7TwoWire4readEv
                0x08007178       0x1a .pio/build/bluepill_f103c8_128k/lib2dc/libWire.a(Wire.cpp.o)
                0x08007178                TwoWire::read()
 .text._ZN7TwoWire4peekEv
                0x08007192       0x12 .pio/build/bluepill_f103c8_128k/lib2dc/libWire.a(Wire.cpp.o)
                0x08007192                TwoWire::peek()
 .text._ZN7TwoWire16onRequestServiceEP5i2c_s
                0x080071a4       0x16 .pio/build/bluepill_f103c8_128k/lib2dc/libWire.a(Wire.cpp.o)
                0x080071a4                TwoWire::onRequestService(i2c_s*)
 *fill*         0x080071ba        0x2 
 .text._ZN7TwoWireC2Emm
                0x080071bc       0xcc .pio/build/bluepill_f103c8_128k/lib2dc/libWire.a(Wire.cpp.o)
                0x080071bc                TwoWire::TwoWire(unsigned long, unsigned long)
                0x080071bc                TwoWire::TwoWire(unsigned long, unsigned long)
 .text._ZN7TwoWire3endEv
                0x08007288       0x28 .pio/build/bluepill_f103c8_128k/lib2dc/libWire.a(Wire.cpp.o)
                0x08007288                TwoWire::end()
 .text._ZN7TwoWireD2Ev
                0x080072b0       0x28 .pio/build/bluepill_f103c8_128k/lib2dc/libWire.a(Wire.cpp.o)
                0x080072b0                TwoWire::~TwoWire()
                0x080072b0                TwoWire::~TwoWire()
 .text._ZN7TwoWire8setClockEm
                0x080072d8       0x34 .pio/build/bluepill_f103c8_128k/lib2dc/libWire.a(Wire.cpp.o)
                0x080072d8                TwoWire::setClock(unsigned long)
 .text._ZN7TwoWire17beginTransmissionEh
                0x0800730c       0x10 .pio/build/bluepill_f103c8_128k/lib2dc/libWire.a(Wire.cpp.o)
                0x0800730c                TwoWire::beginTransmission(unsigned char)
 .text._ZN7TwoWire16allocateRxBufferEj
                0x0800731c       0x24 .pio/build/bluepill_f103c8_128k/lib2dc/libWire.a(Wire.cpp.o)
                0x0800731c                TwoWire::allocateRxBuffer(unsigned int)
 .text._ZN7TwoWire16onReceiveServiceEP5i2c_s
                0x08007340       0x4c .pio/build/bluepill_f103c8_128k/lib2dc/libWire.a(Wire.cpp.o)
                0x08007340                TwoWire::onReceiveService(i2c_s*)
 .text._ZN7TwoWire16allocateTxBufferEj
                0x0800738c       0x32 .pio/build/bluepill_f103c8_128k/lib2dc/libWire.a(Wire.cpp.o)
                0x0800738c                TwoWire::allocateTxBuffer(unsigned int)
 .text._ZN7TwoWire5writeEh
                0x080073be       0x42 .pio/build/bluepill_f103c8_128k/lib2dc/libWire.a(Wire.cpp.o)
                0x080073be                TwoWire::write(unsigned char)
 .text._ZN7TwoWire5writeEPKhj
                0x08007400       0x42 .pio/build/bluepill_f103c8_128k/lib2dc/libWire.a(Wire.cpp.o)
                0x08007400                TwoWire::write(unsigned char const*, unsigned int)
 .text._ZN7TwoWire13resetRxBufferEv
                0x08007442       0x10 .pio/build/bluepill_f103c8_128k/lib2dc/libWire.a(Wire.cpp.o)
                0x08007442                TwoWire::resetRxBuffer()
 .text._ZN7TwoWire13resetTxBufferEv
                0x08007452       0x10 .pio/build/bluepill_f103c8_128k/lib2dc/libWire.a(Wire.cpp.o)
                0x08007452                TwoWire::resetTxBuffer()
 .text._ZN7TwoWire15endTransmissionEh
                0x08007462       0x46 .pio/build/bluepill_f103c8_128k/lib2dc/libWire.a(Wire.cpp.o)
                0x08007462                TwoWire::endTransmission(unsigned char)
 .text._ZN7TwoWire11requestFromEhhmhh
                0x080074a8       0x94 .pio/build/bluepill_f103c8_128k/lib2dc/libWire.a(Wire.cpp.o)
                0x080074a8                TwoWire::requestFrom(unsigned char, unsigned char, unsigned long, unsigned char, unsigned char)
 .text._ZN7TwoWire11requestFromEhhh
                0x0800753c       0x12 .pio/build/bluepill_f103c8_128k/lib2dc/libWire.a(Wire.cpp.o)
                0x0800753c                TwoWire::requestFrom(unsigned char, unsigned char, unsigned char)
 .text._ZN7TwoWire11requestFromEhh
                0x0800754e        0x6 .pio/build/bluepill_f103c8_128k/lib2dc/libWire.a(Wire.cpp.o)
                0x0800754e                TwoWire::requestFrom(unsigned char, unsigned char)
 .text._ZN7TwoWire15endTransmissionEv
                0x08007554        0x6 .pio/build/bluepill_f103c8_128k/lib2dc/libWire.a(Wire.cpp.o)
                0x08007554                TwoWire::endTransmission()
 .text._ZN7TwoWire5flushEv
                0x0800755a       0x18 .pio/build/bluepill_f103c8_128k/lib2dc/libWire.a(Wire.cpp.o)
                0x0800755a                TwoWire::flush()
 *fill*         0x08007572        0x2 
 .text._ZN7TwoWire10recoverBusEv
                0x08007574       0xd0 .pio/build/bluepill_f103c8_128k/lib2dc/libWire.a(Wire.cpp.o)
                0x08007574                TwoWire::recoverBus()
 .text._ZN7TwoWire5beginEhbb
                0x08007644       0x98 .pio/build/bluepill_f103c8_128k/lib2dc/libWire.a(Wire.cpp.o)
                0x08007644                TwoWire::begin(unsigned char, bool, bool)
 .text._ZN7TwoWire5beginEb
                0x080076dc        0xa .pio/build/bluepill_f103c8_128k/lib2dc/libWire.a(Wire.cpp.o)
                0x080076dc                TwoWire::begin(bool)
 *fill*         0x080076e6        0x2 
 .text.startup._GLOBAL__sub_I__ZN7TwoWireC2Emm
                0x080076e8       0x10 .pio/build/bluepill_f103c8_128k/lib2dc/libWire.a(Wire.cpp.o)
 .text.exit._GLOBAL__sub_D__ZN7TwoWireC2Emm
                0x080076f8        0xc .pio/build/bluepill_f103c8_128k/lib2dc/libWire.a(Wire.cpp.o)
 .text.i2c_init
                0x08007704      0x170 .pio/build/bluepill_f103c8_128k/lib2dc/libWire.a(twi.c.o)
                0x08007704                i2c_init
 .text.i2c_deinit
                0x08007874       0x7c .pio/build/bluepill_f103c8_128k/lib2dc/libWire.a(twi.c.o)
                0x08007874                i2c_deinit
 .text.i2c_setTiming
                0x080078f0       0x60 .pio/build/bluepill_f103c8_128k/lib2dc/libWire.a(twi.c.o)
                0x080078f0                i2c_setTiming
 .text.i2c_slave_write_IT
                0x08007950       0x34 .pio/build/bluepill_f103c8_128k/lib2dc/libWire.a(twi.c.o)
                0x08007950                i2c_slave_write_IT
 .text.i2c_master_read
                0x08007984       0x8e .pio/build/bluepill_f103c8_128k/lib2dc/libWire.a(twi.c.o)
                0x08007984                i2c_master_read
 .text.i2c_IsDeviceReady
                0x08007a12       0x40 .pio/build/bluepill_f103c8_128k/lib2dc/libWire.a(twi.c.o)
                0x08007a12                i2c_IsDeviceReady
 .text.i2c_master_write
                0x08007a52       0xa2 .pio/build/bluepill_f103c8_128k/lib2dc/libWire.a(twi.c.o)
                0x08007a52                i2c_master_write
 .text.i2c_attachSlaveRxEvent
                0x08007af4        0xe .pio/build/bluepill_f103c8_128k/lib2dc/libWire.a(twi.c.o)
                0x08007af4                i2c_attachSlaveRxEvent
 .text.i2c_attachSlaveTxEvent
                0x08007b02        0xe .pio/build/bluepill_f103c8_128k/lib2dc/libWire.a(twi.c.o)
                0x08007b02                i2c_attachSlaveTxEvent
 .text.HAL_I2C_AddrCallback
                0x08007b10       0x68 .pio/build/bluepill_f103c8_128k/lib2dc/libWire.a(twi.c.o)
                0x08007b10                HAL_I2C_AddrCallback
 .text.HAL_I2C_ListenCpltCallback
                0x08007b78       0x2a .pio/build/bluepill_f103c8_128k/lib2dc/libWire.a(twi.c.o)
                0x08007b78                HAL_I2C_ListenCpltCallback
 .text.HAL_I2C_SlaveRxCpltCallback
                0x08007ba2       0x24 .pio/build/bluepill_f103c8_128k/lib2dc/libWire.a(twi.c.o)
                0x08007ba2                HAL_I2C_SlaveRxCpltCallback
 .text.HAL_I2C_SlaveTxCpltCallback
                0x08007bc6        0x8 .pio/build/bluepill_f103c8_128k/lib2dc/libWire.a(twi.c.o)
                0x08007bc6                HAL_I2C_SlaveTxCpltCallback
 .text.HAL_I2C_ErrorCallback
                0x08007bce        0xc .pio/build/bluepill_f103c8_128k/lib2dc/libWire.a(twi.c.o)
                0x08007bce                HAL_I2C_ErrorCallback
 *fill*         0x08007bda        0x2 
 .text.I2C1_EV_IRQHandler
                0x08007bdc        0xc .pio/build/bluepill_f103c8_128k/lib2dc/libWire.a(twi.c.o)
                0x08007bdc                I2C1_EV_IRQHandler
 .text.I2C1_ER_IRQHandler
                0x08007be8        0xc .pio/build/bluepill_f103c8_128k/lib2dc/libWire.a(twi.c.o)
                0x08007be8                I2C1_ER_IRQHandler
 .text.I2C2_EV_IRQHandler
                0x08007bf4        0xc .pio/build/bluepill_f103c8_128k/lib2dc/libWire.a(twi.c.o)
                0x08007bf4                I2C2_EV_IRQHandler
 .text.I2C2_ER_IRQHandler
                0x08007c00        0xc .pio/build/bluepill_f103c8_128k/lib2dc/libWire.a(twi.c.o)
                0x08007c00                I2C2_ER_IRQHandler
 .text._ZL10delay_usecmPv
                0x08007c0c       0x2c .pio/build/bluepill_f103c8_128k/libcd5/libAdafruit_BME680.a(Adafruit_BME680.cpp.o)
 .text._ZL9spi_writehPKhmPv
                0x08007c38       0x1e .pio/build/bluepill_f103c8_128k/libcd5/libAdafruit_BME680.a(Adafruit_BME680.cpp.o)
 .text._ZL8spi_readhPhmPv
                0x08007c56       0x28 .pio/build/bluepill_f103c8_128k/libcd5/libAdafruit_BME680.a(Adafruit_BME680.cpp.o)
 .text._ZL9i2c_writehPKhmPv
                0x08007c7e       0x20 .pio/build/bluepill_f103c8_128k/libcd5/libAdafruit_BME680.a(Adafruit_BME680.cpp.o)
 .text._ZL8i2c_readhPhmPv
                0x08007c9e       0x26 .pio/build/bluepill_f103c8_128k/libcd5/libAdafruit_BME680.a(Adafruit_BME680.cpp.o)
 .text._ZN15Adafruit_BME680C2EP7TwoWire
                0x08007cc4        0xe .pio/build/bluepill_f103c8_128k/libcd5/libAdafruit_BME680.a(Adafruit_BME680.cpp.o)
                0x08007cc4                Adafruit_BME680::Adafruit_BME680(TwoWire*)
                0x08007cc4                Adafruit_BME680::Adafruit_BME680(TwoWire*)
 .text._ZN15Adafruit_BME68012beginReadingEv
                0x08007cd2       0x4a .pio/build/bluepill_f103c8_128k/libcd5/libAdafruit_BME680.a(Adafruit_BME680.cpp.o)
                0x08007cd2                Adafruit_BME680::beginReading()
 .text._ZN15Adafruit_BME68022remainingReadingMillisEv
                0x08007d1c       0x1c .pio/build/bluepill_f103c8_128k/libcd5/libAdafruit_BME680.a(Adafruit_BME680.cpp.o)
                0x08007d1c                Adafruit_BME680::remainingReadingMillis()
 .text._ZN15Adafruit_BME68010endReadingEv
                0x08007d38       0x6e .pio/build/bluepill_f103c8_128k/libcd5/libAdafruit_BME680.a(Adafruit_BME680.cpp.o)
                0x08007d38                Adafruit_BME680::endReading()
 .text._ZN15Adafruit_BME68014performReadingEv
                0x08007da6        0x4 .pio/build/bluepill_f103c8_128k/libcd5/libAdafruit_BME680.a(Adafruit_BME680.cpp.o)
                0x08007da6                Adafruit_BME680::performReading()
 .text._ZN15Adafruit_BME68012setGasHeaterEtt
                0x08007daa       0x32 .pio/build/bluepill_f103c8_128k/libcd5/libAdafruit_BME680.a(Adafruit_BME680.cpp.o)
                0x08007daa                Adafruit_BME680::setGasHeater(unsigned short, unsigned short)
 .text._ZN15Adafruit_BME6806setODREh
                0x08007ddc       0x20 .pio/build/bluepill_f103c8_128k/libcd5/libAdafruit_BME680.a(Adafruit_BME680.cpp.o)
                0x08007ddc                Adafruit_BME680::setODR(unsigned char)
 .text._ZN15Adafruit_BME68026setTemperatureOversamplingEh
                0x08007dfc       0x20 .pio/build/bluepill_f103c8_128k/libcd5/libAdafruit_BME680.a(Adafruit_BME680.cpp.o)
                0x08007dfc                Adafruit_BME680::setTemperatureOversampling(unsigned char)
 .text._ZN15Adafruit_BME68023setHumidityOversamplingEh
                0x08007e1c       0x20 .pio/build/bluepill_f103c8_128k/libcd5/libAdafruit_BME680.a(Adafruit_BME680.cpp.o)
                0x08007e1c                Adafruit_BME680::setHumidityOversampling(unsigned char)
 .text._ZN15Adafruit_BME68023setPressureOversamplingEh
                0x08007e3c       0x20 .pio/build/bluepill_f103c8_128k/libcd5/libAdafruit_BME680.a(Adafruit_BME680.cpp.o)
                0x08007e3c                Adafruit_BME680::setPressureOversampling(unsigned char)
 .text._ZN15Adafruit_BME68016setIIRFilterSizeEh
                0x08007e5c       0x20 .pio/build/bluepill_f103c8_128k/libcd5/libAdafruit_BME680.a(Adafruit_BME680.cpp.o)
                0x08007e5c                Adafruit_BME680::setIIRFilterSize(unsigned char)
 .text._ZN15Adafruit_BME6805beginEhb
                0x08007e7c       0xe0 .pio/build/bluepill_f103c8_128k/libcd5/libAdafruit_BME680.a(Adafruit_BME680.cpp.o)
                0x08007e7c                Adafruit_BME680::begin(unsigned char, bool)
 .text.calc_temperature
                0x08007f5c       0x9c .pio/build/bluepill_f103c8_128k/libcd5/libAdafruit_BME680.a(bme68x.c.o)
 .text.calc_pressure
                0x08007ff8      0x1c0 .pio/build/bluepill_f103c8_128k/libcd5/libAdafruit_BME680.a(bme68x.c.o)
 .text.calc_humidity
                0x080081b8      0x120 .pio/build/bluepill_f103c8_128k/libcd5/libAdafruit_BME680.a(bme68x.c.o)
 .text.calc_res_heat
                0x080082d8      0x10c .pio/build/bluepill_f103c8_128k/libcd5/libAdafruit_BME680.a(bme68x.c.o)
 .text.null_ptr_check
                0x080083e4       0x1c .pio/build/bluepill_f103c8_128k/libcd5/libAdafruit_BME680.a(bme68x.c.o)
 .text.boundary_check
                0x08008400       0x28 .pio/build/bluepill_f103c8_128k/libcd5/libAdafruit_BME680.a(bme68x.c.o)
 .text.set_mem_page
                0x08008428       0x6e .pio/build/bluepill_f103c8_128k/libcd5/libAdafruit_BME680.a(bme68x.c.o)
 .text.get_mem_page
                0x08008496       0x32 .pio/build/bluepill_f103c8_128k/libcd5/libAdafruit_BME680.a(bme68x.c.o)
 .text.calc_gas_resistance_low.isra.0
                0x080084c8       0xec .pio/build/bluepill_f103c8_128k/libcd5/libAdafruit_BME680.a(bme68x.c.o)
 .text.bme68x_set_regs
                0x080085b4       0x94 .pio/build/bluepill_f103c8_128k/libcd5/libAdafruit_BME680.a(bme68x.c.o)
                0x080085b4                bme68x_set_regs
 .text.bme68x_get_regs
                0x08008648       0x50 .pio/build/bluepill_f103c8_128k/libcd5/libAdafruit_BME680.a(bme68x.c.o)
                0x08008648                bme68x_get_regs
 .text.bme68x_soft_reset
                0x08008698       0x60 .pio/build/bluepill_f103c8_128k/libcd5/libAdafruit_BME680.a(bme68x.c.o)
                0x08008698                bme68x_soft_reset
 .text.bme68x_init
                0x080086f8      0x136 .pio/build/bluepill_f103c8_128k/libcd5/libAdafruit_BME680.a(bme68x.c.o)
                0x080086f8                bme68x_init
 .text.bme68x_set_op_mode
                0x0800882e       0x7a .pio/build/bluepill_f103c8_128k/libcd5/libAdafruit_BME680.a(bme68x.c.o)
                0x0800882e                bme68x_set_op_mode
 .text.bme68x_get_op_mode
                0x080088a8       0x28 .pio/build/bluepill_f103c8_128k/libcd5/libAdafruit_BME680.a(bme68x.c.o)
                0x080088a8                bme68x_get_op_mode
 .text.bme68x_set_conf
                0x080088d0      0x138 .pio/build/bluepill_f103c8_128k/libcd5/libAdafruit_BME680.a(bme68x.c.o)
                0x080088d0                bme68x_set_conf
 .text.bme68x_get_meas_dur
                0x08008a08       0x84 .pio/build/bluepill_f103c8_128k/libcd5/libAdafruit_BME680.a(bme68x.c.o)
                0x08008a08                bme68x_get_meas_dur
 .text.bme68x_get_data
                0x08008a8c      0x40c .pio/build/bluepill_f103c8_128k/libcd5/libAdafruit_BME680.a(bme68x.c.o)
                0x08008a8c                bme68x_get_data
 .text.bme68x_set_heatr_conf
                0x08008e98      0x260 .pio/build/bluepill_f103c8_128k/libcd5/libAdafruit_BME680.a(bme68x.c.o)
                0x08008e98                bme68x_set_heatr_conf
 .text._Z19ICM_20948_write_I2ChPhmPv
                0x080090f8       0x3c .pio/build/bluepill_f103c8_128k/libeeb/libSparkFun_ICM-20948.a(ICM_20948.cpp.o)
                0x080090f8                ICM_20948_write_I2C(unsigned char, unsigned char*, unsigned long, void*)
 .text._Z18ICM_20948_read_I2ChPhmPv
                0x08009134       0x62 .pio/build/bluepill_f103c8_128k/libeeb/libSparkFun_ICM-20948.a(ICM_20948.cpp.o)
                0x08009134                ICM_20948_read_I2C(unsigned char, unsigned char*, unsigned long, void*)
 .text._ZZN9ICM_2094812debugPrintlnEPK19__FlashStringHelperENUlPKcE_4_FUNES4_
                0x08009196        0x4 .pio/build/bluepill_f103c8_128k/libeeb/libSparkFun_ICM-20948.a(ICM_20948.cpp.o)
 .text._ZZN9ICM_2094810debugPrintEPK19__FlashStringHelperENUlPKcE_4_FUNES4_
                0x0800919a        0x4 .pio/build/bluepill_f103c8_128k/libeeb/libSparkFun_ICM-20948.a(ICM_20948.cpp.o)
 .text._ZN9ICM_20948C2Ev
                0x0800919e       0x18 .pio/build/bluepill_f103c8_128k/libeeb/libSparkFun_ICM-20948.a(ICM_20948.cpp.o)
                0x0800919e                ICM_20948::ICM_20948()
                0x0800919e                ICM_20948::ICM_20948()
 .text._ZN9ICM_2094812doDebugPrintEPFcPKcES1_b
                0x080091b6       0x30 .pio/build/bluepill_f103c8_128k/libeeb/libSparkFun_ICM-20948.a(ICM_20948.cpp.o)
                0x080091b6                ICM_20948::doDebugPrint(char (*)(char const*), char const*, bool)
 *fill*         0x080091e6        0x2 
 .text._ZN9ICM_2094810debugPrintEPK19__FlashStringHelper
                0x080091e8       0x10 .pio/build/bluepill_f103c8_128k/libeeb/libSparkFun_ICM-20948.a(ICM_20948.cpp.o)
                0x080091e8                ICM_20948::debugPrint(__FlashStringHelper const*)
 .text._ZN9ICM_2094812debugPrintlnEPK19__FlashStringHelper
                0x080091f8       0x10 .pio/build/bluepill_f103c8_128k/libeeb/libSparkFun_ICM-20948.a(ICM_20948.cpp.o)
                0x080091f8                ICM_20948::debugPrintln(__FlashStringHelper const*)
 .text._ZN9ICM_2094811debugPrintfEi
                0x08009208        0xe .pio/build/bluepill_f103c8_128k/libeeb/libSparkFun_ICM-20948.a(ICM_20948.cpp.o)
                0x08009208                ICM_20948::debugPrintf(int)
 *fill*         0x08009216        0x2 
 .text._ZN9ICM_2094816debugPrintStatusE18ICM_20948_Status_e
                0x08009218       0xa4 .pio/build/bluepill_f103c8_128k/libeeb/libSparkFun_ICM-20948.a(ICM_20948.cpp.o)
                0x08009218                ICM_20948::debugPrintStatus(ICM_20948_Status_e)
 .text._ZN9ICM_209487getAGMTEv
                0x080092bc       0x32 .pio/build/bluepill_f103c8_128k/libeeb/libSparkFun_ICM-20948.a(ICM_20948.cpp.o)
                0x080092bc                ICM_20948::getAGMT()
 *fill*         0x080092ee        0x2 
 .text._ZN9ICM_209484magXEv
                0x080092f0       0x28 .pio/build/bluepill_f103c8_128k/libeeb/libSparkFun_ICM-20948.a(ICM_20948.cpp.o)
                0x080092f0                ICM_20948::magX()
 .text._ZN9ICM_209484magYEv
                0x08009318       0x28 .pio/build/bluepill_f103c8_128k/libeeb/libSparkFun_ICM-20948.a(ICM_20948.cpp.o)
                0x08009318                ICM_20948::magY()
 .text._ZN9ICM_209484magZEv
                0x08009340       0x28 .pio/build/bluepill_f103c8_128k/libeeb/libSparkFun_ICM-20948.a(ICM_20948.cpp.o)
                0x08009340                ICM_20948::magZ()
 .text._ZN9ICM_209488getAccMGEs
                0x08009368       0x88 .pio/build/bluepill_f103c8_128k/libeeb/libSparkFun_ICM-20948.a(ICM_20948.cpp.o)
                0x08009368                ICM_20948::getAccMG(short)
 .text._ZN9ICM_209484accXEv
                0x080093f0        0x8 .pio/build/bluepill_f103c8_128k/libeeb/libSparkFun_ICM-20948.a(ICM_20948.cpp.o)
                0x080093f0                ICM_20948::accX()
 .text._ZN9ICM_209484accYEv
                0x080093f8        0x8 .pio/build/bluepill_f103c8_128k/libeeb/libSparkFun_ICM-20948.a(ICM_20948.cpp.o)
                0x080093f8                ICM_20948::accY()
 .text._ZN9ICM_209484accZEv
                0x08009400        0x8 .pio/build/bluepill_f103c8_128k/libeeb/libSparkFun_ICM-20948.a(ICM_20948.cpp.o)
                0x08009400                ICM_20948::accZ()
 .text._ZN9ICM_209489getGyrDPSEs
                0x08009408       0x78 .pio/build/bluepill_f103c8_128k/libeeb/libSparkFun_ICM-20948.a(ICM_20948.cpp.o)
                0x08009408                ICM_20948::getGyrDPS(short)
 .text._ZN9ICM_209484gyrXEv
                0x08009480        0x8 .pio/build/bluepill_f103c8_128k/libeeb/libSparkFun_ICM-20948.a(ICM_20948.cpp.o)
                0x08009480                ICM_20948::gyrX()
 .text._ZN9ICM_209484gyrYEv
                0x08009488        0x8 .pio/build/bluepill_f103c8_128k/libeeb/libSparkFun_ICM-20948.a(ICM_20948.cpp.o)
                0x08009488                ICM_20948::gyrY()
 .text._ZN9ICM_209484gyrZEv
                0x08009490        0x8 .pio/build/bluepill_f103c8_128k/libeeb/libSparkFun_ICM-20948.a(ICM_20948.cpp.o)
                0x08009490                ICM_20948::gyrZ()
 .text._ZN9ICM_209487swResetEv
                0x08009498       0x10 .pio/build/bluepill_f103c8_128k/libeeb/libSparkFun_ICM-20948.a(ICM_20948.cpp.o)
                0x08009498                ICM_20948::swReset()
 .text._ZN9ICM_209485sleepEb
                0x080094a8       0x10 .pio/build/bluepill_f103c8_128k/libeeb/libSparkFun_ICM-20948.a(ICM_20948.cpp.o)
                0x080094a8                ICM_20948::sleep(bool)
 .text._ZN9ICM_209488lowPowerEb
                0x080094b8       0x10 .pio/build/bluepill_f103c8_128k/libeeb/libSparkFun_ICM-20948.a(ICM_20948.cpp.o)
                0x080094b8                ICM_20948::lowPower(bool)
 .text._ZN9ICM_209487checkIDEv
                0x080094c8       0x38 .pio/build/bluepill_f103c8_128k/libeeb/libSparkFun_ICM-20948.a(ICM_20948.cpp.o)
                0x080094c8                ICM_20948::checkID()
 .text._ZN9ICM_2094813setSampleModeEhh
                0x08009500       0x1a .pio/build/bluepill_f103c8_128k/libeeb/libSparkFun_ICM-20948.a(ICM_20948.cpp.o)
                0x08009500                ICM_20948::setSampleMode(unsigned char, unsigned char)
 .text._ZN9ICM_2094812setFullScaleEh15ICM_20948_fss_t
                0x0800951a       0x10 .pio/build/bluepill_f103c8_128k/libeeb/libSparkFun_ICM-20948.a(ICM_20948.cpp.o)
                0x0800951a                ICM_20948::setFullScale(unsigned char, ICM_20948_fss_t)
 .text._ZN9ICM_2094810setDLPFcfgEh18ICM_20948_dlpcfg_t
                0x0800952a       0x18 .pio/build/bluepill_f103c8_128k/libeeb/libSparkFun_ICM-20948.a(ICM_20948.cpp.o)
                0x0800952a                ICM_20948::setDLPFcfg(unsigned char, ICM_20948_dlpcfg_t)
 .text._ZN9ICM_2094810enableDLPFEhb
                0x08009542       0x10 .pio/build/bluepill_f103c8_128k/libeeb/libSparkFun_ICM-20948.a(ICM_20948.cpp.o)
                0x08009542                ICM_20948::enableDLPF(unsigned char, bool)
 .text._ZN9ICM_2094820i2cMasterPassthroughEb
                0x08009552       0x10 .pio/build/bluepill_f103c8_128k/libeeb/libSparkFun_ICM-20948.a(ICM_20948.cpp.o)
                0x08009552                ICM_20948::i2cMasterPassthrough(bool)
 .text._ZN9ICM_2094815i2cMasterEnableEb
                0x08009562       0x10 .pio/build/bluepill_f103c8_128k/libeeb/libSparkFun_ICM-20948.a(ICM_20948.cpp.o)
                0x08009562                ICM_20948::i2cMasterEnable(bool)
 .text._ZN9ICM_2094814i2cMasterResetEv
                0x08009572       0x10 .pio/build/bluepill_f103c8_128k/libeeb/libSparkFun_ICM-20948.a(ICM_20948.cpp.o)
                0x08009572                ICM_20948::i2cMasterReset()
 .text._ZN9ICM_2094832i2cControllerConfigurePeripheralEhhhhbbbbbh
                0x08009582       0x40 .pio/build/bluepill_f103c8_128k/libeeb/libSparkFun_ICM-20948.a(ICM_20948.cpp.o)
                0x08009582                ICM_20948::i2cControllerConfigurePeripheral(unsigned char, unsigned char, unsigned char, unsigned char, bool, bool, bool, bool, bool, unsigned char)
 .text._ZN9ICM_2094816i2cMasterSingleWEhhh
                0x080095c2       0x1a .pio/build/bluepill_f103c8_128k/libeeb/libSparkFun_ICM-20948.a(ICM_20948.cpp.o)
                0x080095c2                ICM_20948::i2cMasterSingleW(unsigned char, unsigned char, unsigned char)
 .text._ZN9ICM_2094816i2cMasterSingleREhh
                0x080095dc       0x44 .pio/build/bluepill_f103c8_128k/libeeb/libSparkFun_ICM-20948.a(ICM_20948.cpp.o)
                0x080095dc                ICM_20948::i2cMasterSingleR(unsigned char, unsigned char)
 .text._ZN9ICM_209487readMagE18AK09916_Reg_Addr_e
                0x08009620        0x8 .pio/build/bluepill_f103c8_128k/libeeb/libSparkFun_ICM-20948.a(ICM_20948.cpp.o)
                0x08009620                ICM_20948::readMag(AK09916_Reg_Addr_e)
 .text._ZN9ICM_209488writeMagE18AK09916_Reg_Addr_ePh
                0x08009628       0x14 .pio/build/bluepill_f103c8_128k/libeeb/libSparkFun_ICM-20948.a(ICM_20948.cpp.o)
                0x08009628                ICM_20948::writeMag(AK09916_Reg_Addr_e, unsigned char*)
 .text._ZN9ICM_209488resetMagEv
                0x0800963c       0x14 .pio/build/bluepill_f103c8_128k/libeeb/libSparkFun_ICM-20948.a(ICM_20948.cpp.o)
                0x0800963c                ICM_20948::resetMag()
 .text._ZN13ICM_20948_I2CC2Ev
                0x08009650       0x18 .pio/build/bluepill_f103c8_128k/libeeb/libSparkFun_ICM-20948.a(ICM_20948.cpp.o)
                0x08009650                ICM_20948_I2C::ICM_20948_I2C()
                0x08009650                ICM_20948_I2C::ICM_20948_I2C()
 .text._ZN9ICM_209489magWhoIAmEv
                0x08009668       0xc4 .pio/build/bluepill_f103c8_128k/libeeb/libSparkFun_ICM-20948.a(ICM_20948.cpp.o)
                0x08009668                ICM_20948::magWhoIAm()
 .text._ZN9ICM_2094819startupMagnetometerEb
                0x0800972c      0x114 .pio/build/bluepill_f103c8_128k/libeeb/libSparkFun_ICM-20948.a(ICM_20948.cpp.o)
                0x0800972c                ICM_20948::startupMagnetometer(bool)
 .text._ZN9ICM_2094814startupDefaultEb
                0x08009840      0x11c .pio/build/bluepill_f103c8_128k/libeeb/libSparkFun_ICM-20948.a(ICM_20948.cpp.o)
                0x08009840                ICM_20948::startupDefault(bool)
 .text._ZN13ICM_20948_I2C5beginER7TwoWirebh
                0x0800995c       0x98 .pio/build/bluepill_f103c8_128k/libeeb/libSparkFun_ICM-20948.a(ICM_20948.cpp.o)
                0x0800995c                ICM_20948_I2C::begin(TwoWire&, bool, unsigned char)
 .text.ICM_20948_init_struct
                0x080099f4       0x14 .pio/build/bluepill_f103c8_128k/libeeb/libSparkFun_ICM-20948.a(ICM_20948_C.c.o)
                0x080099f4                ICM_20948_init_struct
 .text.ICM_20948_execute_w
                0x08009a08       0x1e .pio/build/bluepill_f103c8_128k/libeeb/libSparkFun_ICM-20948.a(ICM_20948_C.c.o)
                0x08009a08                ICM_20948_execute_w
 .text.ICM_20948_execute_r
                0x08009a26       0x1e .pio/build/bluepill_f103c8_128k/libeeb/libSparkFun_ICM-20948.a(ICM_20948_C.c.o)
                0x08009a26                ICM_20948_execute_r
 .text.ICM_20948_set_bank
                0x08009a44       0x2e .pio/build/bluepill_f103c8_128k/libeeb/libSparkFun_ICM-20948.a(ICM_20948_C.c.o)
                0x08009a44                ICM_20948_set_bank
 .text.ICM_20948_i2c_controller_periph4_txn
                0x08009a72      0x11e .pio/build/bluepill_f103c8_128k/libeeb/libSparkFun_ICM-20948.a(ICM_20948_C.c.o)
                0x08009a72                ICM_20948_i2c_controller_periph4_txn
 .text.ICM_20948_i2c_master_single_w
                0x08009b90       0x16 .pio/build/bluepill_f103c8_128k/libeeb/libSparkFun_ICM-20948.a(ICM_20948_C.c.o)
                0x08009b90                ICM_20948_i2c_master_single_w
 .text.ICM_20948_i2c_master_single_r
                0x08009ba6       0x12 .pio/build/bluepill_f103c8_128k/libeeb/libSparkFun_ICM-20948.a(ICM_20948_C.c.o)
                0x08009ba6                ICM_20948_i2c_master_single_r
 .text.ICM_20948_sw_reset
                0x08009bb8       0x34 .pio/build/bluepill_f103c8_128k/libeeb/libSparkFun_ICM-20948.a(ICM_20948_C.c.o)
                0x08009bb8                ICM_20948_sw_reset
 .text.ICM_20948_sleep
                0x08009bec       0x36 .pio/build/bluepill_f103c8_128k/libeeb/libSparkFun_ICM-20948.a(ICM_20948_C.c.o)
                0x08009bec                ICM_20948_sleep
 .text.ICM_20948_low_power
                0x08009c22       0x36 .pio/build/bluepill_f103c8_128k/libeeb/libSparkFun_ICM-20948.a(ICM_20948_C.c.o)
                0x08009c22                ICM_20948_low_power
 .text.ICM_20948_get_who_am_i
                0x08009c58       0x22 .pio/build/bluepill_f103c8_128k/libeeb/libSparkFun_ICM-20948.a(ICM_20948_C.c.o)
                0x08009c58                ICM_20948_get_who_am_i
 .text.ICM_20948_check_id
                0x08009c7a       0x24 .pio/build/bluepill_f103c8_128k/libeeb/libSparkFun_ICM-20948.a(ICM_20948_C.c.o)
                0x08009c7a                ICM_20948_check_id
 .text.ICM_20948_set_sample_mode
                0x08009c9e       0xc2 .pio/build/bluepill_f103c8_128k/libeeb/libSparkFun_ICM-20948.a(ICM_20948_C.c.o)
                0x08009c9e                ICM_20948_set_sample_mode
 .text.ICM_20948_set_full_scale
                0x08009d60       0xda .pio/build/bluepill_f103c8_128k/libeeb/libSparkFun_ICM-20948.a(ICM_20948_C.c.o)
                0x08009d60                ICM_20948_set_full_scale
 .text.ICM_20948_set_dlpf_cfg
                0x08009e3a       0xda .pio/build/bluepill_f103c8_128k/libeeb/libSparkFun_ICM-20948.a(ICM_20948_C.c.o)
                0x08009e3a                ICM_20948_set_dlpf_cfg
 .text.ICM_20948_enable_dlpf
                0x08009f14       0xd4 .pio/build/bluepill_f103c8_128k/libeeb/libSparkFun_ICM-20948.a(ICM_20948_C.c.o)
                0x08009f14                ICM_20948_enable_dlpf
 .text.ICM_20948_i2c_master_passthrough
                0x08009fe8       0x38 .pio/build/bluepill_f103c8_128k/libeeb/libSparkFun_ICM-20948.a(ICM_20948_C.c.o)
                0x08009fe8                ICM_20948_i2c_master_passthrough
 .text.ICM_20948_i2c_master_enable
                0x0800a020       0x78 .pio/build/bluepill_f103c8_128k/libeeb/libSparkFun_ICM-20948.a(ICM_20948_C.c.o)
                0x0800a020                ICM_20948_i2c_master_enable
 .text.ICM_20948_i2c_master_reset
                0x0800a098       0x36 .pio/build/bluepill_f103c8_128k/libeeb/libSparkFun_ICM-20948.a(ICM_20948_C.c.o)
                0x0800a098                ICM_20948_i2c_master_reset
 .text.ICM_20948_i2c_controller_configure_peripheral
                0x0800a0ce       0xb8 .pio/build/bluepill_f103c8_128k/libeeb/libSparkFun_ICM-20948.a(ICM_20948_C.c.o)
                0x0800a0ce                ICM_20948_i2c_controller_configure_peripheral
 .text.ICM_20948_get_agmt
                0x0800a186       0xea .pio/build/bluepill_f103c8_128k/libeeb/libSparkFun_ICM-20948.a(ICM_20948_C.c.o)
                0x0800a186                ICM_20948_get_agmt
 .text._ZN9ExFatFile5closeEv
                0x0800a270       0x14 .pio/build/bluepill_f103c8_128k/libc1e/libSdFat.a(ExFatFile.cpp.o)
                0x0800a270                ExFatFile::close()
 .text._ZN9ExFatFile8openRootEP11ExFatVolume
                0x0800a284       0x26 .pio/build/bluepill_f103c8_128k/libc1e/libSdFat.a(ExFatFile.cpp.o)
                0x0800a284                ExFatFile::openRoot(ExFatVolume*)
 *fill*         0x0800a2aa        0x2 
 .text._ZN9ExFatFile13parsePathNameEPKcP8ExName_tPS1_
                0x0800a2ac       0x84 .pio/build/bluepill_f103c8_128k/libc1e/libSdFat.a(ExFatFile.cpp.o)
                0x0800a2ac                ExFatFile::parsePathName(char const*, ExName_t*, char const**)
 .text._ZN9ExFatFile4readEPvj
                0x0800a330      0x174 .pio/build/bluepill_f103c8_128k/libc1e/libSdFat.a(ExFatFile.cpp.o)
                0x0800a330                ExFatFile::read(void*, unsigned int)
 .text._ZN9ExFatFile4peekEv
                0x0800a4a4       0x2a .pio/build/bluepill_f103c8_128k/libc1e/libSdFat.a(ExFatFile.cpp.o)
                0x0800a4a4                ExFatFile::peek()
 .text._ZN9ExFatFile7seekSetEy
                0x0800a4ce       0xdc .pio/build/bluepill_f103c8_128k/libc1e/libSdFat.a(ExFatFile.cpp.o)
                0x0800a4ce                ExFatFile::seekSet(unsigned long long)
 *fill*         0x0800a5aa        0x2 
 .text._ZN9ExFatFile12openRootFileEPS_PKchi
                0x0800a5ac      0x378 .pio/build/bluepill_f103c8_128k/libc1e/libSdFat.a(ExFatFile.cpp.o)
                0x0800a5ac                ExFatFile::openRootFile(ExFatFile*, char const*, unsigned char, int)
 .text._ZN9ExFatFile4openEPS_PKci
                0x0800a924       0xcc .pio/build/bluepill_f103c8_128k/libc1e/libSdFat.a(ExFatFile.cpp.o)
                0x0800a924                ExFatFile::open(ExFatFile*, char const*, int)
 .text._ZN9ExFatFile4openEP11ExFatVolumePKci
                0x0800a9f0        0xe .pio/build/bluepill_f103c8_128k/libc1e/libSdFat.a(ExFatFile.cpp.o)
                0x0800a9f0                ExFatFile::open(ExFatVolume*, char const*, int)
 .text._ZL16exFatDirChecksumPKht
                0x0800a9fe       0x2c .pio/build/bluepill_f103c8_128k/libc1e/libSdFat.a(ExFatFileWrite.cpp.o)
 .text._ZN9SdSpiCard11writeSectorEmPKh
                0x0800aa2a        0xe .pio/build/bluepill_f103c8_128k/libc1e/libSdFat.a(ExFatFileWrite.cpp.o)
                0x0800aa2a                SdSpiCard::writeSector(unsigned long, unsigned char const*)
 .text._ZN14ExFatPartition9cacheSyncEv
                0x0800aa38       0x24 .pio/build/bluepill_f103c8_128k/libc1e/libSdFat.a(ExFatFileWrite.cpp.o)
                0x0800aa38                ExFatPartition::cacheSync()
 .text._ZN9ExFatFile10addClusterEv
                0x0800aa5c       0x94 .pio/build/bluepill_f103c8_128k/libc1e/libSdFat.a(ExFatFileWrite.cpp.o)
                0x0800aa5c                ExFatFile::addCluster()
 .text._ZN9ExFatFile6removeEv