Archive member included to satisfy reference by file (symbol)

.pio/build/bluepill_f103c8_128k/lib36a/libSPI.a(SPI.cpp.o)
                              .pio/build/bluepill_f103c8_128k/src/main.cpp.o (SPIClass::begin())
.pio/build/bluepill_f103c8_128k/lib36a/libSPI.a(spi_com.c.o)
                              .pio/build/bluepill_f103c8_128k/lib36a/libSPI.a(SPI.cpp.o) (spi_getClkFreq)
.pio/build/bluepill_f103c8_128k/lib058/libArduino-ADS131M04-master.a(ADS131M04.cpp.o)
                              .pio/build/bluepill_f103c8_128k/src/main.cpp.o (ADS131M04::ADS131M04())
.pio/build/bluepill_f103c8_128k/lib2dc/libWire.a(Wire.cpp.o)
                              .pio/build/bluepill_f103c8_128k/src/main.cpp.o (TwoWire::setClock(unsigned long))
.pio/build/bluepill_f103c8_128k/lib2dc/libWire.a(twi.c.o)
                              .pio/build/bluepill_f103c8_128k/lib2dc/libWire.a(Wire.cpp.o) (i2c_init)
.pio/build/bluepill_f103c8_128k/libcd5/libAdafruit_BME680.a(Adafruit_BME680.cpp.o)
                              .pio/build/bluepill_f103c8_128k/src/main.cpp.o (Adafruit_BME680::Adafruit_BME680(TwoWire*))
.pio/build/bluepill_f103c8_128k/libcd5/libAdafruit_BME680.a(bme68x.c.o)
                              .pio/build/bluepill_f103c8_128k/libcd5/libAdafruit_BME680.a(Adafruit_BME680.cpp.o) (bme68x_init)
.pio/build/bluepill_f103c8_128k/libeeb/libSparkFun_ICM-20948.a(ICM_20948.cpp.o)
                              .pio/build/bluepill_f103c8_128k/src/main.cpp.o (ICM_20948::getAGMT())
.pio/build/bluepill_f103c8_128k/libeeb/libSparkFun_ICM-20948.a(ICM_20948_C.c.o)
                              .pio/build/bluepill_f103c8_128k/libeeb/libSparkFun_ICM-20948.a(ICM_20948.cpp.o) (ICM_20948_init_struct)
.pio/build/bluepill_f103c8_128k/libc1e/libSdFat.a(ExFatFile.cpp.o)
                              .pio/build/bluepill_f103c8_128k/src/main.cpp.o (ExFatFile::read(void*, unsigned int))
.pio/build/bluepill_f103c8_128k/libc1e/libSdFat.a(ExFatFileWrite.cpp.o)
                              .pio/build/bluepill_f103c8_128k/src/main.cpp.o (ExFatFile::remove())
.pio/build/bluepill_f103c8_128k/libc1e/libSdFat.a(ExFatPartition.cpp.o)
                              .pio/build/bluepill_f103c8_128k/libc1e/libSdFat.a(ExFatFileWrite.cpp.o) (ExFatPartition::bitmapFind(unsigned long, unsigned long))
.pio/build/bluepill_f103c8_128k/libc1e/libSdFat.a(ExFatVolume.cpp.o)
                              .pio/build/bluepill_f103c8_128k/libc1e/libSdFat.a(ExFatFile.cpp.o) (ExFatVolume::m_cwv)
.pio/build/bluepill_f103c8_128k/libc1e/libSdFat.a(upcase.cpp.o)
                              .pio/build/bluepill_f103c8_128k/libc1e/libSdFat.a(ExFatFile.cpp.o) (exFatCmpName(DirName_t const*, char const*, unsigned int, unsigned int))
.pio/build/bluepill_f103c8_128k/libc1e/libSdFat.a(FatFile.cpp.o)
                              .pio/build/bluepill_f103c8_128k/src/main.cpp.o (FatFile::read(void*, unsigned int))
.pio/build/bluepill_f103c8_128k/libc1e/libSdFat.a(FatFileLFN.cpp.o)
                              .pio/build/bluepill_f103c8_128k/libc1e/libSdFat.a(FatFile.cpp.o) (FatFile::lfnChecksum(unsigned char*))
.pio/build/bluepill_f103c8_128k/libc1e/libSdFat.a(FatFileSFN.cpp.o)
                              .pio/build/bluepill_f103c8_128k/libc1e/libSdFat.a(FatFileLFN.cpp.o) (FatFile::getSFN(char*))
.pio/build/bluepill_f103c8_128k/libc1e/libSdFat.a(FatPartition.cpp.o)
                              .pio/build/bluepill_f103c8_128k/libc1e/libSdFat.a(FatFile.cpp.o) (FatPartition::fatGet(unsigned long, unsigned long*))
.pio/build/bluepill_f103c8_128k/libc1e/libSdFat.a(FatVolume.cpp.o)
                              .pio/build/bluepill_f103c8_128k/libc1e/libSdFat.a(FatFile.cpp.o) (FatVolume::m_cwv)
.pio/build/bluepill_f103c8_128k/libc1e/libSdFat.a(FsFile.cpp.o)
                              .pio/build/bluepill_f103c8_128k/src/main.cpp.o (FsBaseFile::close())
.pio/build/bluepill_f103c8_128k/libc1e/libSdFat.a(FsNew.cpp.o)
                              .pio/build/bluepill_f103c8_128k/libc1e/libSdFat.a(FsFile.cpp.o) (operator new(unsigned int, unsigned long*))
.pio/build/bluepill_f103c8_128k/libc1e/libSdFat.a(FsVolume.cpp.o)
                              .pio/build/bluepill_f103c8_128k/src/main.cpp.o (FsVolume::begin(SdSpiCard*))
.pio/build/bluepill_f103c8_128k/libc1e/libSdFat.a(SdSpiCard.cpp.o)
                              .pio/build/bluepill_f103c8_128k/libc1e/libSdFat.a(ExFatFile.cpp.o) (SdSpiCard::isBusy())
.pio/build/bluepill_f103c8_128k/libc1e/libSdFat.a(SdSpiChipSelect.cpp.o)
                              .pio/build/bluepill_f103c8_128k/libc1e/libSdFat.a(SdSpiCard.cpp.o) (sdCsInit(unsigned char))
.pio/build/bluepill_f103c8_128k/libc1e/libSdFat.a(FsCache.cpp.o)
                              .pio/build/bluepill_f103c8_128k/libc1e/libSdFat.a(ExFatFile.cpp.o) (FsCache::sync())
.pio/build/bluepill_f103c8_128k/libc1e/libSdFat.a(FsDateTime.cpp.o)
                              .pio/build/bluepill_f103c8_128k/libc1e/libSdFat.a(ExFatFile.cpp.o) (FsDateTime::callback)
[...]
Memory Configuration

Name             Origin             Length             Attributes
*default*        0x00000000         0xffffffff
RAM              0x20000000         0x00005000         xrw
FLASH            0x08000000         0x00020000         xr

Linker script and memory map

                0x20005000                        _estack = (ORIGIN (RAM) + LENGTH (RAM))
                0x00000200                        _Min_Heap_Size = 0x200
                0x00000400                        _Min_Stack_Size = 0x400

.isr_vector     0x08000000      0x10c
                0x08000000                        . = ALIGN (0x4)
 *(.isr_vector)
 .isr_vector    0x08000000      0x10c .pio/build/bluepill_f103c8_128k/FrameworkArduinoVariant/startup_M200_f103xb.S.o
                0x08000000                g_pfnVectors
                0x0800010c                        . = ALIGN (0x4)

.text           0x08000110     0xf564
                0x08000110                        . = ALIGN (0x4)
 *(.text)
 .text          0x08000110      0x378 /Users/jleeman/.platformio/packages/toolchain-gccarmnoneeabi/bin/../lib/gcc/arm-none-eabi/12.3.1/thumb/v7-m/nofp/libgcc.a(_arm_addsubdf3.o)
                0x08000110                __aeabi_drsub
                0x08000118                __subdf3
                0x08000118                __aeabi_dsub
                0x0800011c                __aeabi_dadd
                0x0800011c                __adddf3
                0x08000394                __aeabi_ui2d
                0x08000394                __floatunsidf
                0x080003b4                __floatsidf
                0x080003b4                __aeabi_i2d
                0x080003d8                __extendsfdf2
                0x080003d8                __aeabi_f2d
                0x0800041c                __aeabi_ul2d
                0x0800041c                __floatundidf
                0x0800042c                __aeabi_l2d
                0x0800042c                __floatdidf
 .text          0x08000488      0x424 /Users/jleeman/.platformio/packages/toolchain-gccarmnoneeabi/bin/../lib/gcc/arm-none-eabi/12.3.1/thumb/v7-m/nofp/libgcc.a(_arm_muldivdf3.o)
                0x08000488                __aeabi_dmul
                0x08000488                __muldf3
                0x080006dc                __aeabi_ddiv
                0x080006dc                __divdf3
 .text          0x080008ac      0x110 /Users/jleeman/.platformio/packages/toolchain-gccarmnoneeabi/bin/../lib/gcc/arm-none-eabi/12.3.1/thumb/v7-m/nofp/libgcc.a(_arm_cmpdf2.o)
                0x080008ac                __gedf2
                0x080008ac                __gtdf2
                0x080008b4                __ledf2
                0x080008b4                __ltdf2
                0x080008bc                __cmpdf2
                0x080008bc                __eqdf2
                0x080008bc                __nedf2
                0x08000938                __aeabi_cdrcmple
                0x08000948                __aeabi_cdcmple
                0x08000948                __aeabi_cdcmpeq
                0x08000958                __aeabi_dcmpeq
                0x0800096c                __aeabi_dcmplt
                0x08000980                __aeabi_dcmple
                0x08000994                __aeabi_dcmpge
                0x080009a8                __aeabi_dcmpgt
 .text          0x080009bc       0x2c /Users/jleeman/.platformio/packages/toolchain-gccarmnoneeabi/bin/../lib/gcc/arm-none-eabi/12.3.1/thumb/v7-m/nofp/libgcc.a(_arm_unorddf2.o)
                0x080009bc                __aeabi_dcmpun
                0x080009bc                __unorddf2
 .text          0x080009e8       0x50 /Users/jleeman/.platformio/packages/toolchain-gccarmnoneeabi/bin/../lib/gcc/arm-none-eabi/12.3.1/thumb/v7-m/nofp/libgcc.a(_arm_fixdfsi.o)
                0x080009e8                __fixdfsi
                0x080009e8                __aeabi_d2iz
 .text          0x08000a38       0x40 /Users/jleeman/.platformio/packages/toolchain-gccarmnoneeabi/bin/../lib/gcc/arm-none-eabi/12.3.1/thumb/v7-m/nofp/libgcc.a(_arm_fixunsdfsi.o)
                0x08000a38                __fixunsdfsi
                0x08000a38                __aeabi_d2uiz
 .text          0x08000a78       0xa0 /Users/jleeman/.platformio/packages/toolchain-gccarmnoneeabi/bin/../lib/gcc/arm-none-eabi/12.3.1/thumb/v7-m/nofp/libgcc.a(_arm_truncdfsf2.o)
                0x08000a78                __aeabi_d2f
                0x08000a78                __truncdfsf2
 .text          0x08000b18      0x21c /Users/jleeman/.platformio/packages/toolchain-gccarmnoneeabi/bin/../lib/gcc/arm-none-eabi/12.3.1/thumb/v7-m/nofp/libgcc.a(_arm_addsubsf3.o)
                0x08000b18                __aeabi_frsub
                0x08000b20                __aeabi_fsub
                0x08000b20                __subsf3
                0x08000b24                __aeabi_fadd
                0x08000b24                __addsf3
                0x08000c84                __aeabi_ui2f
                0x08000c84                __floatunsisf
                0x08000c8c                __floatsisf
                0x08000c8c                __aeabi_i2f
                0x08000ca8                __aeabi_ul2f
                0x08000ca8                __floatundisf
                0x08000cb8                __aeabi_l2f
                0x08000cb8                __floatdisf
 .text          0x08000d34      0x2a0 /Users/jleeman/.platformio/packages/toolchain-gccarmnoneeabi/bin/../lib/gcc/arm-none-eabi/12.3.1/thumb/v7-m/nofp/libgcc.a(_arm_muldivsf3.o)
                0x08000d34                __mulsf3
                0x08000d34                __aeabi_fmul
                0x08000e9c                __divsf3
                0x08000e9c                __aeabi_fdiv
 .text          0x08000fd4       0xec /Users/jleeman/.platformio/packages/toolchain-gccarmnoneeabi/bin/../lib/gcc/arm-none-eabi/12.3.1/thumb/v7-m/nofp/libgcc.a(_arm_cmpsf2.o)
                0x08000fd4                __gesf2
                0x08000fd4                __gtsf2
                0x08000fdc                __ltsf2
                0x08000fdc                __lesf2
                0x08000fe4                __nesf2
                0x08000fe4                __eqsf2
                0x08000fe4                __cmpsf2
                0x08001044                __aeabi_cfrcmple
                0x0800104c                __aeabi_cfcmpeq
                0x0800104c                __aeabi_cfcmple
                0x0800105c                __aeabi_fcmpeq
                0x08001070                __aeabi_fcmplt
                0x08001084                __aeabi_fcmple
                0x08001098                __aeabi_fcmpge
                0x080010ac                __aeabi_fcmpgt
 .text          0x080010c0       0x2c /Users/jleeman/.platformio/packages/toolchain-gccarmnoneeabi/bin/../lib/gcc/arm-none-eabi/12.3.1/thumb/v7-m/nofp/libgcc.a(_arm_unordsf2.o)
                0x080010c0                __aeabi_fcmpun
                0x080010c0                __unordsf2
 .text          0x080010ec       0x4c /Users/jleeman/.platformio/packages/toolchain-gccarmnoneeabi/bin/../lib/gcc/arm-none-eabi/12.3.1/thumb/v7-m/nofp/libgcc.a(_arm_fixsfsi.o)
                0x080010ec                __fixsfsi
                0x080010ec                __aeabi_f2iz
 .text          0x08001138       0x40 /Users/jleeman/.platformio/packages/toolchain-gccarmnoneeabi/bin/../lib/gcc/arm-none-eabi/12.3.1/thumb/v7-m/nofp/libgcc.a(_arm_fixunssfsi.o)
                0x08001138                __aeabi_f2uiz
                0x08001138                __fixunssfsi
 .text          0x08001178       0x10 /Users/jleeman/.platformio/packages/toolchain-gccarmnoneeabi/bin/../lib/gcc/arm-none-eabi/12.3.1/../../../../arm-none-eabi/lib/thumb/v7-m/nofp/libc_nano.a(libc_a-strlen.o)
                0x08001178                strlen
 .text          0x08001188       0x14 /Users/jleeman/.platformio/packages/toolchain-gccarmnoneeabi/bin/../lib/gcc/arm-none-eabi/12.3.1/../../../../arm-none-eabi/lib/thumb/v7-m/nofp/libc_nano.a(libc_a-strcmp.o)
                0x08001188                strcmp
 *(.text*)
 .text.__do_global_dtors_aux
                0x0800119c       0x24 /Users/jleeman/.platformio/packages/toolchain-gccarmnoneeabi/bin/../lib/gcc/arm-none-eabi/12.3.1/thumb/v7-m/nofp/crtbegin.o
 .text.frame_dummy
                0x080011c0       0x1c /Users/jleeman/.platformio/packages/toolchain-gccarmnoneeabi/bin/../lib/gcc/arm-none-eabi/12.3.1/thumb/v7-m/nofp/crtbegin.o
 .text.Reset_Handler
                0x080011dc       0x60 .pio/build/bluepill_f103c8_128k/FrameworkArduinoVariant/startup_M200_f103xb.S.o
                0x080011dc                Reset_Handler
 .text.Default_Handler
                0x0800123c        0x4 .pio/build/bluepill_f103c8_128k/FrameworkArduinoVariant/startup_M200_f103xb.S.o
                0x0800123c                USBWakeUp_IRQHandler
                0x0800123c                DebugMon_Handler
                0x0800123c                HardFault_Handler
                0x0800123c                PVD_IRQHandler
                0x0800123c                PendSV_Handler
                0x0800123c                NMI_Handler
                0x0800123c                UsageFault_Handler
                0x0800123c                ADC1_2_IRQHandler
                0x0800123c                SPI1_IRQHandler
                0x0800123c                TAMPER_IRQHandler
                0x0800123c                DMA1_Channel4_IRQHandler
                0x0800123c                RTC_IRQHandler
                0x0800123c                DMA1_Channel7_IRQHandler
                0x0800123c                CAN1_RX1_IRQHandler
                0x0800123c                DMA1_Channel6_IRQHandler
                0x0800123c                RCC_IRQHandler
                0x0800123c                TIM1_TRG_COM_IRQHandler
                0x0800123c                DMA1_Channel1_IRQHandler
                0x0800123c                Default_Handler
                0x0800123c                SPI2_IRQHandler
                0x0800123c                MemManage_Handler
                0x0800123c                SVC_Handler
                0x0800123c                DMA1_Channel5_IRQHandler
                0x0800123c                USB_LP_CAN1_RX0_IRQHandler
                0x0800123c                USB_HP_CAN1_TX_IRQHandler
                0x0800123c                DMA1_Channel3_IRQHandler
                0x0800123c                WWDG_IRQHandler
                0x0800123c                TIM1_BRK_IRQHandler
                0x0800123c                DMA1_Channel2_IRQHandler
                0x0800123c                CAN1_SCE_IRQHandler
                0x0800123c                FLASH_IRQHandler
                0x0800123c                BusFault_Handler
                0x0800123c                RTC_Alarm_IRQHandler
 .text.SystemClock_Config
                0x08001240       0x7c .pio/build/bluepill_f103c8_128k/FrameworkArduinoVariant/variant_PILL_F103Cx.cpp.o
                0x08001240                SystemClock_Config
 .text.HAL_MspInit
                0x080012bc        0x2 .pio/build/bluepill_f103c8_128k/SrcWrapper/src/HAL/stm32yyxx_hal.c.o
                0x080012bc                HAL_MspInit
 *fill*         0x080012be        0x2 
 .text.HAL_InitTick
                0x080012c0       0x48 .pio/build/bluepill_f103c8_128k/SrcWrapper/src/HAL/stm32yyxx_hal.c.o
                0x080012c0                HAL_InitTick
 .text.HAL_Init
                0x08001308       0x24 .pio/build/bluepill_f103c8_128k/SrcWrapper/src/HAL/stm32yyxx_hal.c.o
                0x08001308                HAL_Init
 .text.HAL_IncTick
                0x0800132c       0x18 .pio/build/bluepill_f103c8_128k/SrcWrapper/src/HAL/stm32yyxx_hal.c.o
                0x0800132c                HAL_IncTick
 .text.HAL_GetTick
                0x08001344        0xc .pio/build/bluepill_f103c8_128k/SrcWrapper/src/HAL/stm32yyxx_hal.c.o
                0x08001344                HAL_GetTick
 .text.HAL_NVIC_SetPriorityGrouping
                0x08001350       0x24 .pio/build/bluepill_f103c8_128k/SrcWrapper/src/HAL/stm32yyxx_hal_cortex.c.o
                0x08001350                HAL_NVIC_SetPriorityGrouping
 .text.HAL_NVIC_SetPriority
                0x08001374       0x60 .pio/build/bluepill_f103c8_128k/SrcWrapper/src/HAL/stm32yyxx_hal_cortex.c.o
                0x08001374                HAL_NVIC_SetPriority
 .text.HAL_NVIC_EnableIRQ
                0x080013d4       0x1c .pio/build/bluepill_f103c8_128k/SrcWrapper/src/HAL/stm32yyxx_hal_cortex.c.o
                0x080013d4                HAL_NVIC_EnableIRQ
 .text.HAL_NVIC_DisableIRQ
                0x080013f0       0x24 .pio/build/bluepill_f103c8_128k/SrcWrapper/src/HAL/stm32yyxx_hal_cortex.c.o
                0x080013f0                HAL_NVIC_DisableIRQ
 .text.HAL_SYSTICK_Config
                0x08001414       0x28 .pio/build/bluepill_f103c8_128k/SrcWrapper/src/HAL/stm32yyxx_hal_cortex.c.o
                0x08001414                HAL_SYSTICK_Config
 .text.HAL_NVIC_ClearPendingIRQ
                0x0800143c       0x1c .pio/build/bluepill_f103c8_128k/SrcWrapper/src/HAL/stm32yyxx_hal_cortex.c.o
                0x0800143c                HAL_NVIC_ClearPendingIRQ
 .text.HAL_SYSTICK_Callback
                0x08001458        0x2 .pio/build/bluepill_f103c8_128k/SrcWrapper/src/HAL/stm32yyxx_hal_cortex.c.o
                0x08001458                HAL_SYSTICK_Callback
 .text.HAL_SYSTICK_IRQHandler
                0x0800145a        0x8 .pio/build/bluepill_f103c8_128k/SrcWrapper/src/HAL/stm32yyxx_hal_cortex.c.o
                0x0800145a                HAL_SYSTICK_IRQHandler
 .text.HAL_CRC_MspInit
                0x08001462        0x2 .pio/build/bluepill_f103c8_128k/SrcWrapper/src/HAL/stm32yyxx_hal_crc.c.o
                0x08001462                HAL_CRC_MspInit
 .text.HAL_CRC_Init
                0x08001464       0x20 .pio/build/bluepill_f103c8_128k/SrcWrapper/src/HAL/stm32yyxx_hal_crc.c.o
                0x08001464                HAL_CRC_Init
 .text.HAL_DMA_Abort
                0x08001484       0x3e .pio/build/bluepill_f103c8_128k/SrcWrapper/src/HAL/stm32yyxx_hal_dma.c.o
                0x08001484                HAL_DMA_Abort
 *fill*         0x080014c2        0x2 
 .text.HAL_DMA_Abort_IT
                0x080014c4       0x8c .pio/build/bluepill_f103c8_128k/SrcWrapper/src/HAL/stm32yyxx_hal_dma.c.o
                0x080014c4                HAL_DMA_Abort_IT
 .text.HAL_DMA_GetState
                0x08001550        0x6 .pio/build/bluepill_f103c8_128k/SrcWrapper/src/HAL/stm32yyxx_hal_dma.c.o
                0x08001550                HAL_DMA_GetState
 *fill*         0x08001556        0x2 
 .text.HAL_GPIO_Init
                0x08001558      0x1b0 .pio/build/bluepill_f103c8_128k/SrcWrapper/src/HAL/stm32yyxx_hal_gpio.c.o
                0x08001558                HAL_GPIO_Init
 .text.HAL_GPIO_EXTI_IRQHandler
                0x08001708       0x18 .pio/build/bluepill_f103c8_128k/SrcWrapper/src/HAL/stm32yyxx_hal_gpio.c.o
                0x08001708                HAL_GPIO_EXTI_IRQHandler
 .text.I2C_WaitOnFlagUntilTimeout
                0x08001720       0x80 .pio/build/bluepill_f103c8_128k/SrcWrapper/src/HAL/stm32yyxx_hal_i2c.c.o
 .text.HAL_I2C_MspInit
                0x080017a0        0x2 .pio/build/bluepill_f103c8_128k/SrcWrapper/src/HAL/stm32yyxx_hal_i2c.c.o
                0x080017a0                HAL_I2C_MspInit
 *fill*         0x080017a2        0x2 
 .text.HAL_I2C_Init
                0x080017a4      0x14c .pio/build/bluepill_f103c8_128k/SrcWrapper/src/HAL/stm32yyxx_hal_i2c.c.o
                0x080017a4                HAL_I2C_Init
 .text.HAL_I2C_MspDeInit
                0x080018f0        0x2 .pio/build/bluepill_f103c8_128k/SrcWrapper/src/HAL/stm32yyxx_hal_i2c.c.o
                0x080018f0                HAL_I2C_MspDeInit
 .text.HAL_I2C_DeInit
                0x080018f2       0x32 .pio/build/bluepill_f103c8_128k/SrcWrapper/src/HAL/stm32yyxx_hal_i2c.c.o
                0x080018f2                HAL_I2C_DeInit
 .text.HAL_I2C_IsDeviceReady
                0x08001924      0x160 .pio/build/bluepill_f103c8_128k/SrcWrapper/src/HAL/stm32yyxx_hal_i2c.c.o
                0x08001924                HAL_I2C_IsDeviceReady
 .text.HAL_I2C_Master_Seq_Transmit_IT
                0x08001a84       0xd0 .pio/build/bluepill_f103c8_128k/SrcWrapper/src/HAL/stm32yyxx_hal_i2c.c.o
                0x08001a84                HAL_I2C_Master_Seq_Transmit_IT
 .text.HAL_I2C_Master_Seq_Receive_IT
                0x08001b54      0x10c .pio/build/bluepill_f103c8_128k/SrcWrapper/src/HAL/stm32yyxx_hal_i2c.c.o
                0x08001b54                HAL_I2C_Master_Seq_Receive_IT
 .text.HAL_I2C_Slave_Seq_Transmit_IT
                0x08001c60       0x76 .pio/build/bluepill_f103c8_128k/SrcWrapper/src/HAL/stm32yyxx_hal_i2c.c.o
                0x08001c60                HAL_I2C_Slave_Seq_Transmit_IT
 .text.HAL_I2C_Slave_Seq_Receive_IT
                0x08001cd6       0x76 .pio/build/bluepill_f103c8_128k/SrcWrapper/src/HAL/stm32yyxx_hal_i2c.c.o
                0x08001cd6                HAL_I2C_Slave_Seq_Receive_IT
 .text.HAL_I2C_EnableListen_IT
                0x08001d4c       0x36 .pio/build/bluepill_f103c8_128k/SrcWrapper/src/HAL/stm32yyxx_hal_i2c.c.o
                0x08001d4c                HAL_I2C_EnableListen_IT
 .text.HAL_I2C_MasterTxCpltCallback
                0x08001d82        0x2 .pio/build/bluepill_f103c8_128k/SrcWrapper/src/HAL/stm32yyxx_hal_i2c.c.o
                0x08001d82                HAL_I2C_MasterTxCpltCallback
 .text.HAL_I2C_MasterRxCpltCallback
                0x08001d84        0x2 .pio/build/bluepill_f103c8_128k/SrcWrapper/src/HAL/stm32yyxx_hal_i2c.c.o
                0x08001d84                HAL_I2C_MasterRxCpltCallback
 .text.HAL_I2C_MemTxCpltCallback
                0x08001d86        0x2 .pio/build/bluepill_f103c8_128k/SrcWrapper/src/HAL/stm32yyxx_hal_i2c.c.o
                0x08001d86                HAL_I2C_MemTxCpltCallback
 .text.I2C_MemoryTransmit_TXE_BTF
                0x08001d88       0xb6 .pio/build/bluepill_f103c8_128k/SrcWrapper/src/HAL/stm32yyxx_hal_i2c.c.o
 .text.HAL_I2C_MemRxCpltCallback
                0x08001e3e        0x2 .pio/build/bluepill_f103c8_128k/SrcWrapper/src/HAL/stm32yyxx_hal_i2c.c.o
                0x08001e3e                HAL_I2C_MemRxCpltCallback
 .text.HAL_I2C_AbortCpltCallback
                0x08001e40        0x2 .pio/build/bluepill_f103c8_128k/SrcWrapper/src/HAL/stm32yyxx_hal_i2c.c.o
                0x08001e40                HAL_I2C_AbortCpltCallback
 *fill*         0x08001e42        0x2 
 .text.I2C_DMAAbort
                0x08001e44       0xe4 .pio/build/bluepill_f103c8_128k/SrcWrapper/src/HAL/stm32yyxx_hal_i2c.c.o
 .text.I2C_ITError
                0x08001f28      0x15c .pio/build/bluepill_f103c8_128k/SrcWrapper/src/HAL/stm32yyxx_hal_i2c.c.o
 .text.HAL_I2C_EV_IRQHandler
                0x08002084      0x8d8 .pio/build/bluepill_f103c8_128k/SrcWrapper/src/HAL/stm32yyxx_hal_i2c.c.o
                0x08002084                HAL_I2C_EV_IRQHandler
 .text.HAL_I2C_ER_IRQHandler
                0x0800295c      0x160 .pio/build/bluepill_f103c8_128k/SrcWrapper/src/HAL/stm32yyxx_hal_i2c.c.o
                0x0800295c                HAL_I2C_ER_IRQHandler
 .text.HAL_I2C_GetState
                0x08002abc        0x6 .pio/build/bluepill_f103c8_128k/SrcWrapper/src/HAL/stm32yyxx_hal_i2c.c.o
                0x08002abc                HAL_I2C_GetState
 .text.HAL_I2C_GetError
                0x08002ac2        0x4 .pio/build/bluepill_f103c8_128k/SrcWrapper/src/HAL/stm32yyxx_hal_i2c.c.o
                0x08002ac2                HAL_I2C_GetError
 *fill*         0x08002ac6        0x2 
 .text.HAL_RCC_OscConfig
                0x08002ac8      0x338 .pio/build/bluepill_f103c8_128k/SrcWrapper/src/HAL/stm32yyxx_hal_rcc.c.o
                0x08002ac8                HAL_RCC_OscConfig
 .text.HAL_RCC_GetSysClockFreq
                0x08002e00       0x4c .pio/build/bluepill_f103c8_128k/SrcWrapper/src/HAL/stm32yyxx_hal_rcc.c.o
                0x08002e00                HAL_RCC_GetSysClockFreq
 .text.HAL_RCC_ClockConfig
                0x08002e4c      0x138 .pio/build/bluepill_f103c8_128k/SrcWrapper/src/HAL/stm32yyxx_hal_rcc.c.o
                0x08002e4c                HAL_RCC_ClockConfig
 .text.HAL_RCC_GetPCLK1Freq
                0x08002f84       0x20 .pio/build/bluepill_f103c8_128k/SrcWrapper/src/HAL/stm32yyxx_hal_rcc.c.o
                0x08002f84                HAL_RCC_GetPCLK1Freq
 .text.HAL_RCC_GetPCLK2Freq
                0x08002fa4       0x20 .pio/build/bluepill_f103c8_128k/SrcWrapper/src/HAL/stm32yyxx_hal_rcc.c.o
                0x08002fa4                HAL_RCC_GetPCLK2Freq
 .text.HAL_RCC_GetClockConfig
                0x08002fc4       0x3c .pio/build/bluepill_f103c8_128k/SrcWrapper/src/HAL/stm32yyxx_hal_rcc.c.o
                0x08002fc4                HAL_RCC_GetClockConfig
 .text.HAL_RCCEx_PeriphCLKConfig
                0x08003000       0xf4 .pio/build/bluepill_f103c8_128k/SrcWrapper/src/HAL/stm32yyxx_hal_rcc_ex.c.o
                0x08003000                HAL_RCCEx_PeriphCLKConfig
 .text.HAL_SPI_MspInit
                0x080030f4        0x2 .pio/build/bluepill_f103c8_128k/SrcWrapper/src/HAL/stm32yyxx_hal_spi.c.o
                0x080030f4                HAL_SPI_MspInit
 .text.HAL_SPI_Init
                0x080030f6       0xb0 .pio/build/bluepill_f103c8_128k/SrcWrapper/src/HAL/stm32yyxx_hal_spi.c.o
                0x080030f6                HAL_SPI_Init
 *fill*         0x080031a6        0x2 
 .text.TIM_OC1_SetConfig
                0x080031a8       0x50 .pio/build/bluepill_f103c8_128k/SrcWrapper/src/HAL/stm32yyxx_hal_tim.c.o
 .text.TIM_OC3_SetConfig
                0x080031f8       0x54 .pio/build/bluepill_f103c8_128k/SrcWrapper/src/HAL/stm32yyxx_hal_tim.c.o
 .text.TIM_OC4_SetConfig
                0x0800324c       0x44 .pio/build/bluepill_f103c8_128k/SrcWrapper/src/HAL/stm32yyxx_hal_tim.c.o
 .text.HAL_TIM_Base_Start
                0x08003290       0x4c .pio/build/bluepill_f103c8_128k/SrcWrapper/src/HAL/stm32yyxx_hal_tim.c.o
                0x08003290                HAL_TIM_Base_Start
 .text.HAL_TIM_GenerateEvent
                0x080032dc       0x24 .pio/build/bluepill_f103c8_128k/SrcWrapper/src/HAL/stm32yyxx_hal_tim.c.o
                0x080032dc                HAL_TIM_GenerateEvent
 .text.HAL_TIM_PWM_PulseFinishedCallback
                0x08003300        0x2 .pio/build/bluepill_f103c8_128k/SrcWrapper/src/HAL/stm32yyxx_hal_tim.c.o
                0x08003300                HAL_TIM_PWM_PulseFinishedCallback
 .text.HAL_TIM_TriggerCallback
                0x08003302        0x2 .pio/build/bluepill_f103c8_128k/SrcWrapper/src/HAL/stm32yyxx_hal_tim.c.o
                0x08003302                HAL_TIM_TriggerCallback
 .text.HAL_TIM_IRQHandler
                0x08003304      0x128 .pio/build/bluepill_f103c8_128k/SrcWrapper/src/HAL/stm32yyxx_hal_tim.c.o
                0x08003304                HAL_TIM_IRQHandler
 .text.TIM_Base_SetConfig
                0x0800342c       0x64 .pio/build/bluepill_f103c8_128k/SrcWrapper/src/HAL/stm32yyxx_hal_tim.c.o
                0x0800342c                TIM_Base_SetConfig
 .text.HAL_TIM_Base_Init
                0x08003490       0x58 .pio/build/bluepill_f103c8_128k/SrcWrapper/src/HAL/stm32yyxx_hal_tim.c.o
                0x08003490                HAL_TIM_Base_Init
 .text.TIM_OC2_SetConfig
                0x080034e8       0x58 .pio/build/bluepill_f103c8_128k/SrcWrapper/src/HAL/stm32yyxx_hal_tim.c.o
                0x080034e8                TIM_OC2_SetConfig
 .text.HAL_TIM_OC_ConfigChannel
                0x08003540       0x4c .pio/build/bluepill_f103c8_128k/SrcWrapper/src/HAL/stm32yyxx_hal_tim.c.o
                0x08003540                HAL_TIM_OC_ConfigChannel
 .text.HAL_TIM_PWM_ConfigChannel
                0x0800358c       0xb0 .pio/build/bluepill_f103c8_128k/SrcWrapper/src/HAL/stm32yyxx_hal_tim.c.o
                0x0800358c                HAL_TIM_PWM_ConfigChannel
 .text.TIM_TI1_SetConfig
                0x0800363c       0x54 .pio/build/bluepill_f103c8_128k/SrcWrapper/src/HAL/stm32yyxx_hal_tim.c.o
                0x0800363c                TIM_TI1_SetConfig
 .text.HAL_TIM_IC_ConfigChannel
                0x08003690      0x124 .pio/build/bluepill_f103c8_128k/SrcWrapper/src/HAL/stm32yyxx_hal_tim.c.o
                0x08003690                HAL_TIM_IC_ConfigChannel
 .text.TIM_CCxChannelCmd
                0x080037b4       0x1c .pio/build/bluepill_f103c8_128k/SrcWrapper/src/HAL/stm32yyxx_hal_tim.c.o
                0x080037b4                TIM_CCxChannelCmd
 .text.HAL_TIM_OC_Start
                0x080037d0       0x98 .pio/build/bluepill_f103c8_128k/SrcWrapper/src/HAL/stm32yyxx_hal_tim.c.o
                0x080037d0                HAL_TIM_OC_Start
 .text.HAL_TIM_PWM_Start
                0x08003868        0x4 .pio/build/bluepill_f103c8_128k/SrcWrapper/src/HAL/stm32yyxx_hal_tim.c.o
                0x08003868                HAL_TIM_PWM_Start
 .text.HAL_TIM_IC_Start
                0x0800386c       0xd0 .pio/build/bluepill_f103c8_128k/SrcWrapper/src/HAL/stm32yyxx_hal_tim.c.o
                0x0800386c                HAL_TIM_IC_Start
 .text.TIM_CCxNChannelCmd
                0x0800393c       0x1c .pio/build/bluepill_f103c8_128k/SrcWrapper/src/HAL/stm32yyxx_hal_tim_ex.c.o
 .text.HAL_TIMEx_OCN_Start
                0x08003958       0x94 .pio/build/bluepill_f103c8_128k/SrcWrapper/src/HAL/stm32yyxx_hal_tim_ex.c.o
                0x08003958                HAL_TIMEx_OCN_Start
 .text.HAL_TIMEx_PWMN_Start
                0x080039ec        0x4 .pio/build/bluepill_f103c8_128k/SrcWrapper/src/HAL/stm32yyxx_hal_tim_ex.c.o
                0x080039ec                HAL_TIMEx_PWMN_Start
 .text.HAL_TIMEx_CommutCallback
                0x080039f0        0x2 .pio/build/bluepill_f103c8_128k/SrcWrapper/src/HAL/stm32yyxx_hal_tim_ex.c.o
                0x080039f0                HAL_TIMEx_CommutCallback
 .text.HAL_TIMEx_BreakCallback
                0x080039f2        0x2 .pio/build/bluepill_f103c8_128k/SrcWrapper/src/HAL/stm32yyxx_hal_tim_ex.c.o
                0x080039f2                HAL_TIMEx_BreakCallback
 .text.UART_EndRxTransfer
                0x080039f4       0x5c .pio/build/bluepill_f103c8_128k/SrcWrapper/src/HAL/stm32yyxx_hal_uart.c.o
 .text.UART_SetConfig
                0x08003a50       0x74 .pio/build/bluepill_f103c8_128k/SrcWrapper/src/HAL/stm32yyxx_hal_uart.c.o
 .text.HAL_UART_MspInit
                0x08003ac4        0x2 .pio/build/bluepill_f103c8_128k/SrcWrapper/src/HAL/stm32yyxx_hal_uart.c.o
                0x08003ac4                HAL_UART_MspInit
 .text.HAL_UART_Init
                0x08003ac6       0x5e .pio/build/bluepill_f103c8_128k/SrcWrapper/src/HAL/stm32yyxx_hal_uart.c.o
                0x08003ac6                HAL_UART_Init
 .text.HAL_HalfDuplex_Init
                0x08003b24       0x66 .pio/build/bluepill_f103c8_128k/SrcWrapper/src/HAL/stm32yyxx_hal_uart.c.o
                0x08003b24                HAL_HalfDuplex_Init
 .text.HAL_UART_Transmit_IT
                0x08003b8a       0x32 .pio/build/bluepill_f103c8_128k/SrcWrapper/src/HAL/stm32yyxx_hal_uart.c.o
                0x08003b8a                HAL_UART_Transmit_IT
 .text.UART_DMAAbortOnError
                0x08003bbc       0x10 .pio/build/bluepill_f103c8_128k/SrcWrapper/src/HAL/stm32yyxx_hal_uart.c.o
 .text.HAL_UARTEx_RxEventCallback
                0x08003bcc        0x2 .pio/build/bluepill_f103c8_128k/SrcWrapper/src/HAL/stm32yyxx_hal_uart.c.o
                0x08003bcc                HAL_UARTEx_RxEventCallback
 .text.UART_Receive_IT.isra.0
                0x08003bce       0xb6 .pio/build/bluepill_f103c8_128k/SrcWrapper/src/HAL/stm32yyxx_hal_uart.c.o
 .text.HAL_UART_IRQHandler
                0x08003c84      0x2d8 .pio/build/bluepill_f103c8_128k/SrcWrapper/src/HAL/stm32yyxx_hal_uart.c.o
                0x08003c84                HAL_UART_IRQHandler
 .text.HAL_HalfDuplex_EnableTransmitter
                0x08003f5c       0x30 .pio/build/bluepill_f103c8_128k/SrcWrapper/src/HAL/stm32yyxx_hal_uart.c.o
                0x08003f5c                HAL_HalfDuplex_EnableTransmitter
 .text.HAL_HalfDuplex_EnableReceiver
                0x08003f8c       0x30 .pio/build/bluepill_f103c8_128k/SrcWrapper/src/HAL/stm32yyxx_hal_uart.c.o
                0x08003f8c                HAL_HalfDuplex_EnableReceiver
 .text.HAL_UART_GetState
                0x08003fbc        0xc .pio/build/bluepill_f103c8_128k/SrcWrapper/src/HAL/stm32yyxx_hal_uart.c.o
                0x08003fbc                HAL_UART_GetState
 .text.UART_Start_Receive_IT
                0x08003fc8       0x32 .pio/build/bluepill_f103c8_128k/SrcWrapper/src/HAL/stm32yyxx_hal_uart.c.o
                0x08003fc8                UART_Start_Receive_IT
 .text.HAL_UART_Receive_IT
                0x08003ffa       0x22 .pio/build/bluepill_f103c8_128k/SrcWrapper/src/HAL/stm32yyxx_hal_uart.c.o
                0x08003ffa                HAL_UART_Receive_IT
 .text._ZNSt8functionIFvvEEaSEDn.isra.0
                0x0800401c       0x16 .pio/build/bluepill_f103c8_128k/SrcWrapper/src/HardwareTimer.cpp.o
 .text._ZNSt14_Function_baseD2Ev
                0x08004032       0x12 .pio/build/bluepill_f103c8_128k/SrcWrapper/src/HardwareTimer.cpp.o
                0x08004032                std::_Function_base::~_Function_base()
                0x08004032                std::_Function_base::~_Function_base()
 .text._ZN13HardwareTimer10getChannelEm
                0x08004044        0xe .pio/build/bluepill_f103c8_128k/SrcWrapper/src/HardwareTimer.cpp.o
                0x08004044                HardwareTimer::getChannel(unsigned long)
 *fill*         0x08004052        0x2 
 .text._ZN13HardwareTimer12getLLChannelEm
                0x08004054       0x44 .pio/build/bluepill_f103c8_128k/SrcWrapper/src/HardwareTimer.cpp.o
                0x08004054                HardwareTimer::getLLChannel(unsigned long)
 .text._ZN13HardwareTimer5getITEm
                0x08004098       0x14 .pio/build/bluepill_f103c8_128k/SrcWrapper/src/HardwareTimer.cpp.o
                0x08004098                HardwareTimer::getIT(unsigned long)
 .text._ZN13HardwareTimer20getAssociatedChannelEm
                0x080040ac       0x14 .pio/build/bluepill_f103c8_128k/SrcWrapper/src/HardwareTimer.cpp.o
                0x080040ac                HardwareTimer::getAssociatedChannel(unsigned long)
 .text._ZN13HardwareTimer13resumeChannelEm
                0x080040c0       0xf6 .pio/build/bluepill_f103c8_128k/SrcWrapper/src/HardwareTimer.cpp.o
                0x080040c0                HardwareTimer::resumeChannel(unsigned long)
 .text._ZN13HardwareTimer6resumeEv
                0x080041b6       0x4c .pio/build/bluepill_f103c8_128k/SrcWrapper/src/HardwareTimer.cpp.o
                0x080041b6                HardwareTimer::resume()
 *fill*         0x08004202        0x2 
 .text._ZN13HardwareTimer7setModeEm12TimerModes_t7PinName20ChannelInputFilter_t
                0x08004204      0x240 .pio/build/bluepill_f103c8_128k/SrcWrapper/src/HardwareTimer.cpp.o
                0x08004204                HardwareTimer::setMode(unsigned long, TimerModes_t, PinName, ChannelInputFilter_t)
 .text._ZN13HardwareTimer7getModeEm
                0x08004444       0x10 .pio/build/bluepill_f103c8_128k/SrcWrapper/src/HardwareTimer.cpp.o
                0x08004444                HardwareTimer::getMode(unsigned long)
 .text._ZN13HardwareTimer7refreshEv
                0x08004454        0x8 .pio/build/bluepill_f103c8_128k/SrcWrapper/src/HardwareTimer.cpp.o
                0x08004454                HardwareTimer::refresh()
 .text._ZN13HardwareTimer9isRunningEv
                0x0800445c        0xa .pio/build/bluepill_f103c8_128k/SrcWrapper/src/HardwareTimer.cpp.o
                0x0800445c                HardwareTimer::isRunning()
 .text._ZN13HardwareTimer27updateRegistersIfNotRunningEP11TIM_TypeDef
                0x08004466       0x3a .pio/build/bluepill_f103c8_128k/SrcWrapper/src/HardwareTimer.cpp.o
                0x08004466                HardwareTimer::updateRegistersIfNotRunning(TIM_TypeDef*)
 .text._Z15get_timer_indexP11TIM_TypeDef
                0x080044a0       0x34 .pio/build/bluepill_f103c8_128k/SrcWrapper/src/HardwareTimer.cpp.o
                0x080044a0                get_timer_index(TIM_TypeDef*)
 .text._ZN13HardwareTimerD2Ev
                0x080044d4       0x40 .pio/build/bluepill_f103c8_128k/SrcWrapper/src/HardwareTimer.cpp.o
                0x080044d4                HardwareTimer::~HardwareTimer()
                0x080044d4                HardwareTimer::~HardwareTimer()
 .text._ZN13HardwareTimer5setupEP11TIM_TypeDef
                0x08004514       0x84 .pio/build/bluepill_f103c8_128k/SrcWrapper/src/HardwareTimer.cpp.o
                0x08004514                HardwareTimer::setup(TIM_TypeDef*)
 .text._ZN13HardwareTimer15getTimerClkFreqEv
                0x08004598       0x58 .pio/build/bluepill_f103c8_128k/SrcWrapper/src/HardwareTimer.cpp.o
                0x08004598                HardwareTimer::getTimerClkFreq()
 .text._ZN13HardwareTimer11setOverflowEm13TimerFormat_t
                0x080045f0       0x4c .pio/build/bluepill_f103c8_128k/SrcWrapper/src/HardwareTimer.cpp.o
                0x080045f0                HardwareTimer::setOverflow(unsigned long, TimerFormat_t)
 .text._ZN13HardwareTimer17setCaptureCompareEmm20TimerCompareFormat_t
                0x0800463c       0x9c .pio/build/bluepill_f103c8_128k/SrcWrapper/src/HardwareTimer.cpp.o
                0x0800463c                HardwareTimer::setCaptureCompare(unsigned long, unsigned long, TimerCompareFormat_t)
 .text.TIM1_UP_IRQHandler
                0x080046d8       0x14 .pio/build/bluepill_f103c8_128k/SrcWrapper/src/HardwareTimer.cpp.o
                0x080046d8                TIM1_UP_IRQHandler
 .text.TIM1_CC_IRQHandler
                0x080046ec        0x4 .pio/build/bluepill_f103c8_128k/SrcWrapper/src/HardwareTimer.cpp.o
                0x080046ec                TIM1_CC_IRQHandler
 .text.TIM2_IRQHandler
                0x080046f0       0x14 .pio/build/bluepill_f103c8_128k/SrcWrapper/src/HardwareTimer.cpp.o
                0x080046f0                TIM2_IRQHandler
 .text.TIM3_IRQHandler
                0x08004704       0x14 .pio/build/bluepill_f103c8_128k/SrcWrapper/src/HardwareTimer.cpp.o
                0x08004704                TIM3_IRQHandler
 .text.TIM4_IRQHandler
                0x08004718       0x14 .pio/build/bluepill_f103c8_128k/SrcWrapper/src/HardwareTimer.cpp.o
                0x08004718                TIM4_IRQHandler
 .text._ZNSt8functionIFvvEEC2Ev
                0x0800472c        0xc .pio/build/bluepill_f103c8_128k/SrcWrapper/src/HardwareTimer.cpp.o
                0x0800472c                std::function<void ()>::function()
                0x0800472c                std::function<void ()>::function()
 .text._ZN13HardwareTimerC2EP11TIM_TypeDef
                0x08004738       0x2a .pio/build/bluepill_f103c8_128k/SrcWrapper/src/HardwareTimer.cpp.o
                0x08004738                HardwareTimer::HardwareTimer(TIM_TypeDef*)
                0x08004738                HardwareTimer::HardwareTimer(TIM_TypeDef*)
 .text._ZNSt8functionIFvvEEC2ERKS1_
                0x08004762       0x24 .pio/build/bluepill_f103c8_128k/SrcWrapper/src/HardwareTimer.cpp.o
                0x08004762                std::function<void ()>::function(std::function<void ()> const&)
                0x08004762                std::function<void ()>::function(std::function<void ()> const&)
 .text._ZNKSt8functionIFvvEEclEv
                0x08004786       0x12 .pio/build/bluepill_f103c8_128k/SrcWrapper/src/HardwareTimer.cpp.o
                0x08004786                std::function<void ()>::operator()() const
 .text._ZN13HardwareTimer14updateCallbackEP17TIM_HandleTypeDef
                0x08004798       0x18 .pio/build/bluepill_f103c8_128k/SrcWrapper/src/HardwareTimer.cpp.o
                0x08004798                HardwareTimer::updateCallback(TIM_HandleTypeDef*)
 .text.HAL_TIM_PeriodElapsedCallback
                0x080047b0        0x4 .pio/build/bluepill_f103c8_128k/SrcWrapper/src/HardwareTimer.cpp.o
                0x080047b0                HAL_TIM_PeriodElapsedCallback
 .text._ZN13HardwareTimer22captureCompareCallbackEP17TIM_HandleTypeDef
                0x080047b4       0x3e .pio/build/bluepill_f103c8_128k/SrcWrapper/src/HardwareTimer.cpp.o
                0x080047b4                HardwareTimer::captureCompareCallback(TIM_HandleTypeDef*)
 .text.HAL_TIM_OC_DelayElapsedCallback
                0x080047f2        0x4 .pio/build/bluepill_f103c8_128k/SrcWrapper/src/HardwareTimer.cpp.o
                0x080047f2                HAL_TIM_OC_DelayElapsedCallback
 .text.HAL_TIM_IC_CaptureCallback
                0x080047f6        0x4 .pio/build/bluepill_f103c8_128k/SrcWrapper/src/HardwareTimer.cpp.o
                0x080047f6                HAL_TIM_IC_CaptureCallback
 .text._Znwj    0x080047fa        0x4 .pio/build/bluepill_f103c8_128k/SrcWrapper/src/new.cpp.o
                0x080047fa                operator new(unsigned int)
 .text._ZdlPvj  0x080047fe        0x4 .pio/build/bluepill_f103c8_128k/SrcWrapper/src/new.cpp.o
                0x080047fe                operator delete(void*, unsigned int)
 *fill*         0x08004802        0x2 
 .text.set_GPIO_Port_Clock
                0x08004804       0xa8 .pio/build/bluepill_f103c8_128k/SrcWrapper/src/stm32/PortNames.c.o
                0x08004804                set_GPIO_Port_Clock
 .text.pwm_start
                0x080048ac       0xa4 .pio/build/bluepill_f103c8_128k/SrcWrapper/src/stm32/analog.cpp.o
                0x080048ac                pwm_start
 .text.pwm_stop
                0x08004950       0x5c .pio/build/bluepill_f103c8_128k/SrcWrapper/src/stm32/analog.cpp.o
                0x08004950                pwm_stop
 .text.getCurrentMillis
                0x080049ac        0x4 .pio/build/bluepill_f103c8_128k/SrcWrapper/src/stm32/clock.c.o
                0x080049ac                getCurrentMillis
 .text.noOsSystickHandler
                0x080049b0        0x2 .pio/build/bluepill_f103c8_128k/SrcWrapper/src/stm32/clock.c.o
                0x080049b0                noOsSystickHandler
                0x080049b0                osSystickHandler
 .text.SysTick_Handler
                0x080049b2       0x10 .pio/build/bluepill_f103c8_128k/SrcWrapper/src/stm32/clock.c.o
                0x080049b2                SysTick_Handler
 .text.configHSECapacitorTuning
                0x080049c2        0x2 .pio/build/bluepill_f103c8_128k/SrcWrapper/src/stm32/clock.c.o
                0x080049c2                configHSECapacitorTuning
 .text.configIPClock
                0x080049c4       0x44 .pio/build/bluepill_f103c8_128k/SrcWrapper/src/stm32/clock.c.o
                0x080049c4                configIPClock
 .text.dwt_init
                0x08004a08       0x3c .pio/build/bluepill_f103c8_128k/SrcWrapper/src/stm32/dwt.c.o
                0x08004a08                dwt_init
 .text.hw_config_init
                0x08004a44       0x24 .pio/build/bluepill_f103c8_128k/SrcWrapper/src/stm32/hw_config.c.o
                0x08004a44                hw_config_init
 .text._ZNSt17_Function_handlerIFvvEPS0_E10_M_managerERSt9_Any_dataRKS3_St18_Manager_operation
                0x08004a68       0x20 .pio/build/bluepill_f103c8_128k/SrcWrapper/src/stm32/interrupt.cpp.o
                0x08004a68                std::_Function_handler<void (), void (*)()>::_M_manager(std::_Any_data&, std::_Any_data const&, std::_Manager_operation)
 .text._ZNSt17_Function_handlerIFvvEPS0_E9_M_invokeERKSt9_Any_data
                0x08004a88        0x4 .pio/build/bluepill_f103c8_128k/SrcWrapper/src/stm32/interrupt.cpp.o
                0x08004a88                std::_Function_handler<void (), void (*)()>::_M_invoke(std::_Any_data const&)
 .text.startup._ZNSt8functionIFvvEEC2EDn.constprop.0.isra.0
                0x08004a8c        0xc .pio/build/bluepill_f103c8_128k/SrcWrapper/src/stm32/interrupt.cpp.o
 .text._Z23stm32_interrupt_disableP12GPIO_TypeDeft
                0x08004a98       0x78 .pio/build/bluepill_f103c8_128k/SrcWrapper/src/stm32/interrupt.cpp.o
                0x08004a98                stm32_interrupt_disable(GPIO_TypeDef*, unsigned short)
 .text.HAL_GPIO_EXTI_Callback
                0x08004b10       0x2c .pio/build/bluepill_f103c8_128k/SrcWrapper/src/stm32/interrupt.cpp.o
                0x08004b10                HAL_GPIO_EXTI_Callback
 .text.EXTI0_IRQHandler
                0x08004b3c        0x6 .pio/build/bluepill_f103c8_128k/SrcWrapper/src/stm32/interrupt.cpp.o
                0x08004b3c                EXTI0_IRQHandler
 .text.EXTI1_IRQHandler
                0x08004b42        0x6 .pio/build/bluepill_f103c8_128k/SrcWrapper/src/stm32/interrupt.cpp.o
                0x08004b42                EXTI1_IRQHandler
 .text.EXTI2_IRQHandler
                0x08004b48        0x6 .pio/build/bluepill_f103c8_128k/SrcWrapper/src/stm32/interrupt.cpp.o
                0x08004b48                EXTI2_IRQHandler
 .text.EXTI3_IRQHandler
                0x08004b4e        0x6 .pio/build/bluepill_f103c8_128k/SrcWrapper/src/stm32/interrupt.cpp.o
                0x08004b4e                EXTI3_IRQHandler
 .text.EXTI4_IRQHandler
                0x08004b54        0x6 .pio/build/bluepill_f103c8_128k/SrcWrapper/src/stm32/interrupt.cpp.o
                0x08004b54                EXTI4_IRQHandler
 .text.EXTI9_5_IRQHandler
                0x08004b5a       0x16 .pio/build/bluepill_f103c8_128k/SrcWrapper/src/stm32/interrupt.cpp.o
                0x08004b5a                EXTI9_5_IRQHandler
 .text.EXTI15_10_IRQHandler
                0x08004b70       0x18 .pio/build/bluepill_f103c8_128k/SrcWrapper/src/stm32/interrupt.cpp.o
                0x08004b70                EXTI15_10_IRQHandler
 .text._Z22stm32_interrupt_enableP12GPIO_TypeDeftSt8functionIFvvEEm
                0x08004b88       0xf0 .pio/build/bluepill_f103c8_128k/SrcWrapper/src/stm32/interrupt.cpp.o
                0x08004b88                stm32_interrupt_enable(GPIO_TypeDef*, unsigned short, std::function<void ()>, unsigned long)
 .text.startup._GLOBAL__sub_I__Z22stm32_interrupt_enableP12GPIO_TypeDeftSt8functionIFvvEEm
                0x08004c78       0xd8 .pio/build/bluepill_f103c8_128k/SrcWrapper/src/stm32/interrupt.cpp.o
 .text.exit._GLOBAL__sub_D__Z22stm32_interrupt_enableP12GPIO_TypeDeftSt8functionIFvvEEm
                0x08004d50       0x1c .pio/build/bluepill_f103c8_128k/SrcWrapper/src/stm32/interrupt.cpp.o
 .text.pin_SetF1AFPin
                0x08004d6c      0x1f8 .pio/build/bluepill_f103c8_128k/SrcWrapper/src/stm32/pinmap.c.o
 .text.LL_GPIO_SetPinMode
                0x08004f64       0x2c .pio/build/bluepill_f103c8_128k/SrcWrapper/src/stm32/pinmap.c.o
 .text.LL_GPIO_SetPinOutputType
                0x08004f90       0x2c .pio/build/bluepill_f103c8_128k/SrcWrapper/src/stm32/pinmap.c.o
 .text.pin_in_pinmap
                0x08004fbc       0x1e .pio/build/bluepill_f103c8_128k/SrcWrapper/src/stm32/pinmap.c.o
                0x08004fbc                pin_in_pinmap
 *fill*         0x08004fda        0x2 
 .text.pin_function
                0x08004fdc      0x18c .pio/build/bluepill_f103c8_128k/SrcWrapper/src/stm32/pinmap.c.o
                0x08004fdc                pin_function
 .text.pinmap_pinout
                0x08005168       0x1a .pio/build/bluepill_f103c8_128k/SrcWrapper/src/stm32/pinmap.c.o
                0x08005168                pinmap_pinout
 .text.pinmap_find_peripheral
                0x08005182       0x16 .pio/build/bluepill_f103c8_128k/SrcWrapper/src/stm32/pinmap.c.o
                0x08005182                pinmap_find_peripheral
 .text.pinmap_peripheral
                0x08005198        0xc .pio/build/bluepill_f103c8_128k/SrcWrapper/src/stm32/pinmap.c.o
                0x08005198                pinmap_peripheral
 .text.pinmap_find_pin
                0x080051a4       0x16 .pio/build/bluepill_f103c8_128k/SrcWrapper/src/stm32/pinmap.c.o
                0x080051a4                pinmap_find_pin
 .text.pinmap_pin
                0x080051ba        0xc .pio/build/bluepill_f103c8_128k/SrcWrapper/src/stm32/pinmap.c.o
                0x080051ba                pinmap_pin
 .text.pinmap_find_function
                0x080051c6       0x16 .pio/build/bluepill_f103c8_128k/SrcWrapper/src/stm32/pinmap.c.o
                0x080051c6                pinmap_find_function
 .text.pinmap_function
                0x080051dc        0xa .pio/build/bluepill_f103c8_128k/SrcWrapper/src/stm32/pinmap.c.o
                0x080051dc                pinmap_function
 .text.pinmap_merge_peripheral
                0x080051e6       0x14 .pio/build/bluepill_f103c8_128k/SrcWrapper/src/stm32/pinmap.c.o
                0x080051e6                pinmap_merge_peripheral
 *fill*         0x080051fa        0x2 
 .text.SystemInit
                0x080051fc       0x4c .pio/build/bluepill_f103c8_128k/SrcWrapper/src/stm32/system_stm32yyxx.c.o
                0x080051fc                SystemInit
 .text.get_timer_obj
                0x08005248        0x4 .pio/build/bluepill_f103c8_128k/SrcWrapper/src/stm32/timer.c.o
                0x08005248                get_timer_obj
 .text.enableTimerClock
                0x0800524c       0x88 .pio/build/bluepill_f103c8_128k/SrcWrapper/src/stm32/timer.c.o
                0x0800524c                enableTimerClock
 .text.disableTimerClock
                0x080052d4       0x5c .pio/build/bluepill_f103c8_128k/SrcWrapper/src/stm32/timer.c.o
                0x080052d4                disableTimerClock
 .text.getTimerUpIrq
                0x08005330       0x40 .pio/build/bluepill_f103c8_128k/SrcWrapper/src/stm32/timer.c.o
                0x08005330                getTimerUpIrq
 .text.getTimerCCIrq
                0x08005370       0x40 .pio/build/bluepill_f103c8_128k/SrcWrapper/src/stm32/timer.c.o
                0x08005370                getTimerCCIrq
 .text.HAL_TIM_Base_MspInit
                0x080053b0       0x4e .pio/build/bluepill_f103c8_128k/SrcWrapper/src/stm32/timer.c.o
                0x080053b0                HAL_TIM_Base_MspInit
 *fill*         0x080053fe        0x2 
 .text.getTimerClkSrc
                0x08005400       0x34 .pio/build/bluepill_f103c8_128k/SrcWrapper/src/stm32/timer.c.o
                0x08005400                getTimerClkSrc
 .text.getTimerChannel
                0x08005434       0x20 .pio/build/bluepill_f103c8_128k/SrcWrapper/src/stm32/timer.c.o
                0x08005434                getTimerChannel
 .text.uart_init.part.0
                0x08005454      0x1c8 .pio/build/bluepill_f103c8_128k/SrcWrapper/src/stm32/uart.c.o
 .text.uart_init
                0x0800561c       0x12 .pio/build/bluepill_f103c8_128k/SrcWrapper/src/stm32/uart.c.o
                0x0800561c                uart_init
 *fill*         0x0800562e        0x2 
 .text.serial_rx_active
                0x08005630       0x24 .pio/build/bluepill_f103c8_128k/SrcWrapper/src/stm32/uart.c.o
                0x08005630                serial_rx_active
 .text.serial_tx_active
                0x08005654       0x24 .pio/build/bluepill_f103c8_128k/SrcWrapper/src/stm32/uart.c.o
                0x08005654                serial_tx_active
 .text.uart_getc
                0x08005678       0x38 .pio/build/bluepill_f103c8_128k/SrcWrapper/src/stm32/uart.c.o
                0x08005678                uart_getc
 .text.uart_attach_rx_callback
                0x080056b0       0x40 .pio/build/bluepill_f103c8_128k/SrcWrapper/src/stm32/uart.c.o
                0x080056b0                uart_attach_rx_callback
 .text.uart_attach_tx_callback
                0x080056f0       0x40 .pio/build/bluepill_f103c8_128k/SrcWrapper/src/stm32/uart.c.o
                0x080056f0                uart_attach_tx_callback
 .text.uart_enable_tx
                0x08005730       0x1c .pio/build/bluepill_f103c8_128k/SrcWrapper/src/stm32/uart.c.o
                0x08005730                uart_enable_tx
 .text.uart_enable_rx
                0x0800574c       0x1c .pio/build/bluepill_f103c8_128k/SrcWrapper/src/stm32/uart.c.o
                0x0800574c                uart_enable_rx
 .text.HAL_UART_RxCpltCallback
                0x08005768        0x6 .pio/build/bluepill_f103c8_128k/SrcWrapper/src/stm32/uart.c.o
                0x08005768                HAL_UART_RxCpltCallback
 .text.HAL_UART_TxCpltCallback
                0x0800576e        0x6 .pio/build/bluepill_f103c8_128k/SrcWrapper/src/stm32/uart.c.o
                0x0800576e                HAL_UART_TxCpltCallback
 .text.HAL_UART_ErrorCallback
                0x08005774       0x7c .pio/build/bluepill_f103c8_128k/SrcWrapper/src/stm32/uart.c.o
                0x08005774                HAL_UART_ErrorCallback
 .text.USART1_IRQHandler
                0x080057f0       0x18 .pio/build/bluepill_f103c8_128k/SrcWrapper/src/stm32/uart.c.o
                0x080057f0                USART1_IRQHandler
 .text.USART2_IRQHandler
                0x08005808       0x1c .pio/build/bluepill_f103c8_128k/SrcWrapper/src/stm32/uart.c.o
                0x08005808                USART2_IRQHandler
 .text.USART3_IRQHandler
                0x08005824       0x1c .pio/build/bluepill_f103c8_128k/SrcWrapper/src/stm32/uart.c.o
                0x08005824                USART3_IRQHandler
 .text._sbrk    0x08005840       0x3c .pio/build/bluepill_f103c8_128k/SrcWrapper/src/syscalls.c.o
                0x08005840                _sbrk
 .text._exit    0x0800587c        0x2 .pio/build/bluepill_f103c8_128k/SrcWrapper/src/syscalls.c.o
                0x0800587c                _exit
 *fill*         0x0800587e        0x2 
 .text._kill    0x08005880       0x10 .pio/build/bluepill_f103c8_128k/SrcWrapper/src/syscalls.c.o
                0x08005880                _kill
 .text._getpid  0x08005890        0x4 .pio/build/bluepill_f103c8_128k/SrcWrapper/src/syscalls.c.o
                0x08005890                _getpid
 .text._ZN5Print17availableForWriteEv
                0x08005894        0x4 .pio/build/bluepill_f103c8_128k/src/main.cpp.o
                0x08005894                Print::availableForWrite()
 .text._Z6ppsISRv
                0x08005898       0x14 .pio/build/bluepill_f103c8_128k/src/main.cpp.o
                0x08005898                ppsISR()
 .text._ZN10StreamFileI10FsBaseFileyE4peekEv
                0x080058ac       0x18 .pio/build/bluepill_f103c8_128k/src/main.cpp.o
                0x080058ac                StreamFile<FsBaseFile, unsigned long long>::peek()
 .text._ZN10FsBaseFile4syncEv.isra.0
                0x080058c4       0x14 .pio/build/bluepill_f103c8_128k/src/main.cpp.o
 .text._ZN10StreamFileI10FsBaseFileyE5flushEv
                0x080058d8        0x6 .pio/build/bluepill_f103c8_128k/src/main.cpp.o
                0x080058d8                StreamFile<FsBaseFile, unsigned long long>::flush()
 .text._ZN8FsVolume6existsEPKc
                0x080058de       0x32 .pio/build/bluepill_f103c8_128k/src/main.cpp.o
                0x080058de                FsVolume::exists(char const*)
 .text._ZN8FsVolume6removeEPKc
                0x08005910       0x4a .pio/build/bluepill_f103c8_128k/src/main.cpp.o
                0x08005910                FsVolume::remove(char const*)
 .text._ZNK10FsBaseFile9availableEv
                0x0800595a       0x4e .pio/build/bluepill_f103c8_128k/src/main.cpp.o
                0x0800595a                FsBaseFile::available() const
 .text._ZN10StreamFileI10FsBaseFileyE9availableEv
                0x080059a8        0xa .pio/build/bluepill_f103c8_128k/src/main.cpp.o
                0x080059a8                StreamFile<FsBaseFile, unsigned long long>::available()
 .text._ZNK10FsBaseFile6isOpenEv
                0x080059b2       0x12 .pio/build/bluepill_f103c8_128k/src/main.cpp.o
                0x080059b2                FsBaseFile::isOpen() const
 .text._ZN10FsBaseFile4readEv
                0x080059c4       0x36 .pio/build/bluepill_f103c8_128k/src/main.cpp.o
                0x080059c4                FsBaseFile::read()
 .text._ZN10StreamFileI10FsBaseFileyE4readEv
                0x080059fa        0xa .pio/build/bluepill_f103c8_128k/src/main.cpp.o
                0x080059fa                StreamFile<FsBaseFile, unsigned long long>::read()
 .text._ZN10FsBaseFile5writeEPKvj
                0x08005a04       0x14 .pio/build/bluepill_f103c8_128k/src/main.cpp.o
                0x08005a04                FsBaseFile::write(void const*, unsigned int)
 .text._ZN10StreamFileI10FsBaseFileyE5writeEPKhj
                0x08005a18        0xa .pio/build/bluepill_f103c8_128k/src/main.cpp.o
                0x08005a18                StreamFile<FsBaseFile, unsigned long long>::write(unsigned char const*, unsigned int)
 .text._ZN10StreamFileI10FsBaseFileyE5writeEh
                0x08005a22       0x18 .pio/build/bluepill_f103c8_128k/src/main.cpp.o
                0x08005a22                StreamFile<FsBaseFile, unsigned long long>::write(unsigned char)
 .text._Z6setLEDhhh
                0x08005a3a       0x22 .pio/build/bluepill_f103c8_128k/src/main.cpp.o
                0x08005a3a                setLED(unsigned char, unsigned char, unsigned char)
 .text._Z9updateLEDv
                0x08005a5c       0x30 .pio/build/bluepill_f103c8_128k/src/main.cpp.o
                0x08005a5c                updateLED()
 .text._Z18startupLedSequencev
                0x08005a8c       0x6a .pio/build/bluepill_f103c8_128k/src/main.cpp.o
                0x08005a8c                startupLedSequence()
 *fill*         0x08005af6        0x2 
 .text._Z11isGPSLockedv
                0x08005af8       0x40 .pio/build/bluepill_f103c8_128k/src/main.cpp.o
                0x08005af8                isGPSLocked()
 .text._Z7initADCv
                0x08005b38      0x108 .pio/build/bluepill_f103c8_128k/src/main.cpp.o
                0x08005b38                initADC()
 .text._Z7initBMEv
                0x08005c40       0x50 .pio/build/bluepill_f103c8_128k/src/main.cpp.o
                0x08005c40                initBME()
 .text._Z6initSDv
                0x08005c90       0x48 .pio/build/bluepill_f103c8_128k/src/main.cpp.o
                0x08005c90                initSD()
 .text._Z11testSDwritev
                0x08005cd8      0x110 .pio/build/bluepill_f103c8_128k/src/main.cpp.o
                0x08005cd8                testSDwrite()
 .text._ZN14CircularBufferI8LogEntryLj10EE4pushERKS0_
                0x08005de8       0x3a .pio/build/bluepill_f103c8_128k/src/main.cpp.o
                0x08005de8                CircularBuffer<LogEntry, 10u>::push(LogEntry const&)
 *fill*         0x08005e22        0x6 
 .text._Z16logLowFreqFieldsv
                0x08005e28      0x1dc .pio/build/bluepill_f103c8_128k/src/main.cpp.o
                0x08005e28                logLowFreqFields()
 .text._Z6adcISRv
                0x08006004      0x128 .pio/build/bluepill_f103c8_128k/src/main.cpp.o
                0x08006004                adcISR()
 .text._ZNSt8functionIFvvEEC2IRS0_vEEOT_
                0x0800612c       0x18 .pio/build/bluepill_f103c8_128k/src/main.cpp.o
                0x0800612c                std::function<void ()>::function<void (&)(), void>(void (&)())
                0x0800612c                std::function<void ()>::function<void (&)(), void>(void (&)())
 .text._Z20rolloverFileIfNeededv
                0x08006144      0x17c .pio/build/bluepill_f103c8_128k/src/main.cpp.o
                0x08006144                rolloverFileIfNeeded()
 .text._Z8flushLogv
                0x080062c0      0x200 .pio/build/bluepill_f103c8_128k/src/main.cpp.o
                0x080062c0                flushLog()
 .text.startup._GLOBAL__sub_I_SerDebug
                0x080064c0       0xb0 .pio/build/bluepill_f103c8_128k/src/main.cpp.o
 .text.exit._GLOBAL__sub_D_SerDebug
                0x08006570       0x14 .pio/build/bluepill_f103c8_128k/src/main.cpp.o
 .text._Z7pollGPSv
                0x08006584       0xa0 .pio/build/bluepill_f103c8_128k/src/main.cpp.o
                0x08006584                pollGPS()
 .text.loop     0x08006624       0x34 .pio/build/bluepill_f103c8_128k/src/main.cpp.o
                0x08006624                loop
 .text._Z7initIMUv
                0x08006658       0x24 .pio/build/bluepill_f103c8_128k/src/main.cpp.o
                0x08006658                initIMU()
 .text._Z7sendUBXPKht
                0x0800667c       0x44 .pio/build/bluepill_f103c8_128k/src/main.cpp.o
                0x0800667c                sendUBX(unsigned char const*, unsigned short)
 .text._Z8readNav5Rh
                0x080066c0       0xfc .pio/build/bluepill_f103c8_128k/src/main.cpp.o
                0x080066c0                readNav5(unsigned char&)
 .text._Z7initGPSv
                0x080067bc      0x154 .pio/build/bluepill_f103c8_128k/src/main.cpp.o
                0x080067bc                initGPS()
 .text.setup    0x08006910      0x2c0 .pio/build/bluepill_f103c8_128k/src/main.cpp.o
                0x08006910                setup
 .text._ZN8SPIClassC2Emmmm
                0x08006bd0      0x128 .pio/build/bluepill_f103c8_128k/lib36a/libSPI.a(SPI.cpp.o)
                0x08006bd0                SPIClass::SPIClass(unsigned long, unsigned long, unsigned long, unsigned long)
                0x08006bd0                SPIClass::SPIClass(unsigned long, unsigned long, unsigned long, unsigned long)
 .text._ZN8SPIClass5beginEv
                0x08006cf8       0x20 .pio/build/bluepill_f103c8_128k/lib36a/libSPI.a(SPI.cpp.o)
                0x08006cf8                SPIClass::begin()
 .text._ZN8SPIClass16beginTransactionE11SPISettings
                0x08006d18       0x42 .pio/build/bluepill_f103c8_128k/lib36a/libSPI.a(SPI.cpp.o)
                0x08006d18                SPIClass::beginTransaction(SPISettings)
 .text._ZN8SPIClass14endTransactionEv
                0x08006d5a        0x2 .pio/build/bluepill_f103c8_128k/lib36a/libSPI.a(SPI.cpp.o)
                0x08006d5a                SPIClass::endTransaction()
 .text._ZN8SPIClass8transferEhb
                0x08006d5c       0x24 .pio/build/bluepill_f103c8_128k/lib36a/libSPI.a(SPI.cpp.o)
                0x08006d5c                SPIClass::transfer(unsigned char, bool)
 .text._ZN8SPIClass10transfer16Etb
                0x08006d80       0x42 .pio/build/bluepill_f103c8_128k/lib36a/libSPI.a(SPI.cpp.o)
                0x08006d80                SPIClass::transfer16(unsigned short, bool)
 .text._ZN8SPIClass8transferEPvjb
                0x08006dc2        0xe .pio/build/bluepill_f103c8_128k/lib36a/libSPI.a(SPI.cpp.o)
                0x08006dc2                SPIClass::transfer(void*, unsigned int, bool)
 .text.startup._GLOBAL__sub_I_SPI
                0x08006dd0       0x1c .pio/build/bluepill_f103c8_128k/lib36a/libSPI.a(SPI.cpp.o)
 .text.LL_GPIO_SetPinMode
                0x08006dec       0x2c .pio/build/bluepill_f103c8_128k/lib36a/libSPI.a(spi_com.c.o)
 .text.spi_getClkFreqInst
                0x08006e18       0x2c .pio/build/bluepill_f103c8_128k/lib36a/libSPI.a(spi_com.c.o)
                0x08006e18                spi_getClkFreqInst
 .text.spi_init
                0x08006e44      0x268 .pio/build/bluepill_f103c8_128k/lib36a/libSPI.a(spi_com.c.o)
                0x08006e44                spi_init
 .text.spi_transfer
                0x080070ac       0x5e .pio/build/bluepill_f103c8_128k/lib36a/libSPI.a(spi_com.c.o)
                0x080070ac                spi_transfer
 .text._ZN9ADS131M04C2Ev
                0x0800710a        0x2 .pio/build/bluepill_f103c8_128k/lib058/libArduino-ADS131M04-master.a(ADS131M04.cpp.o)
                0x0800710a                ADS131M04::ADS131M04()
                0x0800710a                ADS131M04::ADS131M04()
 .text._ZN9ADS131M0413writeRegisterEht
                0x0800710c      0x164 .pio/build/bluepill_f103c8_128k/lib058/libArduino-ADS131M04-master.a(ADS131M04.cpp.o)
                0x0800710c                ADS131M04::writeRegister(unsigned char, unsigned short)
 .text._ZN9ADS131M0412readRegisterEh
                0x08007270      0x14c .pio/build/bluepill_f103c8_128k/lib058/libArduino-ADS131M04-master.a(ADS131M04.cpp.o)
                0x08007270                ADS131M04::readRegister(unsigned char)
 .text._ZN9ADS131M0419writeRegisterMaskedEhtt
                0x080073bc       0x24 .pio/build/bluepill_f103c8_128k/lib058/libArduino-ADS131M04-master.a(ADS131M04.cpp.o)
                0x080073bc                ADS131M04::writeRegisterMasked(unsigned char, unsigned short, unsigned short)
 .text._ZN9ADS131M045beginEhhhhh
                0x080073e0       0x4c .pio/build/bluepill_f103c8_128k/lib058/libArduino-ADS131M04-master.a(ADS131M04.cpp.o)
                0x080073e0                ADS131M04::begin(unsigned char, unsigned char, unsigned char, unsigned char, unsigned char)
 .text._ZN9ADS131M046setOsrEt
                0x0800742c       0x1a .pio/build/bluepill_f103c8_128k/lib058/libArduino-ADS131M04-master.a(ADS131M04.cpp.o)
                0x0800742c                ADS131M04::setOsr(unsigned short)
 .text._ZN9ADS131M0416setChannelEnableEht
                0x08007446       0x4c .pio/build/bluepill_f103c8_128k/lib058/libArduino-ADS131M04-master.a(ADS131M04.cpp.o)
                0x08007446                ADS131M04::setChannelEnable(unsigned char, unsigned short)
 .text._ZN9ADS131M0413setChannelPGAEht
                0x08007492       0x42 .pio/build/bluepill_f103c8_128k/lib058/libArduino-ADS131M04-master.a(ADS131M04.cpp.o)
                0x08007492                ADS131M04::setChannelPGA(unsigned char, unsigned short)
 .text._ZN9ADS131M0424setInputChannelSelectionEhh
                0x080074d4       0x2a .pio/build/bluepill_f103c8_128k/lib058/libArduino-ADS131M04-master.a(ADS131M04.cpp.o)
                0x080074d4                ADS131M04::setInputChannelSelection(unsigned char, unsigned char)
 *fill*         0x080074fe        0x2 
 .text._ZN9ADS131M047readADCEv
                0x08007500      0x178 .pio/build/bluepill_f103c8_128k/lib058/libArduino-ADS131M04-master.a(ADS131M04.cpp.o)
                0x08007500                ADS131M04::readADC()
 .text._ZN7TwoWire9availableEv
                0x08007678        0x8 .pio/build/bluepill_f103c8_128k/lib2dc/libWire.a(Wire.cpp.o)
                0x08007678                TwoWire::available()
 .text._ZN7TwoWire4readEv
                0x08007680       0x1a .pio/build/bluepill_f103c8_128k/lib2dc/libWire.a(Wire.cpp.o)
                0x08007680                TwoWire::read()
 .text._ZN7TwoWire4peekEv
                0x0800769a       0x12 .pio/build/bluepill_f103c8_128k/lib2dc/libWire.a(Wire.cpp.o)
                0x0800769a                TwoWire::peek()
 .text._ZN7TwoWire16onRequestServiceEP5i2c_s
                0x080076ac       0x16 .pio/build/bluepill_f103c8_128k/lib2dc/libWire.a(Wire.cpp.o)
                0x080076ac                TwoWire::onRequestService(i2c_s*)
 *fill*         0x080076c2        0x2 
 .text._ZN7TwoWireC2Emm
                0x080076c4       0xcc .pio/build/bluepill_f103c8_128k/lib2dc/libWire.a(Wire.cpp.o)
                0x080076c4                TwoWire::TwoWire(unsigned long, unsigned long)
                0x080076c4                TwoWire::TwoWire(unsigned long, unsigned long)
 .text._ZN7TwoWire3endEv
                0x08007790       0x28 .pio/build/bluepill_f103c8_128k/lib2dc/libWire.a(Wire.cpp.o)
                0x08007790                TwoWire::end()
 .text._ZN7TwoWireD2Ev
                0x080077b8       0x28 .pio/build/bluepill_f103c8_128k/lib2dc/libWire.a(Wire.cpp.o)
                0x080077b8                TwoWire::~TwoWire()
                0x080077b8                TwoWire::~TwoWire()
 .text._ZN7TwoWire8setClockEm
                0x080077e0       0x34 .pio/build/bluepill_f103c8_128k/lib2dc/libWire.a(Wire.cpp.o)
                0x080077e0                TwoWire::setClock(unsigned long)
 .text._ZN7TwoWire17beginTransmissionEh
                0x08007814       0x10 .pio/build/bluepill_f103c8_128k/lib2dc/libWire.a(Wire.cpp.o)
                0x08007814                TwoWire::beginTransmission(unsigned char)
 .text._ZN7TwoWire16allocateRxBufferEj
                0x08007824       0x24 .pio/build/bluepill_f103c8_128k/lib2dc/libWire.a(Wire.cpp.o)
                0x08007824                TwoWire::allocateRxBuffer(unsigned int)
 .text._ZN7TwoWire16onReceiveServiceEP5i2c_s
                0x08007848       0x4c .pio/build/bluepill_f103c8_128k/lib2dc/libWire.a(Wire.cpp.o)
                0x08007848                TwoWire::onReceiveService(i2c_s*)
 .text._ZN7TwoWire16allocateTxBufferEj
                0x08007894       0x32 .pio/build/bluepill_f103c8_128k/lib2dc/libWire.a(Wire.cpp.o)
                0x08007894                TwoWire::allocateTxBuffer(unsigned int)
 .text._ZN7TwoWire5writeEh
                0x080078c6       0x42 .pio/build/bluepill_f103c8_128k/lib2dc/libWire.a(Wire.cpp.o)
                0x080078c6                TwoWire::write(unsigned char)
 .text._ZN7TwoWire5writeEPKhj
                0x08007908       0x42 .pio/build/bluepill_f103c8_128k/lib2dc/libWire.a(Wire.cpp.o)
                0x08007908                TwoWire::write(unsigned char const*, unsigned int)
 .text._ZN7TwoWire13resetRxBufferEv
                0x0800794a       0x10 .pio/build/bluepill_f103c8_128k/lib2dc/libWire.a(Wire.cpp.o)
                0x0800794a                TwoWire::resetRxBuffer()
 .text._ZN7TwoWire13resetTxBufferEv
                0x0800795a       0x10 .pio/build/bluepill_f103c8_128k/lib2dc/libWire.a(Wire.cpp.o)
                0x0800795a                TwoWire::resetTxBuffer()
 .text._ZN7TwoWire15endTransmissionEh
                0x0800796a       0x46 .pio/build/bluepill_f103c8_128k/lib2dc/libWire.a(Wire.cpp.o)
                0x0800796a                TwoWire::endTransmission(unsigned char)
 .text._ZN7TwoWire11requestFromEhhmhh
                0x080079b0       0x94 .pio/build/bluepill_f103c8_128k/lib2dc/libWire.a(Wire.cpp.o)
                0x080079b0                TwoWire::requestFrom(unsigned char, unsigned char, unsigned long, unsigned char, unsigned char)
 .text._ZN7TwoWire11requestFromEhhh
                0x08007a44       0x12 .pio/build/bluepill_f103c8_128k/lib2dc/libWire.a(Wire.cpp.o)
                0x08007a44                TwoWire::requestFrom(unsigned char, unsigned char, unsigned char)
 .text._ZN7TwoWire11requestFromEhh
                0x08007a56        0x6 .pio/build/bluepill_f103c8_128k/lib2dc/libWire.a(Wire.cpp.o)
                0x08007a56                TwoWire::requestFrom(unsigned char, unsigned char)
 .text._ZN7TwoWire15endTransmissionEv
                0x08007a5c        0x6 .pio/build/bluepill_f103c8_128k/lib2dc/libWire.a(Wire.cpp.o)
                0x08007a5c                TwoWire::endTransmission()
 .text._ZN7TwoWire5flushEv
                0x08007a62       0x18 .pio/build/bluepill_f103c8_128k/lib2dc/libWire.a(Wire.cpp.o)
                0x08007a62                TwoWire::flush()
 *fill*         0x08007a7a        0x2 
 .text._ZN7TwoWire10recoverBusEv
                0x08007a7c       0xd0 .pio/build/bluepill_f103c8_128k/lib2dc/libWire.a(Wire.cpp.o)
                0x08007a7c                TwoWire::recoverBus()
 .text._ZN7TwoWire5beginEhbb
                0x08007b4c       0x98 .pio/build/bluepill_f103c8_128k/lib2dc/libWire.a(Wire.cpp.o)
                0x08007b4c                TwoWire::begin(unsigned char, bool, bool)
 .text._ZN7TwoWire5beginEb
                0x08007be4        0xa .pio/build/bluepill_f103c8_128k/lib2dc/libWire.a(Wire.cpp.o)
                0x08007be4                TwoWire::begin(bool)
 *fill*         0x08007bee        0x2 
 .text.startup._GLOBAL__sub_I__ZN7TwoWireC2Emm
                0x08007bf0       0x10 .pio/build/bluepill_f103c8_128k/lib2dc/libWire.a(Wire.cpp.o)
 .text.exit._GLOBAL__sub_D__ZN7TwoWireC2Emm
                0x08007c00        0xc .pio/build/bluepill_f103c8_128k/lib2dc/libWire.a(Wire.cpp.o)
 .text.i2c_init
                0x08007c0c      0x170 .pio/build/bluepill_f103c8_128k/lib2dc/libWire.a(twi.c.o)
                0x08007c0c                i2c_init
 .text.i2c_deinit
                0x08007d7c       0x7c .pio/build/bluepill_f103c8_128k/lib2dc/libWire.a(twi.c.o)
                0x08007d7c                i2c_deinit
 .text.i2c_setTiming
                0x08007df8       0x60 .pio/build/bluepill_f103c8_128k/lib2dc/libWire.a(twi.c.o)
                0x08007df8                i2c_setTiming
 .text.i2c_slave_write_IT
                0x08007e58       0x34 .pio/build/bluepill_f103c8_128k/lib2dc/libWire.a(twi.c.o)
                0x08007e58                i2c_slave_write_IT
 .text.i2c_master_read
                0x08007e8c       0x8e .pio/build/bluepill_f103c8_128k/lib2dc/libWire.a(twi.c.o)
                0x08007e8c                i2c_master_read
 .text.i2c_IsDeviceReady
                0x08007f1a       0x40 .pio/build/bluepill_f103c8_128k/lib2dc/libWire.a(twi.c.o)
                0x08007f1a                i2c_IsDeviceReady
 .text.i2c_master_write
                0x08007f5a       0xa2 .pio/build/bluepill_f103c8_128k/lib2dc/libWire.a(twi.c.o)
                0x08007f5a                i2c_master_write
 .text.i2c_attachSlaveRxEvent
                0x08007ffc        0xe .pio/build/bluepill_f103c8_128k/lib2dc/libWire.a(twi.c.o)
                0x08007ffc                i2c_attachSlaveRxEvent
 .text.i2c_attachSlaveTxEvent
                0x0800800a        0xe .pio/build/bluepill_f103c8_128k/lib2dc/libWire.a(twi.c.o)
                0x0800800a                i2c_attachSlaveTxEvent
 .text.HAL_I2C_AddrCallback
                0x08008018       0x68 .pio/build/bluepill_f103c8_128k/lib2dc/libWire.a(twi.c.o)
                0x08008018                HAL_I2C_AddrCallback
 .text.HAL_I2C_ListenCpltCallback
                0x08008080       0x2a .pio/build/bluepill_f103c8_128k/lib2dc/libWire.a(twi.c.o)
                0x08008080                HAL_I2C_ListenCpltCallback
 .text.HAL_I2C_SlaveRxCpltCallback
                0x080080aa       0x24 .pio/build/bluepill_f103c8_128k/lib2dc/libWire.a(twi.c.o)
                0x080080aa                HAL_I2C_SlaveRxCpltCallback
 .text.HAL_I2C_SlaveTxCpltCallback
                0x080080ce        0x8 .pio/build/bluepill_f103c8_128k/lib2dc/libWire.a(twi.c.o)
                0x080080ce                HAL_I2C_SlaveTxCpltCallback
 .text.HAL_I2C_ErrorCallback
                0x080080d6        0xc .pio/build/bluepill_f103c8_128k/lib2dc/libWire.a(twi.c.o)
                0x080080d6                HAL_I2C_ErrorCallback
 *fill*         0x080080e2        0x2 
 .text.I2C1_EV_IRQHandler
                0x080080e4        0xc .pio/build/bluepill_f103c8_128k/lib2dc/libWire.a(twi.c.o)
                0x080080e4                I2C1_EV_IRQHandler
 .text.I2C1_ER_IRQHandler
                0x080080f0        0xc .pio/build/bluepill_f103c8_128k/lib2dc/libWire.a(twi.c.o)
                0x080080f0                I2C1_ER_IRQHandler
 .text.I2C2_EV_IRQHandler
                0x080080fc        0xc .pio/build/bluepill_f103c8_128k/lib2dc/libWire.a(twi.c.o)
                0x080080fc                I2C2_EV_IRQHandler
 .text.I2C2_ER_IRQHandler
                0x08008108        0xc .pio/build/bluepill_f103c8_128k/lib2dc/libWire.a(twi.c.o)
                0x08008108                I2C2_ER_IRQHandler
 .text._ZL10delay_usecmPv
                0x08008114       0x2c .pio/build/bluepill_f103c8_128k/libcd5/libAdafruit_BME680.a(Adafruit_BME680.cpp.o)
 .text._ZL9spi_writehPKhmPv
                0x08008140       0x1e .pio/build/bluepill_f103c8_128k/libcd5/libAdafruit_BME680.a(Adafruit_BME680.cpp.o)
 .text._ZL8spi_readhPhmPv
                0x0800815e       0x28 .pio/build/bluepill_f103c8_128k/libcd5/libAdafruit_BME680.a(Adafruit_BME680.cpp.o)
 .text._ZL9i2c_writehPKhmPv
                0x08008186       0x20 .pio/build/bluepill_f103c8_128k/libcd5/libAdafruit_BME680.a(Adafruit_BME680.cpp.o)
 .text._ZL8i2c_readhPhmPv
                0x080081a6       0x26 .pio/build/bluepill_f103c8_128k/libcd5/libAdafruit_BME680.a(Adafruit_BME680.cpp.o)
 .text._ZN15Adafruit_BME680C2EP7TwoWire
                0x080081cc        0xe .pio/build/bluepill_f103c8_128k/libcd5/libAdafruit_BME680.a(Adafruit_BME680.cpp.o)
                0x080081cc                Adafruit_BME680::Adafruit_BME680(TwoWire*)
                0x080081cc                Adafruit_BME680::Adafruit_BME680(TwoWire*)
 .text._ZN15Adafruit_BME68012beginReadingEv
                0x080081da       0x4a .pio/build/bluepill_f103c8_128k/libcd5/libAdafruit_BME680.a(Adafruit_BME680.cpp.o)
                0x080081da                Adafruit_BME680::beginReading()
 .text._ZN15Adafruit_BME68022remainingReadingMillisEv
                0x08008224       0x1c .pio/build/bluepill_f103c8_128k/libcd5/libAdafruit_BME680.a(Adafruit_BME680.cpp.o)
                0x08008224                Adafruit_BME680::remainingReadingMillis()
 .text._ZN15Adafruit_BME68010endReadingEv
                0x08008240       0x6e .pio/build/bluepill_f103c8_128k/libcd5/libAdafruit_BME680.a(Adafruit_BME680.cpp.o)
                0x08008240                Adafruit_BME680::endReading()
 .text._ZN15Adafruit_BME68014performReadingEv
                0x080082ae        0x4 .pio/build/bluepill_f103c8_128k/libcd5/libAdafruit_BME680.a(Adafruit_BME680.cpp.o)
                0x080082ae                Adafruit_BME680::performReading()
 .text._ZN15Adafruit_BME68012readPressureEv
                0x080082b2       0x10 .pio/build/bluepill_f103c8_128k/libcd5/libAdafruit_BME680.a(Adafruit_BME680.cpp.o)
                0x080082b2                Adafruit_BME680::readPressure()
 .text._ZN15Adafruit_BME68012setGasHeaterEtt
                0x080082c2       0x32 .pio/build/bluepill_f103c8_128k/libcd5/libAdafruit_BME680.a(Adafruit_BME680.cpp.o)
                0x080082c2                Adafruit_BME680::setGasHeater(unsigned short, unsigned short)
 .text._ZN15Adafruit_BME6806setODREh
                0x080082f4       0x20 .pio/build/bluepill_f103c8_128k/libcd5/libAdafruit_BME680.a(Adafruit_BME680.cpp.o)
                0x080082f4                Adafruit_BME680::setODR(unsigned char)
 .text._ZN15Adafruit_BME68026setTemperatureOversamplingEh
                0x08008314       0x20 .pio/build/bluepill_f103c8_128k/libcd5/libAdafruit_BME680.a(Adafruit_BME680.cpp.o)
                0x08008314                Adafruit_BME680::setTemperatureOversampling(unsigned char)
 .text._ZN15Adafruit_BME68023setHumidityOversamplingEh
                0x08008334       0x20 .pio/build/bluepill_f103c8_128k/libcd5/libAdafruit_BME680.a(Adafruit_BME680.cpp.o)
                0x08008334                Adafruit_BME680::setHumidityOversampling(unsigned char)
 .text._ZN15Adafruit_BME68023setPressureOversamplingEh
                0x08008354       0x20 .pio/build/bluepill_f103c8_128k/libcd5/libAdafruit_BME680.a(Adafruit_BME680.cpp.o)
                0x08008354                Adafruit_BME680::setPressureOversampling(unsigned char)
 .text._ZN15Adafruit_BME68016setIIRFilterSizeEh
                0x08008374       0x20 .pio/build/bluepill_f103c8_128k/libcd5/libAdafruit_BME680.a(Adafruit_BME680.cpp.o)
                0x08008374                Adafruit_BME680::setIIRFilterSize(unsigned char)
 .text._ZN15Adafruit_BME6805beginEhb
                0x08008394       0xe0 .pio/build/bluepill_f103c8_128k/libcd5/libAdafruit_BME680.a(Adafruit_BME680.cpp.o)
                0x08008394                Adafruit_BME680::begin(unsigned char, bool)
 .text.calc_temperature
                0x08008474       0x9c .pio/build/bluepill_f103c8_128k/libcd5/libAdafruit_BME680.a(bme68x.c.o)
 .text.calc_pressure
                0x08008510      0x1c0 .pio/build/bluepill_f103c8_128k/libcd5/libAdafruit_BME680.a(bme68x.c.o)
 .text.calc_humidity
                0x080086d0      0x120 .pio/build/bluepill_f103c8_128k/libcd5/libAdafruit_BME680.a(bme68x.c.o)
 .text.calc_res_heat
                0x080087f0      0x10c .pio/build/bluepill_f103c8_128k/libcd5/libAdafruit_BME680.a(bme68x.c.o)
 .text.null_ptr_check
                0x080088fc       0x1c .pio/build/bluepill_f103c8_128k/libcd5/libAdafruit_BME680.a(bme68x.c.o)
 .text.boundary_check
                0x08008918       0x28 .pio/build/bluepill_f103c8_128k/libcd5/libAdafruit_BME680.a(bme68x.c.o)
 .text.set_mem_page
                0x08008940       0x6e .pio/build/bluepill_f103c8_128k/libcd5/libAdafruit_BME680.a(bme68x.c.o)
 .text.get_mem_page
                0x080089ae       0x32 .pio/build/bluepill_f103c8_128k/libcd5/libAdafruit_BME680.a(bme68x.c.o)
 .text.calc_gas_resistance_low.isra.0
                0x080089e0       0xec .pio/build/bluepill_f103c8_128k/libcd5/libAdafruit_BME680.a(bme68x.c.o)
 .text.bme68x_set_regs
                0x08008acc       0x94 .pio/build/bluepill_f103c8_128k/libcd5/libAdafruit_BME680.a(bme68x.c.o)
                0x08008acc                bme68x_set_regs
 .text.bme68x_get_regs
                0x08008b60       0x50 .pio/build/bluepill_f103c8_128k/libcd5/libAdafruit_BME680.a(bme68x.c.o)
                0x08008b60                bme68x_get_regs
 .text.bme68x_soft_reset
                0x08008bb0       0x60 .pio/build/bluepill_f103c8_128k/libcd5/libAdafruit_BME680.a(bme68x.c.o)
                0x08008bb0                bme68x_soft_reset
 .text.bme68x_init
                0x08008c10      0x136 .pio/build/bluepill_f103c8_128k/libcd5/libAdafruit_BME680.a(bme68x.c.o)
                0x08008c10                bme68x_init
 .text.bme68x_set_op_mode
                0x08008d46       0x7a .pio/build/bluepill_f103c8_128k/libcd5/libAdafruit_BME680.a(bme68x.c.o)
                0x08008d46                bme68x_set_op_mode
 .text.bme68x_get_op_mode
                0x08008dc0       0x28 .pio/build/bluepill_f103c8_128k/libcd5/libAdafruit_BME680.a(bme68x.c.o)
                0x08008dc0                bme68x_get_op_mode
 .text.bme68x_set_conf
                0x08008de8      0x138 .pio/build/bluepill_f103c8_128k/libcd5/libAdafruit_BME680.a(bme68x.c.o)
                0x08008de8                bme68x_set_conf
 .text.bme68x_get_meas_dur
                0x08008f20       0x84 .pio/build/bluepill_f103c8_128k/libcd5/libAdafruit_BME680.a(bme68x.c.o)
                0x08008f20                bme68x_get_meas_dur
 .text.bme68x_get_data
                0x08008fa4      0x40c .pio/build/bluepill_f103c8_128k/libcd5/libAdafruit_BME680.a(bme68x.c.o)
                0x08008fa4                bme68x_get_data
 .text.bme68x_set_heatr_conf
                0x080093b0      0x260 .pio/build/bluepill_f103c8_128k/libcd5/libAdafruit_BME680.a(bme68x.c.o)
                0x080093b0                bme68x_set_heatr_conf
 .text._Z19ICM_20948_write_I2ChPhmPv
                0x08009610       0x3c .pio/build/bluepill_f103c8_128k/libeeb/libSparkFun_ICM-20948.a(ICM_20948.cpp.o)
                0x08009610                ICM_20948_write_I2C(unsigned char, unsigned char*, unsigned long, void*)
 .text._Z18ICM_20948_read_I2ChPhmPv
                0x0800964c       0x62 .pio/build/bluepill_f103c8_128k/libeeb/libSparkFun_ICM-20948.a(ICM_20948.cpp.o)
                0x0800964c                ICM_20948_read_I2C(unsigned char, unsigned char*, unsigned long, void*)
 .text._ZZN9ICM_2094812debugPrintlnEPK19__FlashStringHelperENUlPKcE_4_FUNES4_
                0x080096ae        0x4 .pio/build/bluepill_f103c8_128k/libeeb/libSparkFun_ICM-20948.a(ICM_20948.cpp.o)
 .text._ZZN9ICM_2094810debugPrintEPK19__FlashStringHelperENUlPKcE_4_FUNES4_
                0x080096b2        0x4 .pio/build/bluepill_f103c8_128k/libeeb/libSparkFun_ICM-20948.a(ICM_20948.cpp.o)
 .text._ZN9ICM_20948C2Ev
                0x080096b6       0x18 .pio/build/bluepill_f103c8_128k/libeeb/libSparkFun_ICM-20948.a(ICM_20948.cpp.o)
                0x080096b6                ICM_20948::ICM_20948()
                0x080096b6                ICM_20948::ICM_20948()
 .text._ZN9ICM_2094812doDebugPrintEPFcPKcES1_b
                0x080096ce       0x30 .pio/build/bluepill_f103c8_128k/libeeb/libSparkFun_ICM-20948.a(ICM_20948.cpp.o)
                0x080096ce                ICM_20948::doDebugPrint(char (*)(char const*), char const*, bool)
 *fill*         0x080096fe        0x2 
 .text._ZN9ICM_2094810debugPrintEPK19__FlashStringHelper
                0x08009700       0x10 .pio/build/bluepill_f103c8_128k/libeeb/libSparkFun_ICM-20948.a(ICM_20948.cpp.o)
                0x08009700                ICM_20948::debugPrint(__FlashStringHelper const*)
 .text._ZN9ICM_2094812debugPrintlnEPK19__FlashStringHelper
                0x08009710       0x10 .pio/build/bluepill_f103c8_128k/libeeb/libSparkFun_ICM-20948.a(ICM_20948.cpp.o)
                0x08009710                ICM_20948::debugPrintln(__FlashStringHelper const*)
 .text._ZN9ICM_2094811debugPrintfEi
                0x08009720        0xe .pio/build/bluepill_f103c8_128k/libeeb/libSparkFun_ICM-20948.a(ICM_20948.cpp.o)
                0x08009720                ICM_20948::debugPrintf(int)
 *fill*         0x0800972e        0x2 
 .text._ZN9ICM_2094816debugPrintStatusE18ICM_20948_Status_e
                0x08009730       0xa4 .pio/build/bluepill_f103c8_128k/libeeb/libSparkFun_ICM-20948.a(ICM_20948.cpp.o)
                0x08009730                ICM_20948::debugPrintStatus(ICM_20948_Status_e)
 .text._ZN9ICM_209487getAGMTEv
                0x080097d4       0x32 .pio/build/bluepill_f103c8_128k/libeeb/libSparkFun_ICM-20948.a(ICM_20948.cpp.o)
                0x080097d4                ICM_20948::getAGMT()
 *fill*         0x08009806        0x2 
 .text._ZN9ICM_209484magXEv
                0x08009808       0x28 .pio/build/bluepill_f103c8_128k/libeeb/libSparkFun_ICM-20948.a(ICM_20948.cpp.o)
                0x08009808                ICM_20948::magX()
 .text._ZN9ICM_209484magYEv
                0x08009830       0x28 .pio/build/bluepill_f103c8_128k/libeeb/libSparkFun_ICM-20948.a(ICM_20948.cpp.o)
                0x08009830                ICM_20948::magY()
 .text._ZN9ICM_209484magZEv
                0x08009858       0x28 .pio/build/bluepill_f103c8_128k/libeeb/libSparkFun_ICM-20948.a(ICM_20948.cpp.o)
                0x08009858                ICM_20948::magZ()
 .text._ZN9ICM_209488getAccMGEs
                0x08009880       0x88 .pio/build/bluepill_f103c8_128k/libeeb/libSparkFun_ICM-20948.a(ICM_20948.cpp.o)
                0x08009880                ICM_20948::getAccMG(short)
 .text._ZN9ICM_209484accXEv
                0x08009908        0x8 .pio/build/bluepill_f103c8_128k/libeeb/libSparkFun_ICM-20948.a(ICM_20948.cpp.o)
                0x08009908                ICM_20948::accX()
 .text._ZN9ICM_209484accYEv
                0x08009910        0x8 .pio/build/bluepill_f103c8_128k/libeeb/libSparkFun_ICM-20948.a(ICM_20948.cpp.o)
                0x08009910                ICM_20948::accY()
 .text._ZN9ICM_209484accZEv
                0x08009918        0x8 .pio/build/bluepill_f103c8_128k/libeeb/libSparkFun_ICM-20948.a(ICM_20948.cpp.o)
                0x08009918                ICM_20948::accZ()
 .text._ZN9ICM_209489getGyrDPSEs
                0x08009920       0x78 .pio/build/bluepill_f103c8_128k/libeeb/libSparkFun_ICM-20948.a(ICM_20948.cpp.o)
                0x08009920                ICM_20948::getGyrDPS(short)
 .text._ZN9ICM_209484gyrXEv
                0x08009998        0x8 .pio/build/bluepill_f103c8_128k/libeeb/libSparkFun_ICM-20948.a(ICM_20948.cpp.o)
                0x08009998                ICM_20948::gyrX()
 .text._ZN9ICM_209484gyrYEv
                0x080099a0        0x8 .pio/build/bluepill_f103c8_128k/libeeb/libSparkFun_ICM-20948.a(ICM_20948.cpp.o)
                0x080099a0                ICM_20948::gyrY()
 .text._ZN9ICM_209484gyrZEv
                0x080099a8        0x8 .pio/build/bluepill_f103c8_128k/libeeb/libSparkFun_ICM-20948.a(ICM_20948.cpp.o)
                0x080099a8                ICM_20948::gyrZ()
 .text._ZN9ICM_209487swResetEv
                0x080099b0       0x10 .pio/build/bluepill_f103c8_128k/libeeb/libSparkFun_ICM-20948.a(ICM_20948.cpp.o)
                0x080099b0                ICM_20948::swReset()
 .text._ZN9ICM_209485sleepEb
                0x080099c0       0x10 .pio/build/bluepill_f103c8_128k/libeeb/libSparkFun_ICM-20948.a(ICM_20948.cpp.o)
                0x080099c0                ICM_20948::sleep(bool)
 .text._ZN9ICM_209488lowPowerEb
                0x080099d0       0x10 .pio/build/bluepill_f103c8_128k/libeeb/libSparkFun_ICM-20948.a(ICM_20948.cpp.o)
                0x080099d0                ICM_20948::lowPower(bool)
 .text._ZN9ICM_209487checkIDEv
                0x080099e0       0x38 .pio/build/bluepill_f103c8_128k/libeeb/libSparkFun_ICM-20948.a(ICM_20948.cpp.o)
                0x080099e0                ICM_20948::checkID()
 .text._ZN9ICM_2094813setSampleModeEhh
                0x08009a18       0x1a .pio/build/bluepill_f103c8_128k/libeeb/libSparkFun_ICM-20948.a(ICM_20948.cpp.o)
                0x08009a18                ICM_20948::setSampleMode(unsigned char, unsigned char)
 .text._ZN9ICM_2094812setFullScaleEh15ICM_20948_fss_t
                0x08009a32       0x10 .pio/build/bluepill_f103c8_128k/libeeb/libSparkFun_ICM-20948.a(ICM_20948.cpp.o)
                0x08009a32                ICM_20948::setFullScale(unsigned char, ICM_20948_fss_t)
 .text._ZN9ICM_2094810setDLPFcfgEh18ICM_20948_dlpcfg_t
                0x08009a42       0x18 .pio/build/bluepill_f103c8_128k/libeeb/libSparkFun_ICM-20948.a(ICM_20948.cpp.o)
                0x08009a42                ICM_20948::setDLPFcfg(unsigned char, ICM_20948_dlpcfg_t)
 .text._ZN9ICM_2094810enableDLPFEhb
                0x08009a5a       0x10 .pio/build/bluepill_f103c8_128k/libeeb/libSparkFun_ICM-20948.a(ICM_20948.cpp.o)
                0x08009a5a                ICM_20948::enableDLPF(unsigned char, bool)
 .text._ZN9ICM_2094820i2cMasterPassthroughEb
                0x08009a6a       0x10 .pio/build/bluepill_f103c8_128k/libeeb/libSparkFun_ICM-20948.a(ICM_20948.cpp.o)
                0x08009a6a                ICM_20948::i2cMasterPassthrough(bool)
 .text._ZN9ICM_2094815i2cMasterEnableEb
                0x08009a7a       0x10 .pio/build/bluepill_f103c8_128k/libeeb/libSparkFun_ICM-20948.a(ICM_20948.cpp.o)
                0x08009a7a                ICM_20948::i2cMasterEnable(bool)
 .text._ZN9ICM_2094814i2cMasterResetEv
                0x08009a8a       0x10 .pio/build/bluepill_f103c8_128k/libeeb/libSparkFun_ICM-20948.a(ICM_20948.cpp.o)
                0x08009a8a                ICM_20948::i2cMasterReset()
 .text._ZN9ICM_2094832i2cControllerConfigurePeripheralEhhhhbbbbbh
                0x08009a9a       0x40 .pio/build/bluepill_f103c8_128k/libeeb/libSparkFun_ICM-20948.a(ICM_20948.cpp.o)
                0x08009a9a                ICM_20948::i2cControllerConfigurePeripheral(unsigned char, unsigned char, unsigned char, unsigned char, bool, bool, bool, bool, bool, unsigned char)
 .text._ZN9ICM_2094816i2cMasterSingleWEhhh
                0x08009ada       0x1a .pio/build/bluepill_f103c8_128k/libeeb/libSparkFun_ICM-20948.a(ICM_20948.cpp.o)
                0x08009ada                ICM_20948::i2cMasterSingleW(unsigned char, unsigned char, unsigned char)
 .text._ZN9ICM_2094816i2cMasterSingleREhh
                0x08009af4       0x44 .pio/build/bluepill_f103c8_128k/libeeb/libSparkFun_ICM-20948.a(ICM_20948.cpp.o)
                0x08009af4                ICM_20948::i2cMasterSingleR(unsigned char, unsigned char)
 .text._ZN9ICM_209487readMagE18AK09916_Reg_Addr_e
                0x08009b38        0x8 .pio/build/bluepill_f103c8_128k/libeeb/libSparkFun_ICM-20948.a(ICM_20948.cpp.o)
                0x08009b38                ICM_20948::readMag(AK09916_Reg_Addr_e)
 .text._ZN9ICM_209488writeMagE18AK09916_Reg_Addr_ePh
                0x08009b40       0x14 .pio/build/bluepill_f103c8_128k/libeeb/libSparkFun_ICM-20948.a(ICM_20948.cpp.o)
                0x08009b40                ICM_20948::writeMag(AK09916_Reg_Addr_e, unsigned char*)
 .text._ZN9ICM_209488resetMagEv
                0x08009b54       0x14 .pio/build/bluepill_f103c8_128k/libeeb/libSparkFun_ICM-20948.a(ICM_20948.cpp.o)
                0x08009b54                ICM_20948::resetMag()
 .text._ZN13ICM_20948_I2CC2Ev
                0x08009b68       0x18 .pio/build/bluepill_f103c8_128k/libeeb/libSparkFun_ICM-20948.a(ICM_20948.cpp.o)
                0x08009b68                ICM_20948_I2C::ICM_20948_I2C()
                0x08009b68                ICM_20948_I2C::ICM_20948_I2C()
 .text._ZN9ICM_209489magWhoIAmEv
                0x08009b80       0xc4 .pio/build/bluepill_f103c8_128k/libeeb/libSparkFun_ICM-20948.a(ICM_20948.cpp.o)
                0x08009b80                ICM_20948::magWhoIAm()
 .text._ZN9ICM_2094819startupMagnetometerEb
                0x08009c44      0x114 .pio/build/bluepill_f103c8_128k/libeeb/libSparkFun_ICM-20948.a(ICM_20948.cpp.o)
                0x08009c44                ICM_20948::startupMagnetometer(bool)
 .text._ZN9ICM_2094814startupDefaultEb
                0x08009d58      0x11c .pio/build/bluepill_f103c8_128k/libeeb/libSparkFun_ICM-20948.a(ICM_20948.cpp.o)
                0x08009d58                ICM_20948::startupDefault(bool)
 .text._ZN13ICM_20948_I2C5beginER7TwoWirebh
                0x08009e74       0x98 .pio/build/bluepill_f103c8_128k/libeeb/libSparkFun_ICM-20948.a(ICM_20948.cpp.o)
                0x08009e74                ICM_20948_I2C::begin(TwoWire&, bool, unsigned char)
 .text.ICM_20948_init_struct
                0x08009f0c       0x14 .pio/build/bluepill_f103c8_128k/libeeb/libSparkFun_ICM-20948.a(ICM_20948_C.c.o)
                0x08009f0c                ICM_20948_init_struct
 .text.ICM_20948_execute_w
                0x08009f20       0x1e .pio/build/bluepill_f103c8_128k/libeeb/libSparkFun_ICM-20948.a(ICM_20948_C.c.o)
                0x08009f20                ICM_20948_execute_w
 .text.ICM_20948_execute_r
                0x08009f3e       0x1e .pio/build/bluepill_f103c8_128k/libeeb/libSparkFun_ICM-20948.a(ICM_20948_C.c.o)
                0x08009f3e                ICM_20948_execute_r
 .text.ICM_20948_set_bank
                0x08009f5c       0x2e .pio/build/bluepill_f103c8_128k/libeeb/libSparkFun_ICM-20948.a(ICM_20948_C.c.o)
                0x08009f5c                ICM_20948_set_bank
 .text.ICM_20948_i2c_controller_periph4_txn
                0x08009f8a      0x11e .pio/build/bluepill_f103c8_128k/libeeb/libSparkFun_ICM-20948.a(ICM_20948_C.c.o)
                0x08009f8a                ICM_20948_i2c_controller_periph4_txn
 .text.ICM_20948_i2c_master_single_w
                0x0800a0a8       0x16 .pio/build/bluepill_f103c8_128k/libeeb/libSparkFun_ICM-20948.a(ICM_20948_C.c.o)
                0x0800a0a8                ICM_20948_i2c_master_single_w
 .text.ICM_20948_i2c_master_single_r
                0x0800a0be       0x12 .pio/build/bluepill_f103c8_128k/libeeb/libSparkFun_ICM-20948.a(ICM_20948_C.c.o)
                0x0800a0be                ICM_20948_i2c_master_single_r
 .text.ICM_20948_sw_reset
                0x0800a0d0       0x34 .pio/build/bluepill_f103c8_128k/libeeb/libSparkFun_ICM-20948.a(ICM_20948_C.c.o)
                0x0800a0d0                ICM_20948_sw_reset
 .text.ICM_20948_sleep
                0x0800a104       0x36 .pio/build/bluepill_f103c8_128k/libeeb/libSparkFun_ICM-20948.a(ICM_20948_C.c.o)
                0x0800a104                ICM_20948_sleep
 .text.ICM_20948_low_power
                0x0800a13a       0x36 .pio/build/bluepill_f103c8_128k/libeeb/libSparkFun_ICM-20948.a(ICM_20948_C.c.o)
                0x0800a13a                ICM_20948_low_power
 .text.ICM_20948_get_who_am_i
                0x0800a170       0x22 .pio/build/bluepill_f103c8_128k/libeeb/libSparkFun_ICM-20948.a(ICM_20948_C.c.o)
                0x0800a170                ICM_20948_get_who_am_i
 .text.ICM_20948_check_id
                0x0800a192       0x24 .pio/build/bluepill_f103c8_128k/libeeb/libSparkFun_ICM-20948.a(ICM_20948_C.c.o)
                0x0800a192                ICM_20948_check_id
 .text.ICM_20948_set_sample_mode
                0x0800a1b6       0xc2 .pio/build/bluepill_f103c8_128k/libeeb/libSparkFun_ICM-20948.a(ICM_20948_C.c.o)
                0x0800a1b6                ICM_20948_set_sample_mode
 .text.ICM_20948_set_full_scale
                0x0800a278       0xda .pio/build/bluepill_f103c8_128k/libeeb/libSparkFun_ICM-20948.a(ICM_20948_C.c.o)
                0x0800a278                ICM_20948_set_full_scale
 .text.ICM_20948_set_dlpf_cfg
                0x0800a352       0xda .pio/build/bluepill_f103c8_128k/libeeb/libSparkFun_ICM-20948.a(ICM_20948_C.c.o)
                0x0800a352                ICM_20948_set_dlpf_cfg
 .text.ICM_20948_enable_dlpf
                0x0800a42c       0xd4 .pio/build/bluepill_f103c8_128k/libeeb/libSparkFun_ICM-20948.a(ICM_20948_C.c.o)
                0x0800a42c                ICM_20948_enable_dlpf
 .text.ICM_20948_i2c_master_passthrough
                0x0800a500       0x38 .pio/build/bluepill_f103c8_128k/libeeb/libSparkFun_ICM-20948.a(ICM_20948_C.c.o)
                0x0800a500                ICM_20948_i2c_master_passthrough
 .text.ICM_20948_i2c_master_enable
                0x0800a538       0x78 .pio/build/bluepill_f103c8_128k/libeeb/libSparkFun_ICM-20948.a(ICM_20948_C.c.o)
                0x0800a538                ICM_20948_i2c_master_enable
 .text.ICM_20948_i2c_master_reset
                0x0800a5b0       0x36 .pio/build/bluepill_f103c8_128k/libeeb/libSparkFun_ICM-20948.a(ICM_20948_C.c.o)
                0x0800a5b0                ICM_20948_i2c_master_reset
 .text.ICM_20948_i2c_controller_configure_peripheral
                0x0800a5e6       0xb8 .pio/build/bluepill_f103c8_128k/libeeb/libSparkFun_ICM-20948.a(ICM_20948_C.c.o)
                0x0800a5e6                ICM_20948_i2c_controller_configure_peripheral
 .text.ICM_20948_get_agmt
                0x0800a69e       0xea .pio/build/bluepill_f103c8_128k/libeeb/libSparkFun_ICM-20948.a(ICM_20948_C.c.o)
                0x0800a69e                ICM_20948_get_agmt
 .text._ZN9ExFatFile5closeEv
                0x0800a788       0x14 .pio/build/bluepill_f103c8_128k/libc1e/libSdFat.a(ExFatFile.cpp.o)
                0x0800a788                ExFatFile::close()
 .text._ZN9ExFatFile8openRootEP11ExFatVolume
                0x0800a79c       0x26 .pio/build/bluepill_f103c8_128k/libc1e/libSdFat.a(ExFatFile.cpp.o)
                0x0800a79c                ExFatFile::openRoot(ExFatVolume*)
 *fill*         0x0800a7c2        0x2 
 .text._ZN9ExFatFile13parsePathNameEPKcP8ExName_tPS1_
                0x0800a7c4       0x84 .pio/build/bluepill_f103c8_128k/libc1e/libSdFat.a(ExFatFile.cpp.o)
                0x0800a7c4                ExFatFile::parsePathName(char const*, ExName_t*, char const**)
 .text._ZN9ExFatFile4readEPvj
                0x0800a848      0x174 .pio/build/bluepill_f103c8_128k/libc1e/libSdFat.a(ExFatFile.cpp.o)
                0x0800a848                ExFatFile::read(void*, unsigned int)
 .text._ZN9ExFatFile4peekEv
                0x0800a9bc       0x2a .pio/build/bluepill_f103c8_128k/libc1e/libSdFat.a(ExFatFile.cpp.o)
                0x0800a9bc                ExFatFile::peek()
 .text._ZN9ExFatFile7seekSetEy
                0x0800a9e6       0xdc .pio/build/bluepill_f103c8_128k/libc1e/libSdFat.a(ExFatFile.cpp.o)
                0x0800a9e6                ExFatFile::seekSet(unsigned long long)
 *fill*         0x0800aac2        0x2 
 .text._ZN9ExFatFile12openRootFileEPS_PKchi